******************************************************************************
                  TI ARM Linker PC v20.2.5                     
******************************************************************************
>> Linked Sat Oct 30 21:35:48 2021

OUTPUT FILE NAME:   <empty_EK_TM4C123GXL_TI.out>
ENTRY POINT SYMBOL: "_c_int00"  address: 000050c1


MEMORY CONFIGURATION

         name            origin    length      used     unused   attr    fill
----------------------  --------  ---------  --------  --------  ----  --------
  FLASH                 00000000   00040000  00009882  0003677e  R  X
  SRAM                  20000000   00008000  0000244e  00005bb2  RW X


SEGMENT ALLOCATION MAP

run origin  load origin   length   init length attrs members
----------  ----------- ---------- ----------- ----- -------
00000000    00000000    00009888   00009888    r-x
  00000000    00000000    0000003c   0000003c    r-- .resetVecs
  00000040    00000040    00007422   00007422    r-x .text
  00007464    00007464    00002184   00002184    r-- .const
  000095e8    000095e8    000002a0   000002a0    r-- .cinit
20000000    20000000    00002450   00000000    rw-
  20000000    20000000    00000360   00000000    rw- .vecs
  20000360    20000360    000017b6   00000000    rw- .bss
  20001b18    20001b18    00000638   00000000    rw- .data
  20002150    20002150    00000300   00000000    rw- .stack


SECTION ALLOCATION MAP

 output                                  attributes/
section   page    origin      length       input sections
--------  ----  ----------  ----------   ----------------
.text      0    00000040    00007422     
                  00000040    00000430     BIOS.obj (.text:ti_sysbios_family_arm_m3_Hwi_excDumpRegs__I)
                  00000470    0000034c     ti.targets.arm.rtsarm.aem4f : System.oem4f (.text:xdc_runtime_System_doPrint__I)
                  000007bc    0000030c     uartstdio.obj (.text:UARTvprintf)
                  00000ac8    000002d0     BIOS.obj (.text:ti_sysbios_knl_Semaphore_pend__E)
                  00000d98    0000026c     BIOS.obj (.text:ti_sysbios_heaps_HeapMem_free__E)
                  00001004    00000004     driverlib.lib : i2c.obj (.text:I2CMasterControl)
                  00001008    00000250     BIOS.obj (.text:ti_sysbios_heaps_HeapMem_alloc__E)
                  00001258    0000020c     drivers_tivaware.aem4f : UARTTiva.oem4f (.text:UARTTiva_open)
                  00001464    00000004     driverlib.lib : i2c.obj (.text:I2CMasterDataGet)
                  00001468    000001f4     BIOS.obj (.text:ti_sysbios_family_arm_m3_Hwi_excHandlerMax__I)
                  0000165c    00000004     driverlib.lib : i2c.obj (.text:I2CMasterDataPut)
                  00001660    000001f0     BIOS.obj (.text:ti_sysbios_knl_Task_sleep__E)
                  00001850    00000174     BIOS.obj (.text:ti_sysbios_family_arm_m3_Hwi_excBusFault__I)
                  000019c4    00000170     drivers_tivaware.aem4f : PWMTiva.oem4f (.text:PWMTiva_open)
                  00001b34    00000004     driverlib.lib : timer.obj (.text:TimerIntClear)
                  00001b38    00000164     BIOS.obj (.text:ti_sysbios_family_arm_m3_Hwi_excUsageFault__I)
                  00001c9c    00000150     drivers_tivaware.aem4f : GPIOTiva.oem4f (.text:GPIO_setConfig)
                  00001dec    00000004     driverlib.lib : uart.obj (.text:UARTIntClear)
                  00001df0    00000148     BIOS.obj (.text:ti_sysbios_family_arm_m3_Hwi_excMemFault__I)
                  00001f38    0000013c     BIOS.obj (.text:ti_sysbios_heaps_HeapMem_Instance_init__E)
                  00002074    00000004     rtsv7M4_T_le_v4SPD16_eabi.lib : exit.c.obj (.text:abort:abort)
                  00002078    00000134     BIOS.obj (.text:ti_sysbios_family_arm_lm4_Timer_start__E)
                  000021ac    00000130     driverlib.lib : gpio.obj (.text:GPIOPadConfigSet)
                  000022dc    00000004     empty_pem4f.oem4f (.text:ti_sysbios_BIOS_RtsGateProxy_enter__E)
                  000022e0    0000011c     BIOS.obj (.text:ti_sysbios_knl_Clock_Instance_init__E)
                  000023fc    00000118     ti.targets.arm.rtsarm.aem4f : Error.oem4f (.text:xdc_runtime_Error_policyDefault__E)
                  00002514    0000010c     driverlib.lib : sysctl.obj (.text:SysCtlClockGet)
                  00002620    00000100     Boot.aem4f : Boot_sysctl.oem4f (.text:ti_catalog_arm_cortexm4_tiva_ce_Boot_sysCtlClockSetI__I)
                  00002720    00000100     ti.targets.arm.rtsarm.aem4f : Core-mem.oem4f (.text:xdc_runtime_Core_createObject__I)
                  00002820    000000f8                                 : Startup.oem4f (.text:xdc_runtime_Startup_startMods__I)
                  00002918    000000f8     empty_pem4f.oem4f (.text:xdc_runtime_System_printfExtend__I)
                  00002a10    000000f4     m3_Hwi_asm.obj (.text:ti_sysbios_family_arm_m3_Hwi_dispatch__I)
                  00002b04    000000f0     drivers_tivaware.aem4f : PWMTiva.oem4f (.text:PWMTiva_setDuty)
                  00002bf4    000000f0     driverlib.lib : sysctl.obj (.text:SysCtlClockSet)
                  00002ce4    00000004     empty_pem4f.oem4f (.text:ti_sysbios_BIOS_RtsGateProxy_leave__E)
                  00002ce8    000000ec     BIOS.obj (.text:ti_sysbios_knl_Semaphore_post__E)
                  00002dd4    000000e0     drivers_tivaware.aem4f : I2CTiva.oem4f (.text:I2CTiva_open)
                  00002eb4    000000d6                            : I2CTiva.oem4f (.text:I2CTiva_hwiFxn)
                  00002f8a    00000002     rtsv7M4_T_le_v4SPD16_eabi.lib : _lock.c.obj (.text:_nop)
                  00002f8c    000000cc     ti.targets.arm.rtsarm.aem4f : Core-smem.oem4f (.text:xdc_runtime_Core_constructObject__I)
                  00003058    000000c8     empty.obj (.text:taskFunction4)
                  00003120    000000bc     BIOS.obj (.text:ti_sysbios_family_arm_m3_Hwi_excDebugMon__I)
                  000031dc    00000004     BIOS.obj (.text:ti_sysbios_family_arm_lm4_Timer_masterEnable__I)
                  000031e0    000000bc     BIOS.obj (.text:ti_sysbios_family_arm_m3_Hwi_excHardFault__I)
                  0000329c    00000004     empty_pem4f.oem4f (.text:ti_sysbios_family_arm_m3_Hwi_destruct)
                  000032a0    000000b4     BIOS.obj (.text:ti_sysbios_gates_GateMutex_enter__E)
                  00003354    00000004     empty_pem4f.oem4f (.text:ti_sysbios_family_arm_m3_TaskSupport_Module__startupDone__S)
                  00003358    000000b4     BIOS.obj (.text:ti_sysbios_knl_Task_checkStacks__E)
                  0000340c    000000ac     drivers_tivaware.aem4f : UARTTiva.oem4f (.text:readTaskBlocking)
                  000034b8    000000ac     empty.obj (.text:taskFunction3)
                  00003564    00000004     empty_pem4f.oem4f (.text:ti_sysbios_heaps_HeapMem_Module_GateProxy_enter__E)
                  00003568    000000ac     BIOS.obj (.text:ti_sysbios_family_arm_lm4_Timer_enableTiva__I)
                  00003614    000000a8     empty.obj (.text:main)
                  000036bc    00000004     empty_pem4f.oem4f (.text:ti_sysbios_heaps_HeapMem_Module_GateProxy_leave__E)
                  000036c0    000000a8     BIOS.obj (.text:ti_sysbios_family_arm_lm4_Timer_enableTimers__I)
                  00003768    000000a8     BIOS.obj (.text:ti_sysbios_knl_Task_postInit__I)
                  00003810    000000a4     BIOS.obj (.text:ti_sysbios_knl_Clock_Instance_finalize__E)
                  000038b4    000000a0     auto_init.aem4f : auto_init.oem4f (.text)
                  00003954    000000a0     ti.targets.arm.rtsarm.aem4f : Text.oem4f (.text:xdc_runtime_Text_putMod__E)
                  000039f4    0000009c     rtsv7M4_T_le_v4SPD16_eabi.lib : memcpy_t2.asm.obj (.text)
                  00003a90    0000009c     BIOS.obj (.text:ti_sysbios_knl_Semaphore_Instance_init__E)
                  00003b2c    0000009a     ti.targets.arm.rtsarm.aem4f : Text.oem4f (.text:xdc_runtime_Text_putSite__E)
                  00003bc6    00000098     drivers_tivaware.aem4f : UARTTiva.oem4f (.text:UARTTiva_readPolling)
                  00003c5e    00000002     rtsv7M4_T_le_v4SPD16_eabi.lib : div0.asm.obj (.text)
                  00003c60    00000098     Boot.aem4f : Boot.oem4f (.text:ti_catalog_arm_cortexm4_tiva_ce_Boot_sysCtlClockSet__E)
                  00003cf8    00000094     drivers_tivaware.aem4f : UARTTiva.oem4f (.text:UARTTiva_write)
                  00003d8c    00000004     empty_pem4f.oem4f (.text:ti_sysbios_knl_Clock_TimerProxy_getMaxTicks__E)
                  00003d90    00000094     BIOS.obj (.text:ti_sysbios_family_arm_m3_Hwi_Instance_init__E)
                  00003e24    00000004     empty_pem4f.oem4f (.text:ti_sysbios_knl_Clock_destruct)
                  00003e28    00000094     BIOS.obj (.text:ti_sysbios_family_arm_m3_Hwi_initNVIC__E)
                  00003ebc    0000008c     drivers_tivaware.aem4f : GPIOTiva.oem4f (.text:GPIO_init)
                  00003f48    0000008c                            : UARTTiva.oem4f (.text:UARTTiva_control)
                  00003fd4    0000008c     m3_TaskSupport_asm.obj (.text:ti_sysbios_family_arm_m3_TaskSupport_buildTaskStack)
                  00004060    0000008a     drivers_tivaware.aem4f : UARTTiva.oem4f (.text:readIsrTextBlocking)
                  000040ea    00000002     empty_pem4f.oem4f (.text:ti_sysbios_BIOS_nullFunc__I)
                  000040ec    00000088     drivers_tivaware.aem4f : PWMTiva.oem4f (.text:PWMTiva_control)
                  00004174    00000084     empty.obj (.text:Timer_ISR)
                  000041f8    00000084     empty.obj (.text:taskFunction2)
                  0000427c    00000004     empty_pem4f.oem4f (.text:ti_sysbios_knl_Queue_destruct)
                  00004280    00000084     BIOS.obj (.text:ti_sysbios_family_arm_m3_Hwi_postInit__I)
                  00004304    00000082     drivers_tivaware.aem4f : UARTTiva.oem4f (.text:readIsrTextCallback)
                  00004386    0000007e                            : I2CTiva.oem4f (.text:I2CTiva_transfer)
                  00004404    0000007c     EK_TM4C123GXL.obj (.text:EK_TM4C123GXL_initI2C)
                  00004480    0000007a     driverlib.lib : adc.obj (.text:ADCSequenceStepConfigure)
                  000044fa    0000007a     drivers_tivaware.aem4f : UARTTiva.oem4f (.text:readTaskCallback)
                  00004574    0000007a     rtsv7M4_T_le_v4SPD16_eabi.lib : memset_t2.asm.obj (.text)
                  000045ee    00000002     empty_pem4f.oem4f (.text:xdc_runtime_Startup_reset__I)
                  000045f0    00000074     BIOS.obj (.text:ti_sysbios_knl_Clock_start__E)
                  00004664    00000070     empty.obj (.text:taskFunction1)
                  000046d4    00000004     empty_pem4f.oem4f (.text:ti_sysbios_knl_Semaphore_destruct)
                  000046d8    00000070     BIOS.obj (.text:ti_sysbios_knl_Clock_workFunc__E)
                  00004748    00000070     BIOS.obj (.text:ti_sysbios_knl_Task_exit__E)
                  000047b8    0000006d     ti.targets.arm.rtsarm.aem4f : System.oem4f (.text:xdc_runtime_System_formatNum__I)
                  00004825    00000003     --HOLE-- [fill = 0]
                  00004828    0000006c     BIOS.obj (.text:ti_sysbios_knl_Swi_restoreHwi__E)
                  00004894    0000006c     drivers_tivaware.aem4f : UARTTiva.oem4f (.text:writeData)
                  00004900    0000006c     ti.targets.arm.rtsarm.aem4f : Error.oem4f (.text:xdc_runtime_Error_print__E)
                  0000496c    0000006c                                 : Memory.oem4f (.text:xdc_runtime_Memory_alloc__E)
                  000049d8    0000006a     drivers_tivaware.aem4f : PWMTiva.oem4f (.text:PWMTiva_close)
                  00004a42    00000068     rtsv7M4_T_le_v4SPD16_eabi.lib : copy_decompress_lzss.c.obj (.text:decompress:lzss:__TI_decompress_lzss)
                  00004aaa    00000066     ti.targets.arm.rtsarm.aem4f : Core-mem.oem4f (.text:xdc_runtime_Core_deleteObject__I)
                  00004b10    00000064     drivers_tivaware.aem4f : GPIOTiva.oem4f (.text:GPIO_hwiIntFxn)
                  00004b74    00000004     ti.targets.arm.rtsarm.aem4f : Error.oem4f (.text:xdc_runtime_Error_getSite__E)
                  00004b78    00000064     BIOS.obj (.text:ti_sysbios_family_arm_lm4_Timer_Module_startup__E)
                  00004bdc    00000064     empty_pem4f.oem4f (.text:ti_sysbios_family_arm_m3_Hwi_create)
                  00004c40    00000064     BIOS.obj (.text:ti_sysbios_family_arm_m3_Hwi_dispatchC__I)
                  00004ca4    00000062     drivers_tivaware.aem4f : I2CTiva.oem4f (.text:I2CTiva_primeTransfer)
                  00004d06    00000002     --HOLE-- [fill = 0]
                  00004d08    00000060     driverlib.lib : timer.obj (.text:TimerConfigure)
                  00004d68    00000060     empty.obj (.text:adcConfig)
                  00004dc8    00000060     BIOS.obj (.text:ti_sysbios_family_arm_lm4_Timer_isrStub__E)
                  00004e28    00000060     BIOS.obj (.text:ti_sysbios_knl_Task_schedule__I)
                  00004e88    0000005e     drivers_tivaware.aem4f : UARTTiva.oem4f (.text:readIsrBinaryBlocking)
                  00004ee6    00000002     --HOLE-- [fill = 0]
                  00004ee8    0000005c     BIOS.obj (.text:ti_sysbios_knl_Swi_run__I)
                  00004f44    00000004     empty_pem4f.oem4f (.text:xdc_runtime_System_Module_GateProxy_enter__E)
                  00004f48    0000005c     BIOS.obj (.text:ti_sysbios_knl_Swi_schedule__I)
                  00004fa4    00000004     empty_pem4f.oem4f (.text:xdc_runtime_System_Module_GateProxy_leave__E)
                  00004fa8    0000005c     BIOS.obj (.text:ti_sysbios_knl_Task_Module_startup__E)
                  00005004    00000004     ti.targets.arm.rtsarm.aem4f : System.oem4f (.text:xdc_runtime_System_aprintf_va__F)
                  00005008    0000005c     BIOS.obj (.text:ti_sysbios_knl_Task_startCore__E)
                  00005064    0000005b     ti.targets.arm.rtsarm.aem4f : Text.oem4f (.text:xdc_runtime_Text_putLab__E)
                  000050bf    00000001     --HOLE-- [fill = 0]
                  000050c0    00000058     boot.aem4f : boot.oem4f (.text)
                  00005118    00000058     rtsv7M4_T_le_v4SPD16_eabi.lib : hostwrite.c.obj (.text:HOSTwrite)
                  00005170    00000058     empty_pem4f.oem4f (.text:ti_sysbios_family_arm_m3_Hwi_construct)
                  000051c8    00000058     m3_Hwi_asm_switch.obj (.text:ti_sysbios_family_arm_m3_Hwi_initStacks__E)
                  00005220    00000056     driverlib.lib : gpio.obj (.text:GPIOIntTypeSet)
                  00005276    00000002     --HOLE-- [fill = 0]
                  00005278    00000054     uartstdio.obj (.text:UARTStdioConfig)
                  000052cc    00000054     drivers_tivaware.aem4f : UARTTiva.oem4f (.text:readIsrBinaryCallback)
                  00005320    00000054     ti.targets.arm.rtsarm.aem4f : Assert.oem4f (.text:xdc_runtime_Assert_raise__I)
                  00005374    00000050     drivers_tivaware.aem4f : GPIOTiva.oem4f (.text:GPIO_setCallback)
                  000053c4    00000050                            : GPIOTiva.oem4f (.text:GPIO_toggle)
                  00005414    00000050                            : GPIOTiva.oem4f (.text:GPIO_write)
                  00005464    00000050                            : UARTTiva.oem4f (.text:UARTTiva_writeCancel)
                  000054b4    00000004     ti.targets.arm.rtsarm.aem4f : System.oem4f (.text:xdc_runtime_System_printf_va__F)
                  000054b8    00000050     BIOS.obj (.text:ti_sysbios_family_arm_m3_Hwi_Module_startup__E)
                  00005508    00000050     empty.obj (.text:timer2Config)
                  00005558    00000050     ti.targets.arm.rtsarm.aem4f : Startup.oem4f (.text:xdc_runtime_Startup_exec__E)
                  000055a8    00000050                                 : Text.oem4f (.text:xdc_runtime_Text_visitRope2__I)
                  000055f8    0000004c     empty.obj (.text:UART0Config)
                  00005644    0000004c     drivers_tivaware.aem4f : UARTTiva.oem4f (.text:UARTTiva_close)
                  00005690    0000004c     uartstdio.obj (.text:UARTwrite)
                  000056dc    0000004c     rtsv7M4_T_le_v4SPD16_eabi.lib : cpy_tbl.c.obj (.text:copy_in)
                  00005728    0000004c     BIOS.obj (.text:ti_sysbios_heaps_HeapMem_getStats__E)
                  00005774    00000004     --HOLE-- [fill = 0]
                  00005778    0000004c     BIOS.obj (.text:ti_sysbios_knl_Swi_runLoop__I)
                  000057c4    00000004     --HOLE-- [fill = 0]
                  000057c8    0000004c     BIOS.obj (.text:ti_sysbios_knl_Task_allBlockedFunction__I)
                  00005814    00000048     driverlib.lib : gpio.obj (.text:GPIOPinConfigure)
                  0000585c    00000048                   : i2c.obj (.text:I2CMasterInitExpClk)
                  000058a4    00000004     --HOLE-- [fill = 0]
                  000058a8    00000048     BIOS.obj (.text:ti_sysbios_family_arm_m3_Hwi_disableInterrupt__E)
                  000058f0    00000048     BIOS.obj (.text:ti_sysbios_family_arm_m3_Hwi_enableInterrupt__E)
                  00005938    00000048     BIOS.obj (.text:ti_sysbios_family_arm_m3_Hwi_excReserved__I)
                  00005980    00000046     drivers_tivaware.aem4f : RingBuf.oem4f (.text:RingBuf_put)
                  000059c6    00000046     ti.targets.arm.rtsarm.aem4f : Core-params.oem4f (.text:xdc_runtime_Core_assignParams__I)
                  00005a0c    00000004     --HOLE-- [fill = 0]
                  00005a10    00000044     BIOS.obj (.text:ti_sysbios_family_arm_m3_Hwi_getStackInfo__E)
                  00005a54    00000004     --HOLE-- [fill = 0]
                  00005a58    00000044     BIOS.obj (.text:ti_sysbios_knl_Swi_post__E)
                  00005a9c    00000044     ti.targets.arm.rtsarm.aem4f : Error.oem4f (.text:xdc_runtime_Error_setX__E)
                  00005ae0    00000044                                 : SysMin.oem4f (.text:xdc_runtime_SysMin_flush__E)
                  00005b24    00000044                                 : Text.oem4f (.text:xdc_runtime_Text_xprintf__I)
                  00005b68    00000042     driverlib.lib : uart.obj (.text:UARTConfigSetExpClk)
                  00005baa    00000042     drivers_tivaware.aem4f : UARTTiva.oem4f (.text:UARTTiva_hwiIntFxn)
                  00005bec    00000042                            : UARTTiva.oem4f (.text:UARTTiva_writePolling)
                  00005c2e    00000002     --HOLE-- [fill = 0]
                  00005c30    00000040     EK_TM4C123GXL.obj (.text:EK_TM4C123GXL_initGeneral)
                  00005c70    00000040     drivers_tivaware.aem4f : RingBuf.oem4f (.text:RingBuf_get)
                  00005cb0    00000040                            : UARTTiva.oem4f (.text:UARTTiva_read)
                  00005cf0    00000040     rtsv7M4_T_le_v4SPD16_eabi.lib : u_divt2.asm.obj (.text)
                  00005d30    00000040     BIOS.obj (.text:ti_sysbios_family_arm_lm4_Timer_startup__E)
                  00005d70    0000003e     driverlib.lib : adc.obj (.text:ADCSequenceConfigure)
                  00005dae    00000002     --HOLE-- [fill = 0]
                  00005db0    0000003c     BIOS.obj (.text:ti_sysbios_family_arm_m3_Hwi_excSvCall__I)
                  00005dec    00000004     --HOLE-- [fill = 0]
                  00005df0    0000003c     BIOS.obj (.text:ti_sysbios_heaps_HeapMem_init__I)
                  00005e2c    00000004     --HOLE-- [fill = 0]
                  00005e30    0000003c     BIOS.obj (.text:ti_sysbios_knl_Swi_restore__E)
                  00005e6c    0000003a     drivers_tivaware.aem4f : I2CTiva.oem4f (.text:I2CTiva_completeTransfer)
                  00005ea6    00000002     --HOLE-- [fill = 0]
                  00005ea8    00000038                            : I2C.oem4f (.text:I2C_init)
                  00005ee0    00000038                            : PWM.oem4f (.text:PWM_init)
                  00005f18    00000038     driverlib.lib : sysctl.obj (.text:SysCtlPeripheralPresent)
                  00005f50    00000038     drivers_tivaware.aem4f : UART.oem4f (.text:UART_init)
                  00005f88    00000038     rtsv7M4_T_le_v4SPD16_eabi.lib : trgmsg.c.obj (.text:__TI_writemsg)
                  00005fc0    00000038     BIOS.obj (.text:ti_sysbios_family_arm_m3_Hwi_excNoIsr__I)
                  00005ff8    00000038     BIOS.obj (.text:ti_sysbios_knl_Task_processVitalTaskFlag__I)
                  00006030    00000038     ti.targets.arm.rtsarm.aem4f : SysMin.oem4f (.text:xdc_runtime_SysMin_putch__E)
                  00006068    00000038                                 : System.oem4f (.text:xdc_runtime_System_atexit__E)
                  000060a0    00000036     drivers_tivaware.aem4f : I2CTiva.oem4f (.text:I2CTiva_close)
                  000060d6    00000036                            : UARTTiva.oem4f (.text:UARTTiva_readCancel)
                  0000610c    00000034     driverlib.lib : sysctl.obj (.text:SysCtlPeripheralEnable)
                  00006140    00000034     rtsv7M4_T_le_v4SPD16_eabi.lib : trgmsg.c.obj (.text:__TI_readmsg)
                  00006174    00000004     --HOLE-- [fill = 0]
                  00006178    00000034     BIOS.obj (.text:ti_sysbios_family_arm_m3_Hwi_Instance_finalize__E)
                  000061ac    00000004     --HOLE-- [fill = 0]
                  000061b0    00000034     BIOS.obj (.text:ti_sysbios_family_arm_m3_Hwi_excNmi__I)
                  000061e4    00000004     --HOLE-- [fill = 0]
                  000061e8    00000034     BIOS.obj (.text:ti_sysbios_hal_Hwi_checkStack)
                  0000621c    00000034     empty_pem4f.oem4f (.text:ti_sysbios_knl_Clock_construct)
                  00006250    00000034     ti.targets.arm.rtsarm.aem4f : Core-label.oem4f (.text:xdc_runtime_Core_assignLabel__I)
                  00006284    00000033                                 : Text.oem4f (.text:xdc_runtime_Text_printVisFxn__I)
                  000062b7    00000001     --HOLE-- [fill = 0]
                  000062b8    00000032     BIOS.obj (.text:ti_sysbios_hal_Hwi_initStack)
                  000062ea    00000002     --HOLE-- [fill = 0]
                  000062ec    00000030     EK_TM4C123GXL.obj (.text:EK_TM4C123GXL_initGPIO)
                  0000631c    00000030     drivers_tivaware.aem4f : I2C.oem4f (.text:I2C_open)
                  0000634c    00000030                            : PWMTiva.oem4f (.text:PWMTiva_init)
                  0000637c    00000030                            : PWM.oem4f (.text:PWM_open)
                  000063ac    00000030     empty_pem4f.oem4f (.text:ti_sysbios_BIOS_atExitFunc__I)
                  000063dc    00000004     --HOLE-- [fill = 0]
                  000063e0    00000030     BIOS.obj (.text:ti_sysbios_family_arm_lm4_Timer_stop__E)
                  00006410    00000030     BIOS.obj (.text:ti_sysbios_family_arm_m3_TaskSupport_start__E)
                  00006440    00000030     empty_pem4f.oem4f (.text:ti_sysbios_gates_GateHwi_Object__create__S)
                  00006470    00000030     empty_pem4f.oem4f (.text:ti_sysbios_gates_GateMutex_Object__create__S)
                  000064a0    00000030     empty_pem4f.oem4f (.text:ti_sysbios_heaps_HeapMem_Object__create__S)
                  000064d0    00000030     empty_pem4f.oem4f (.text:ti_sysbios_knl_Semaphore_construct)
                  00006500    00000030     BIOS.obj (.text:ti_sysbios_knl_Semaphore_pendTimeout__I)
                  00006530    00000030     BIOS.obj (.text:ti_sysbios_knl_Task_unblockI__E)
                  00006560    00000030     ti.targets.arm.rtsarm.aem4f : SysMin.oem4f (.text:xdc_runtime_SysMin_abort__E)
                  00006590    00000030                                 : System.oem4f (.text:xdc_runtime_System_processAtExit__E)
                  000065c0    0000002e     driverlib.lib : adc.obj (.text:ADCIntStatus)
                  000065ee    00000002     --HOLE-- [fill = 0]
                  000065f0    0000002c     EK_TM4C123GXL.obj (.text:EK_TM4C123GXL_initUART)
                  0000661c    0000002c     empty_pem4f.oem4f (.text:ti_sysbios_knl_Clock_doTick__I)
                  00006648    0000002c     empty_pem4f.oem4f (.text:ti_sysbios_knl_Queue_construct)
                  00006674    00000004     --HOLE-- [fill = 0]
                  00006678    0000002c     BIOS.obj (.text:ti_sysbios_knl_Task_restore__E)
                  000066a4    0000002c     ti.targets.arm.rtsarm.aem4f : Text.oem4f (.text:xdc_runtime_Text_cordText__E)
                  000066d0    0000002a     driverlib.lib : gpio.obj (.text:GPIODirModeSet)
                  000066fa    0000002a     ti.targets.arm.rtsarm.aem4f : System.oem4f (.text:xdc_runtime_System_putchar__I)
                  00006724    00000028     EK_TM4C123GXL.obj (.text:EK_TM4C123GXL_initPWM)
                  0000674c    00000004     --HOLE-- [fill = 0]
                  00006750    00000028     BIOS.obj (.text:ti_sysbios_knl_Swi_Module_startup__E)
                  00006778    00000026     m3_Hwi_asm.obj (.text:ti_sysbios_family_arm_m3_Hwi_pendSV__I)
                  0000679e    00000026     ti.targets.arm.rtsarm.aem4f : System.oem4f (.text:xdc_runtime_System_avprintf__E)
                  000067c4    00000024     uartstdio.obj (.text:UARTprintf)
                  000067e8    00000024     empty.obj (.text:taskFunction5)
                  0000680c    00000024     empty_pem4f.oem4f (.text:ti_sysbios_BIOS_errorRaiseHook__I)
                  00006830    00000024     empty_pem4f.oem4f (.text:ti_sysbios_BIOS_registerRTSLock__I)
                  00006854    00000024     empty_pem4f.oem4f (.text:ti_sysbios_BIOS_removeRTSLock__I)
                  00006878    00000024     empty_pem4f.oem4f (.text:ti_sysbios_BIOS_startFunc__I)
                  0000689c    00000024     empty_pem4f.oem4f (.text:ti_sysbios_gates_GateMutex_Object__delete__S)
                  000068c0    00000024     BIOS.obj (.text:ti_sysbios_knl_Clock_Module_startup__E)
                  000068e4    00000004     --HOLE-- [fill = 0]
                  000068e8    00000024     BIOS.obj (.text:ti_sysbios_knl_Task_restoreHwi__E)
                  0000690c    00000024     ti.targets.arm.rtsarm.aem4f : System.oem4f (.text:xdc_runtime_System_vprintf__E)
                  00006930    00000022     driverlib.lib : pwm.obj (.text:PWMGenConfigure)
                  00006952    00000022     drivers_tivaware.aem4f : PWMTiva.oem4f (.text:PWMTiva_getPeriodCounts)
                  00006974    00000004     --HOLE-- [fill = 0]
                  00006978    00000022     BIOS.obj (.text:ti_sysbios_family_arm_lm4_Timer_write__I)
                  0000699a    00000022     empty_pem4f.oem4f (.text:xdc_runtime_SysMin_output__I)
                  000069bc    00000020     empty_pem4f.oem4f (.text:ti_sysbios_BIOS_rtsLock__I)
                  000069dc    00000020     m3_Hwi_asm.obj (.text:ti_sysbios_family_arm_m3_Hwi_excHandlerAsm__I)
                  000069fc    00000004     --HOLE-- [fill = 0]
                  00006a00    00000020     BIOS.obj (.text:ti_sysbios_family_arm_m3_Hwi_excHandler__I)
                  00006a20    00000020     empty_pem4f.oem4f (.text:ti_sysbios_gates_GateHwi_Object__delete__S)
                  00006a40    00000020     empty_pem4f.oem4f (.text:ti_sysbios_heaps_HeapMem_Object__delete__S)
                  00006a60    00000020     empty_pem4f.oem4f (.text:ti_sysbios_knl_Clock_Object__destruct__S)
                  00006a80    00000020     BIOS.obj (.text:ti_sysbios_knl_Idle_run__E)
                  00006aa0    00000020     empty_pem4f.oem4f (.text:ti_sysbios_knl_Semaphore_Object__destruct__S)
                  00006ac0    00000020     ti.targets.arm.rtsarm.aem4f : Registry.oem4f (.text:xdc_runtime_Registry_findById__E)
                  00006ae0    00000020                                 : SysMin.oem4f (.text:xdc_runtime_SysMin_Module_startup__E)
                  00006b00    0000001e     driverlib.lib : adc.obj (.text:ADCSequenceDataGet)
                  00006b1e    0000001e                   : pwm.obj (.text:PWMPulseWidthSet)
                  00006b3c    0000001e     drivers_tivaware.aem4f : PWMTiva.oem4f (.text:PWMTiva_getPeriodMicroSecs)
                  00006b5a    0000001e     m3_Hwi_asm_switch.obj (.text:ti_sysbios_family_xxx_Hwi_switchAndRunFunc)
                  00006b78    0000001c     driverlib.lib : uart.obj (.text:UARTDisable)
                  00006b94    0000001c     drivers_tivaware.aem4f : GPIOTiva.oem4f (.text:getGpioIntIndex)
                  00006bb0    0000001c     empty_pem4f.oem4f (.text:ti_sysbios_family_arm_m3_Hwi_Object__destruct__S)
                  00006bcc    00000004     --HOLE-- [fill = 0]
                  00006bd0    0000001c     BIOS.obj (.text:ti_sysbios_gates_GateMutex_Instance_init__E)
                  00006bec    0000001c     empty_pem4f.oem4f (.text:ti_sysbios_knl_Queue_Object__destruct__S)
                  00006c08    0000001c     BIOS.obj (.text:ti_sysbios_knl_Task_enter__I)
                  00006c24    0000001c     ti.targets.arm.rtsarm.aem4f : Error.oem4f (.text:xdc_runtime_Error_raiseX__E)
                  00006c40    0000001c                                 : Memory.oem4f (.text:xdc_runtime_Memory_valloc__E)
                  00006c5c    0000001c                                 : SysMin.oem4f (.text:xdc_runtime_SysMin_exit__E)
                  00006c78    0000001c                                 : System.oem4f (.text:xdc_runtime_System_abort__E)
                  00006c94    0000001a     empty_pem4f.oem4f (.text:ti_sysbios_family_arm_m3_Hwi_Handle__label__S)
                  00006cae    0000001a     empty_pem4f.oem4f (.text:ti_sysbios_gates_GateHwi_Handle__label__S)
                  00006cc8    0000001a     empty_pem4f.oem4f (.text:ti_sysbios_gates_GateMutex_Handle__label__S)
                  00006ce2    0000001a     empty_pem4f.oem4f (.text:ti_sysbios_heaps_HeapMem_Handle__label__S)
                  00006cfc    0000001a     empty_pem4f.oem4f (.text:ti_sysbios_knl_Swi_Handle__label__S)
                  00006d16    0000001a     empty_pem4f.oem4f (.text:ti_sysbios_knl_Task_Handle__label__S)
                  00006d30    0000001a     empty_pem4f.oem4f (.text:xdc_runtime_System_aprintf__E)
                  00006d4a    0000001a     empty_pem4f.oem4f (.text:xdc_runtime_System_printf__E)
                  00006d64    00000018     driverlib.lib : adc.obj (.text:ADCProcessorTrigger)
                  00006d7c    00000018                   : gpio.obj (.text:GPIOPinTypeGPIOOutput)
                  00006d94    00000018     rtsv7M4_T_le_v4SPD16_eabi.lib : args_main.c.obj (.text:_args_main)
                  00006dac    00000018     empty_pem4f.oem4f (.text:ti_sysbios_BIOS_rtsUnlock__I)
                  00006dc4    00000018     empty_pem4f.oem4f (.text:ti_sysbios_family_arm_lm4_Timer_Module__startupDone__F)
                  00006ddc    00000018     empty_pem4f.oem4f (.text:ti_sysbios_family_arm_m3_Hwi_Module__startupDone__F)
                  00006df4    00000018     m3_TaskSupport_asm.obj (.text:ti_sysbios_family_arm_m3_TaskSupport_swap__E)
                  00006e0c    00000004     --HOLE-- [fill = 0]
                  00006e10    00000018     BIOS.obj (.text:ti_sysbios_gates_GateMutex_leave__E)
                  00006e28    00000018     BIOS.obj (.text:ti_sysbios_knl_Task_sleepTimeout__I)
                  00006e40    00000018     ti.targets.arm.rtsarm.aem4f : Error.oem4f (.text:xdc_runtime_Error_check__E)
                  00006e58    00000018                                 : System.oem4f (.text:xdc_runtime_System_exit__E)
                  00006e70    00000018                                 : Text.oem4f (.text:xdc_runtime_Text_ropeText__E)
                  00006e88    00000016     driverlib.lib : i2c.obj (.text:I2CMasterErr)
                  00006e9e    00000016     empty_pem4f.oem4f (.text:ti_sysbios_BIOS_exitFunc__I)
                  00006eb4    00000014     driverlib.lib : pwm.obj (.text:PWMClockSet)
                  00006ec8    00000014                   : sysctl.obj (.text:SysCtlPWMClockSet)
                  00006edc    00000014                   : uart.obj (.text:UARTEnable)
                  00006ef0    00000014     rtsv7M4_T_le_v4SPD16_eabi.lib : strlen.c.obj (.text:strlen)
                  00006f04    00000014     empty_pem4f.oem4f (.text:ti_sysbios_family_arm_m3_Hwi_Object__get__S)
                  00006f18    00000014     BIOS.obj (.text:ti_sysbios_family_arm_m3_Hwi_switchFromBootStack__E)
                  00006f2c    00000014     empty_pem4f.oem4f (.text:ti_sysbios_heaps_HeapMem_Object__get__S)
                  00006f40    00000014     empty_pem4f.oem4f (.text:ti_sysbios_knl_Swi_Object__get__S)
                  00006f54    00000012     driverlib.lib : adc.obj (.text:ADCHardwareOversampleConfigure)
                  00006f66    00000012                   : gpio.obj (.text:GPIOPinTypeGPIOInput)
                  00006f78    00000012                   : gpio.obj (.text:GPIOPinTypeI2C)
                  00006f8a    00000012                   : gpio.obj (.text:GPIOPinTypeI2CSCL)
                  00006f9c    00000012                   : gpio.obj (.text:GPIOPinTypePWM)
                  00006fae    00000012                   : gpio.obj (.text:GPIOPinTypeUART)
                  00006fc0    00000012                   : pwm.obj (.text:PWMGenPeriodGet)
                  00006fd2    00000012                   : pwm.obj (.text:PWMOutputInvert)
                  00006fe4    00000012                   : pwm.obj (.text:PWMOutputState)
                  00006ff6    00000012     drivers_tivaware.aem4f : RingBuf.oem4f (.text:RingBuf_construct)
                  00007008    00000012     driverlib.lib : timer.obj (.text:TimerLoadSet)
                  0000701a    00000006                   : gpio.obj (.text:GPIOIntClear)
                  00007020    00000012     BIOS.obj (.text:ti_sysbios_hal_Hwi_Module_startup__E)
                  00007032    00000012     empty_pem4f.oem4f (.text:xdc_runtime_Startup_exec__I)
                  00007044    00000010     drivers_tivaware.aem4f : I2C.oem4f (.text:I2C_Params_init)
                  00007054    00000010     driverlib.lib : pwm.obj (.text:PWMGenPeriodSet)
                  00007064    00000010     drivers_tivaware.aem4f : PWM.oem4f (.text:PWM_Params_init)
                  00007074    00000010                            : UARTTiva.oem4f (.text:readBlockingTimeout)
                  00007084    00000004     --HOLE-- [fill = 0]
                  00007088    00000010     BIOS.obj (.text:ti_sysbios_BIOS_getCpuFreq__E)
                  00007098    00000010     BIOS.obj (.text:ti_sysbios_BIOS_setThreadType__E)
                  000070a8    00000010     BIOS.obj (.text:ti_sysbios_BIOS_start__E)
                  000070b8    00000010     m3_TaskSupport_asm.obj (.text:ti_sysbios_family_arm_m3_TaskSupport_glue)
                  000070c8    00000010     BIOS.obj (.text:ti_sysbios_gates_GateMutex_Instance_finalize__E)
                  000070d8    00000010     BIOS.obj (.text:ti_sysbios_knl_Semaphore_Instance_finalize__E)
                  000070e8    00000010     BIOS.obj (.text:ti_sysbios_knl_Swi_disable__E)
                  000070f8    00000010     empty_pem4f.oem4f (.text:ti_sysbios_knl_Task_Object__get__S)
                  00007108    00000010     BIOS.obj (.text:ti_sysbios_knl_Task_disable__E)
                  00007118    00000010     ti.targets.arm.rtsarm.aem4f : Gate.oem4f (.text:xdc_runtime_Gate_leaveSystem__E)
                  00007128    00000010                                 : Memory.oem4f (.text:xdc_runtime_Memory_free__E)
                  00007138    00000010                                 : SysMin.oem4f (.text:xdc_runtime_SysMin_ready__E)
                  00007148    00000010                                 : System.oem4f (.text:xdc_runtime_System_vsnprintf__E)
                  00007158    00000010     empty_pem4f.oem4f (.text:xdc_runtime_Text_visitRope__I)
                  00007168    0000000e     driverlib.lib : adc.obj (.text:ADCSequenceEnable)
                  00007176    0000000e                   : gpio.obj (.text:GPIOIntStatus)
                  00007184    0000000e                   : timer.obj (.text:TimerEnable)
                  00007192    0000000e                   : uart.obj (.text:UARTCharGetNonBlocking)
                  000071a0    0000000e                   : uart.obj (.text:UARTCharPutNonBlocking)
                  000071ae    0000000e     rtsv7M4_T_le_v4SPD16_eabi.lib : copy_decompress_none.c.obj (.text:decompress:none:__TI_decompress_none)
                  000071bc    00000004     --HOLE-- [fill = 0]
                  000071c0    0000000e     BIOS.obj (.text:ti_sysbios_knl_Idle_loop__E)
                  000071ce    00000002     --HOLE-- [fill = 0]
                  000071d0    0000000e     BIOS.obj (.text:ti_sysbios_knl_Queue_empty__E)
                  000071de    00000002     --HOLE-- [fill = 0]
                  000071e0    0000000c     empty_pem4f.oem4f (.text:.bootCodeSection:ti_catalog_arm_cortexm4_tiva_ce_Boot_init__I)
                  000071ec    0000000c     driverlib.lib : pwm.obj (.text:PWMGenDisable)
                  000071f8    0000000c                   : pwm.obj (.text:PWMGenEnable)
                  00007204    0000000c     drivers_tivaware.aem4f : RingBuf.oem4f (.text:RingBuf_peek)
                  00007210    0000000c     driverlib.lib : uart.obj (.text:UARTFlowControlSet)
                  0000721c    0000000c     drivers_tivaware.aem4f : UARTTiva.oem4f (.text:UARTTiva_init)
                  00007228    0000000c     rtsv7M4_T_le_v4SPD16_eabi.lib : _lock.c.obj (.text:_register_lock)
                  00007234    0000000c                                   : _lock.c.obj (.text:_register_unlock)
                  00007240    0000000c                                   : copy_zero_init.c.obj (.text:decompress:ZI:__TI_zero_init)
                  0000724c    00000004     --HOLE-- [fill = 0]
                  00007250    0000000c     BIOS.obj (.text:ti_sysbios_family_arm_lm4_Timer_getMaxTicks__E)
                  0000725c    0000000c     empty_pem4f.oem4f (.text:ti_sysbios_family_arm_m3_Hwi_Params__init__S)
                  00007268    0000000c     BIOS.obj (.text:ti_sysbios_family_arm_m3_Hwi_disableFxn__E)
                  00007274    00000004     --HOLE-- [fill = 0]
                  00007278    0000000c     BIOS.obj (.text:ti_sysbios_family_arm_m3_TaskSupport_checkStack__E)
                  00007284    00000004     --HOLE-- [fill = 0]
                  00007288    0000000c     BIOS.obj (.text:ti_sysbios_gates_GateHwi_enter__E)
                  00007294    0000000c     empty_pem4f.oem4f (.text:ti_sysbios_knl_Clock_Params__init__S)
                  000072a0    0000000c     empty_pem4f.oem4f (.text:ti_sysbios_knl_Queue_Object__get__S)
                  000072ac    0000000c     empty_pem4f.oem4f (.text:ti_sysbios_knl_Semaphore_Params__init__S)
                  000072b8    0000000c     ti.targets.arm.rtsarm.aem4f : Error.oem4f (.text:xdc_runtime_Error_init__E)
                  000072c4    0000000c                                 : Gate.oem4f (.text:xdc_runtime_Gate_enterSystem__E)
                  000072d0    0000000c                                 : Memory.oem4f (.text:xdc_runtime_Memory_calloc__E)
                  000072dc    0000000c                                 : Memory.oem4f (.text:xdc_runtime_Memory_getMaxDefaultTypeAlign__E)
                  000072e8    0000000a     driverlib.lib : adc.obj (.text:ADCIntClear)
                  000072f2    0000000a                   : i2c.obj (.text:I2CMasterDisable)
                  000072fc    0000000a                   : i2c.obj (.text:I2CMasterEnable)
                  00007306    0000000a     drivers_tivaware.aem4f : I2CTiva.oem4f (.text:I2CTiva_init)
                  00007310    0000000a                            : I2C.oem4f (.text:I2C_close)
                  0000731a    0000000a                            : I2C.oem4f (.text:I2C_transfer)
                  00007324    0000000a                            : PWM.oem4f (.text:PWM_setDuty)
                  0000732e    0000000a     driverlib.lib : uart.obj (.text:UARTCharGet)
                  00007338    0000000a                   : uart.obj (.text:UARTCharPut)
                  00007342    0000000a                   : uart.obj (.text:UARTIntDisable)
                  0000734c    0000000a                   : uart.obj (.text:UARTIntStatus)
                  00007356    0000000a     empty_pem4f.oem4f (.text:xdc_runtime_IHeap_alloc)
                  00007360    0000000a     empty_pem4f.oem4f (.text:xdc_runtime_IHeap_free)
                  0000736a    00000008     driverlib.lib : i2c.obj (.text:I2CMasterIntClear)
                  00007372    00000008                   : i2c.obj (.text:I2CMasterSlaveAddrSet)
                  0000737a    00000008     drivers_tivaware.aem4f : I2CTiva.oem4f (.text:I2CTiva_blockingCallback)
                  00007382    00000008     driverlib.lib : timer.obj (.text:TimerIntEnable)
                  0000738a    00000008                   : uart.obj (.text:UARTIntEnable)
                  00007392    00000008                   : uart.obj (.text:UARTRxErrorGet)
                  0000739a    00000008     drivers_tivaware.aem4f : UARTTiva.oem4f (.text:readSemCallback)
                  000073a2    00000008     BIOS.obj (.text:ti_sysbios_family_arm_lm4_Timer_masterDisable__I)
                  000073aa    00000006     driverlib.lib : gpio.obj (.text:GPIOPinRead)
                  000073b0    00000008     BIOS.obj (.text:ti_sysbios_family_arm_m3_Hwi_doSwiRestore__I)
                  000073b8    00000008     BIOS.obj (.text:ti_sysbios_family_arm_m3_Hwi_startup__E)
                  000073c0    00000008     drivers_tivaware.aem4f : UARTTiva.oem4f (.text:writeSemCallback)
                  000073c8    00000006     driverlib.lib : gpio.obj (.text:GPIOPinWrite)
                  000073ce    00000006                   : i2c.obj (.text:I2CMasterIntDisable)
                  000073d4    00000006                   : i2c.obj (.text:I2CMasterIntEnable)
                  000073da    00000006     drivers_tivaware.aem4f : I2CTiva.oem4f (.text:I2CTiva_control)
                  000073e0    00000006     driverlib.lib : sysctl.obj (.text:SysCtlDelay)
                  000073e6    00000006                   : uart.obj (.text:UARTClockSourceSet)
                  000073ec    00000006                   : uart.obj (.text:UARTFIFOLevelSet)
                  000073f2    00000006                   : uart.obj (.text:UARTRxErrorClear)
                  000073f8    00000006     Boot.aem4f : Boot_sysctl.oem4f (.text:ti_catalog_arm_cortexm4_tiva_ce_Boot_sysCtlDelayI__I)
                  000073fe    00000002     --HOLE-- [fill = 0]
                  00007400    00000006     BIOS.obj (.text:ti_sysbios_family_arm_m3_Hwi_doTaskRestore__I)
                  00007406    00000002     --HOLE-- [fill = 0]
                  00007408    00000006     BIOS.obj (.text:ti_sysbios_family_arm_m3_Hwi_restoreFxn__E)
                  0000740e    00000002     --HOLE-- [fill = 0]
                  00007410    00000006     BIOS.obj (.text:ti_sysbios_gates_GateHwi_leave__E)
                  00007416    00000002     --HOLE-- [fill = 0]
                  00007418    00000006     BIOS.obj (.text:ti_sysbios_heaps_HeapMem_isBlocking__E)
                  0000741e    00000002     --HOLE-- [fill = 0]
                  00007420    00000006     BIOS.obj (.text:ti_sysbios_knl_Clock_stop__E)
                  00007426    00000002     --HOLE-- [fill = 0]
                  00007428    00000006     BIOS.obj (.text:ti_sysbios_knl_Queue_Instance_init__E)
                  0000742e    00000002     --HOLE-- [fill = 0]
                  00007430    00000006     BIOS.obj (.text:ti_sysbios_knl_Swi_startup__E)
                  00007436    00000006     ti.targets.arm.rtsarm.aem4f : System.oem4f (.text:xdc_runtime_System_Module_startup__E)
                  0000743c    00000004     --HOLE-- [fill = 0]
                  00007440    00000004     BIOS.obj (.text:ti_sysbios_gates_GateHwi_query__E)
                  00007444    00000004     --HOLE-- [fill = 0]
                  00007448    00000004     BIOS.obj (.text:ti_sysbios_gates_GateMutex_query__E)
                  0000744c    00000004     --HOLE-- [fill = 0]
                  00007450    00000004     BIOS.obj (.text:ti_sysbios_knl_Task_startup__E)
                  00007454    00000004     --HOLE-- [fill = 0]
                  00007458    00000002     BIOS.obj (.text:ti_sysbios_gates_GateHwi_Instance_init__E)
                  0000745a    00000006     --HOLE-- [fill = 0]
                  00007460    00000002     BIOS.obj (.text:ti_sysbios_knl_Clock_logTick__E)

.const     0    00007464    00002184     
                  00007464    000018af     empty_pem4f.oem4f (.const:xdc_runtime_Text_charTab__A)
                  00008d13    00000001     empty_pem4f.oem4f (.const:xdc_runtime_Error_policy__C)
                  00008d14    000000bc     empty_pem4f.oem4f (.const:xdc_runtime_Text_nodeTab__A)
                  00008dd0    00000090     driverlib.lib : gpio.obj (.const:g_pui32GPIOBaseAddrs)
                  00008e60    0000006c                   : sysctl.obj (.const:g_pui32Xtals)
                  00008ecc    00000054     drivers_tivaware.aem4f : GPIOTiva.oem4f (.const:.string)
                  00008f20    0000004c                            : UARTTiva.oem4f (.const)
                  00008f6c    00000048     empty_pem4f.oem4f (.const:.string)
                  00008fb4    00000048     drivers_tivaware.aem4f : GPIOTiva.oem4f (.const:gpioBaseAddresses)
                  00008ffc    00000030     empty_pem4f.oem4f (.const:ti_sysbios_family_arm_m3_Hwi_Object__PARAMS__C)
                  0000902c    0000002c     empty_pem4f.oem4f (.const)
                  00009058    00000028     drivers_tivaware.aem4f : UARTTiva.oem4f (.const:UARTTiva_fxnTable)
                  00009080    00000028     empty_pem4f.oem4f (.const:ti_sysbios_heaps_HeapMem_Module__FXNS__C)
                  000090a8    00000024     EK_TM4C123GXL.obj (.const:I2C_config)
                  000090cc    00000024     EK_TM4C123GXL.obj (.const:PWM_config)
                  000090f0    00000024     empty_pem4f.oem4f (.const:ti_sysbios_gates_GateHwi_Module__FXNS__C)
                  00009114    00000024     empty_pem4f.oem4f (.const:ti_sysbios_gates_GateMutex_Module__FXNS__C)
                  00009138    00000024     empty_pem4f.oem4f (.const:ti_sysbios_heaps_HeapMem_Object__PARAMS__C)
                  0000915c    00000024     empty_pem4f.oem4f (.const:ti_sysbios_knl_Clock_Object__PARAMS__C)
                  00009180    00000024     empty_pem4f.oem4f (.const:ti_sysbios_knl_Semaphore_Object__PARAMS__C)
                  000091a4    00000020     drivers_tivaware.aem4f : PWMTiva.oem4f (.const)
                  000091c4    00000020     empty_pem4f.oem4f (.const:ti_sysbios_family_arm_m3_Hwi_Object__DESC__C)
                  000091e4    00000020     empty_pem4f.oem4f (.const:ti_sysbios_gates_GateHwi_Object__DESC__C)
                  00009204    00000020     empty_pem4f.oem4f (.const:ti_sysbios_gates_GateMutex_Object__DESC__C)
                  00009224    00000020     empty_pem4f.oem4f (.const:ti_sysbios_heaps_HeapMem_Object__DESC__C)
                  00009244    00000020     empty_pem4f.oem4f (.const:ti_sysbios_knl_Clock_Object__DESC__C)
                  00009264    00000020     empty_pem4f.oem4f (.const:ti_sysbios_knl_Queue_Object__DESC__C)
                  00009284    00000020     empty_pem4f.oem4f (.const:ti_sysbios_knl_Semaphore_Object__DESC__C)
                  000092a4    00000020     empty_pem4f.oem4f (.const:xdc_runtime_Startup_sfxnTab__A)
                  000092c4    0000001c     drivers_tivaware.aem4f : I2CTiva.oem4f (.const)
                  000092e0    00000018     EK_TM4C123GXL.obj (.const:UART_config)
                  000092f8    00000018     EK_TM4C123GXL.obj (.const:i2cTivaHWAttrs)
                  00009310    00000018     EK_TM4C123GXL.obj (.const:pwmTivaHWAttrs)
                  00009328    00000018     empty_pem4f.oem4f (.const:ti_sysbios_gates_GateHwi_Object__PARAMS__C)
                  00009340    00000018     empty_pem4f.oem4f (.const:ti_sysbios_gates_GateMutex_Object__PARAMS__C)
                  00009358    00000018     empty_pem4f.oem4f (.const:ti_sysbios_knl_Queue_Object__PARAMS__C)
                  00009370    00000018     EK_TM4C123GXL.obj (.const:uartTivaHWAttrs)
                  00009388    00000014     EK_TM4C123GXL.obj (.const:GPIOTiva_config)
                  0000939c    00000014     empty_pem4f.oem4f (.const:xdc_runtime_Startup_firstFxns__A)
                  000093b0    00000012     uartstdio.obj (.const:.string)
                  000093c2    00000002     empty_pem4f.oem4f (.const:ti_catalog_arm_cortexm4_tiva_ce_Boot_Module__id__C)
                  000093c4    00000010     drivers_tivaware.aem4f : I2C.oem4f (.const)
                  000093d4    00000010     empty_pem4f.oem4f (.const:xdc_runtime_Startup_sfxnRts__A)
                  000093e4    0000000c     drivers_tivaware.aem4f : PWM.oem4f (.const)
                  000093f0    0000000c     uartstdio.obj (.const:g_ui32UARTBase)
                  000093fc    0000000c     uartstdio.obj (.const:g_ui32UARTPeriph)
                  00009408    00000008     empty_pem4f.oem4f (.const:ti_sysbios_family_arm_m3_Hwi_excHookFuncs__A)
                  00009410    00000008     empty_pem4f.oem4f (.const:ti_sysbios_knl_Idle_funcList__C)
                  00009418    00000008     empty_pem4f.oem4f (.const:xdc_runtime_Startup_firstFxns__C)
                  00009420    00000008     empty_pem4f.oem4f (.const:xdc_runtime_Startup_lastFxns__C)
                  00009428    00000004     empty_pem4f.oem4f (.const:ti_catalog_arm_cortexm4_tiva_ce_Boot_A_mustUseEnhancedClockMode__C)
                  0000942c    00000004     empty_pem4f.oem4f (.const:ti_catalog_arm_cortexm4_tiva_ce_Boot_Module__diagsEnabled__C)
                  00009430    00000004     empty_pem4f.oem4f (.const:ti_catalog_arm_cortexm4_tiva_ce_Boot_Module__diagsIncluded__C)
                  00009434    00000004     empty_pem4f.oem4f (.const:ti_catalog_arm_cortexm4_tiva_ce_Boot_Module__diagsMask__C)
                  00009438    00000004     empty_pem4f.oem4f (.const:ti_sysbios_family_arm_lm4_Timer_enableFunc__C)
                  0000943c    00000004     empty_pem4f.oem4f (.const:ti_sysbios_family_arm_lm4_Timer_numTimerDevices__C)
                  00009440    00000004     empty_pem4f.oem4f (.const:ti_sysbios_family_arm_lm4_Timer_startupNeeded__C)
                  00009444    00000004     empty_pem4f.oem4f (.const:ti_sysbios_family_arm_m3_Hwi_E_NMI__C)
                  00009448    00000004     empty_pem4f.oem4f (.const:ti_sysbios_family_arm_m3_Hwi_E_alreadyDefined__C)
                  0000944c    00000004     empty_pem4f.oem4f (.const:ti_sysbios_family_arm_m3_Hwi_E_busFault__C)
                  00009450    00000004     empty_pem4f.oem4f (.const:ti_sysbios_family_arm_m3_Hwi_E_debugMon__C)
                  00009454    00000004     empty_pem4f.oem4f (.const:ti_sysbios_family_arm_m3_Hwi_E_hardFault__C)
                  00009458    00000004     empty_pem4f.oem4f (.const:ti_sysbios_family_arm_m3_Hwi_E_memFault__C)
                  0000945c    00000004     empty_pem4f.oem4f (.const:ti_sysbios_family_arm_m3_Hwi_E_noIsr__C)
                  00009460    00000004     empty_pem4f.oem4f (.const:ti_sysbios_family_arm_m3_Hwi_E_reserved__C)
                  00009464    00000004     empty_pem4f.oem4f (.const:ti_sysbios_family_arm_m3_Hwi_E_svCall__C)
                  00009468    00000004     empty_pem4f.oem4f (.const:ti_sysbios_family_arm_m3_Hwi_E_usageFault__C)
                  0000946c    00000004     empty_pem4f.oem4f (.const:ti_sysbios_family_arm_m3_Hwi_NUM_INTERRUPTS__C)
                  00009470    00000004     empty_pem4f.oem4f (.const:ti_sysbios_family_arm_m3_Hwi_Object__count__C)
                  00009474    00000004     empty_pem4f.oem4f (.const:ti_sysbios_family_arm_m3_Hwi_ccr__C)
                  00009478    00000004     empty_pem4f.oem4f (.const:ti_sysbios_family_arm_m3_Hwi_excHandlerFunc__C)
                  0000947c    00000004     empty_pem4f.oem4f (.const:ti_sysbios_family_arm_m3_Hwi_excHookFuncs__C)
                  00009480    00000004     empty_pem4f.oem4f (.const:ti_sysbios_family_arm_m3_Hwi_nullIsrFunc__C)
                  00009484    00000004     empty_pem4f.oem4f (.const:ti_sysbios_family_arm_m3_Hwi_priGroup__C)
                  00009488    00000004     empty_pem4f.oem4f (.const:ti_sysbios_gates_GateMutex_A_badContext__C)
                  0000948c    00000004     empty_pem4f.oem4f (.const:ti_sysbios_gates_GateMutex_Instance_State_sem__O)
                  00009490    00000004     empty_pem4f.oem4f (.const:ti_sysbios_gates_GateMutex_Module__diagsEnabled__C)
                  00009494    00000004     empty_pem4f.oem4f (.const:ti_sysbios_gates_GateMutex_Module__diagsIncluded__C)
                  00009498    00000004     empty_pem4f.oem4f (.const:ti_sysbios_gates_GateMutex_Module__diagsMask__C)
                  0000949c    00000004     empty_pem4f.oem4f (.const:ti_sysbios_hal_Hwi_E_stackOverflow__C)
                  000094a0    00000004     empty_pem4f.oem4f (.const:ti_sysbios_heaps_HeapMem_A_align__C)
                  000094a4    00000004     empty_pem4f.oem4f (.const:ti_sysbios_heaps_HeapMem_A_heapSize__C)
                  000094a8    00000004     empty_pem4f.oem4f (.const:ti_sysbios_heaps_HeapMem_A_invalidFree__C)
                  000094ac    00000004     empty_pem4f.oem4f (.const:ti_sysbios_heaps_HeapMem_A_zeroBlock__C)
                  000094b0    00000004     empty_pem4f.oem4f (.const:ti_sysbios_heaps_HeapMem_E_memory__C)
                  000094b4    00000004     empty_pem4f.oem4f (.const:ti_sysbios_heaps_HeapMem_Module__diagsEnabled__C)
                  000094b8    00000004     empty_pem4f.oem4f (.const:ti_sysbios_heaps_HeapMem_Module__diagsIncluded__C)
                  000094bc    00000004     empty_pem4f.oem4f (.const:ti_sysbios_heaps_HeapMem_Module__diagsMask__C)
                  000094c0    00000004     empty_pem4f.oem4f (.const:ti_sysbios_heaps_HeapMem_Module__gateObj__C)
                  000094c4    00000004     empty_pem4f.oem4f (.const:ti_sysbios_heaps_HeapMem_Object__count__C)
                  000094c8    00000004     empty_pem4f.oem4f (.const:ti_sysbios_heaps_HeapMem_reqAlign__C)
                  000094cc    00000004     empty_pem4f.oem4f (.const:ti_sysbios_knl_Clock_A_badThreadType__C)
                  000094d0    00000004     empty_pem4f.oem4f (.const:ti_sysbios_knl_Clock_Module_State_clockQ__O)
                  000094d4    00000004     empty_pem4f.oem4f (.const:ti_sysbios_knl_Clock_Module__diagsEnabled__C)
                  000094d8    00000004     empty_pem4f.oem4f (.const:ti_sysbios_knl_Clock_Module__diagsIncluded__C)
                  000094dc    00000004     empty_pem4f.oem4f (.const:ti_sysbios_knl_Clock_Module__diagsMask__C)
                  000094e0    00000004     empty_pem4f.oem4f (.const:ti_sysbios_knl_Idle_funcList__A)
                  000094e4    00000004     empty_pem4f.oem4f (.const:ti_sysbios_knl_Semaphore_A_badContext__C)
                  000094e8    00000004     empty_pem4f.oem4f (.const:ti_sysbios_knl_Semaphore_A_noEvents__C)
                  000094ec    00000004     empty_pem4f.oem4f (.const:ti_sysbios_knl_Semaphore_A_overflow__C)
                  000094f0    00000004     empty_pem4f.oem4f (.const:ti_sysbios_knl_Semaphore_A_pendTaskDisabled__C)
                  000094f4    00000004     empty_pem4f.oem4f (.const:ti_sysbios_knl_Semaphore_Instance_State_pendQ__O)
                  000094f8    00000004     empty_pem4f.oem4f (.const:ti_sysbios_knl_Semaphore_Module__diagsEnabled__C)
                  000094fc    00000004     empty_pem4f.oem4f (.const:ti_sysbios_knl_Semaphore_Module__diagsIncluded__C)
                  00009500    00000004     empty_pem4f.oem4f (.const:ti_sysbios_knl_Semaphore_Module__diagsMask__C)
                  00009504    00000004     empty_pem4f.oem4f (.const:ti_sysbios_knl_Swi_Object__count__C)
                  00009508    00000004     empty_pem4f.oem4f (.const:ti_sysbios_knl_Task_A_badTimeout__C)
                  0000950c    00000004     empty_pem4f.oem4f (.const:ti_sysbios_knl_Task_A_sleepTaskDisabled__C)
                  00009510    00000004     empty_pem4f.oem4f (.const:ti_sysbios_knl_Task_E_spOutOfBounds__C)
                  00009514    00000004     empty_pem4f.oem4f (.const:ti_sysbios_knl_Task_E_stackOverflow__C)
                  00009518    00000004     empty_pem4f.oem4f (.const:ti_sysbios_knl_Task_Module_State_inactiveQ__O)
                  0000951c    00000004     empty_pem4f.oem4f (.const:ti_sysbios_knl_Task_Module__diagsEnabled__C)
                  00009520    00000004     empty_pem4f.oem4f (.const:ti_sysbios_knl_Task_Module__diagsIncluded__C)
                  00009524    00000004     empty_pem4f.oem4f (.const:ti_sysbios_knl_Task_Module__diagsMask__C)
                  00009528    00000004     empty_pem4f.oem4f (.const:ti_sysbios_knl_Task_Object__count__C)
                  0000952c    00000004     empty_pem4f.oem4f (.const:ti_sysbios_knl_Task_allBlockedFunc__C)
                  00009530    00000004     empty_pem4f.oem4f (.const:ti_sysbios_knl_Task_numConstructedTasks__C)
                  00009534    00000004     uartstdio.obj (.const)
                  00009538    00000004     empty_pem4f.oem4f (.const:xdc_runtime_Assert_E_assertFailed__C)
                  0000953c    00000004     empty_pem4f.oem4f (.const:xdc_runtime_Core_A_initializedParams__C)
                  00009540    00000004     empty_pem4f.oem4f (.const:xdc_runtime_Core_Module__diagsEnabled__C)
                  00009544    00000004     empty_pem4f.oem4f (.const:xdc_runtime_Core_Module__diagsIncluded__C)
                  00009548    00000004     empty_pem4f.oem4f (.const:xdc_runtime_Core_Module__diagsMask__C)
                  0000954c    00000004     empty_pem4f.oem4f (.const:xdc_runtime_Error_E_memory__C)
                  00009550    00000004     empty_pem4f.oem4f (.const:xdc_runtime_Error_Module__diagsEnabled__C)
                  00009554    00000004     empty_pem4f.oem4f (.const:xdc_runtime_Error_Module__diagsIncluded__C)
                  00009558    00000004     empty_pem4f.oem4f (.const:xdc_runtime_Error_Module__diagsMask__C)
                  0000955c    00000004     empty_pem4f.oem4f (.const:xdc_runtime_Error_Module__loggerFxn8__C)
                  00009560    00000004     empty_pem4f.oem4f (.const:xdc_runtime_Error_Module__loggerObj__C)
                  00009564    00000004     empty_pem4f.oem4f (.const:xdc_runtime_Error_policyFxn__C)
                  00009568    00000004     empty_pem4f.oem4f (.const:xdc_runtime_Error_raiseHook__C)
                  0000956c    00000004     empty_pem4f.oem4f (.const:xdc_runtime_IGateProvider_Interface__BASE__C)
                  00009570    00000004     empty_pem4f.oem4f (.const:xdc_runtime_IHeap_Interface__BASE__C)
                  00009574    00000004     empty_pem4f.oem4f (.const:xdc_runtime_IModule_Interface__BASE__C)
                  00009578    00000004     empty_pem4f.oem4f (.const:xdc_runtime_Log_L_error__C)
                  0000957c    00000004     empty_pem4f.oem4f (.const:xdc_runtime_Memory_defaultHeapInstance__C)
                  00009580    00000004     empty_pem4f.oem4f (.const:xdc_runtime_Startup_execImpl__C)
                  00009584    00000004     empty_pem4f.oem4f (.const:xdc_runtime_Startup_maxPasses__C)
                  00009588    00000004     empty_pem4f.oem4f (.const:xdc_runtime_Startup_sfxnRts__C)
                  0000958c    00000004     empty_pem4f.oem4f (.const:xdc_runtime_Startup_sfxnTab__C)
                  00009590    00000004     empty_pem4f.oem4f (.const:xdc_runtime_SysMin_bufSize__C)
                  00009594    00000004     empty_pem4f.oem4f (.const:xdc_runtime_SysMin_outputFunc__C)
                  00009598    00000004     empty_pem4f.oem4f (.const:xdc_runtime_System_Module__gateObj__C)
                  0000959c    00000004     empty_pem4f.oem4f (.const:xdc_runtime_System_abortFxn__C)
                  000095a0    00000004     empty_pem4f.oem4f (.const:xdc_runtime_System_exitFxn__C)
                  000095a4    00000004     empty_pem4f.oem4f (.const:xdc_runtime_System_extendFxn__C)
                  000095a8    00000004     empty_pem4f.oem4f (.const:xdc_runtime_System_maxAtexitHandlers__C)
                  000095ac    00000004     empty_pem4f.oem4f (.const:xdc_runtime_Text_charTab__C)
                  000095b0    00000004     empty_pem4f.oem4f (.const:xdc_runtime_Text_nameEmpty__C)
                  000095b4    00000004     empty_pem4f.oem4f (.const:xdc_runtime_Text_nameStatic__C)
                  000095b8    00000004     empty_pem4f.oem4f (.const:xdc_runtime_Text_nameUnknown__C)
                  000095bc    00000004     empty_pem4f.oem4f (.const:xdc_runtime_Text_nodeTab__C)
                  000095c0    00000004     empty_pem4f.oem4f (.const:xdc_runtime_Text_visitRopeFxn__C)
                  000095c4    00000003     empty.obj (.const:.string:$P$T0$1)
                  000095c7    00000001     --HOLE-- [fill = 0]
                  000095c8    00000002     empty_pem4f.oem4f (.const:ti_sysbios_family_arm_m3_Hwi_Module__id__C)
                  000095ca    00000002     empty_pem4f.oem4f (.const:ti_sysbios_gates_GateMutex_Module__id__C)
                  000095cc    00000002     empty_pem4f.oem4f (.const:ti_sysbios_hal_Hwi_Module__id__C)
                  000095ce    00000002     empty_pem4f.oem4f (.const:ti_sysbios_heaps_HeapMem_Module__id__C)
                  000095d0    00000002     empty_pem4f.oem4f (.const:ti_sysbios_knl_Clock_Module__id__C)
                  000095d2    00000002     empty_pem4f.oem4f (.const:ti_sysbios_knl_Semaphore_Module__id__C)
                  000095d4    00000002     empty_pem4f.oem4f (.const:ti_sysbios_knl_Task_Module__id__C)
                  000095d6    00000002     empty_pem4f.oem4f (.const:xdc_runtime_Core_Module__id__C)
                  000095d8    00000002     empty_pem4f.oem4f (.const:xdc_runtime_Error_Module__loggerDefined__C)
                  000095da    00000002     empty_pem4f.oem4f (.const:xdc_runtime_Error_maxDepth__C)
                  000095dc    00000002     empty_pem4f.oem4f (.const:xdc_runtime_Memory_Module__id__C)
                  000095de    00000002     empty_pem4f.oem4f (.const:xdc_runtime_SysMin_flushAtExit__C)
                  000095e0    00000002     empty_pem4f.oem4f (.const:xdc_runtime_Text_charCnt__C)
                  000095e2    00000002     empty_pem4f.oem4f (.const:xdc_runtime_Text_isLoaded__C)
                  000095e4    00000002     empty_pem4f.oem4f (.const:xdc_runtime_Text_registryModsLastId__C)
                  000095e6    00000002     empty_pem4f.oem4f (.const:xdc_runtime_Text_unnamedModsLastId__C)

.cinit     0    000095e8    000002a0     
                  000095e8    0000026b     (.cinit..data.load) [load image, compression = lzss]
                  00009853    00000001     --HOLE-- [fill = 0]
                  00009854    0000000c     (__TI_handler_table)
                  00009860    00000008     (.cinit..bss.load) [load image, compression = zero_init]
                  00009868    00000008     (.cinit..vecs.load) [load image, compression = zero_init]
                  00009870    00000018     (__TI_cinit_table)

.init_array 
*          0    00000000    00000000     UNINITIALIZED

.resetVecs 
*          0    00000000    0000003c     
                  00000000    0000003c     empty_pem4f.oem4f (.resetVecs)

.bss       0    20000360    000017b6     UNINITIALIZED
                  20000360    00000c00     empty_pem4f.oem4f (.bss:taskStackSection)
                  20000f60    00000400     (.common:ti_sysbios_heaps_HeapMem_Instance_State_0_buf__A)
                  20001360    00000360     (.common:ti_sysbios_family_arm_m3_Hwi_dispatchTable)
                  200016c0    00000120     rtsv7M4_T_le_v4SPD16_eabi.lib : trgmsg.c.obj (.bss:_CIOBUF_)
                  200017e0    00000100     (.common:i2cTivaObjects)
                  200018e0    000000cc     (.common:uartTivaObjects)
                  200019ac    00000090     drivers_tivaware.aem4f : GPIOTiva.oem4f (.bss:gpioCallbackInfo)
                  20001a3c    00000080     (.common:xdc_runtime_SysMin_Module_State_0_outbuf__A)
                  20001abc    00000020     (.common:uartTivaRingBuffer)
                  20001adc    00000010     (.common:ADCread)
                  20001aec    00000010     (.common:pwmTivaObjects)
                  20001afc    00000008     (.common:parmbuf)
                  20001b04    00000004     (.common:ADCavg)
                  20001b08    00000004     (.common:PWMsave)
                  20001b0c    00000004     (.common:gpioInterruptVectors)
                  20001b10    00000004     (.common:ui32Period)
                  20001b14    00000002     (.common:output)

.data      0    20001b18    00000638     UNINITIALIZED
                  20001b18    000001c8     empty_pem4f.oem4f (.data:ti_sysbios_knl_Task_Object__table__V)
                  20001ce0    00000080     empty_pem4f.oem4f (.data:ti_sysbios_knl_Swi_Module_State_0_readyQ__A)
                  20001d60    00000080     empty_pem4f.oem4f (.data:ti_sysbios_knl_Task_Module_State_0_readyQ__A)
                  20001de0    00000064     empty_pem4f.oem4f (.data:ti_sysbios_knl_Semaphore_Object__table__V)
                  20001e44    00000044     empty_pem4f.oem4f (.data:ti_sysbios_knl_Task_Module__state__V)
                  20001e88    00000040     empty_pem4f.oem4f (.data:ti_sysbios_family_arm_lm4_Timer_Object__table__V)
                  20001ec8    00000038     empty_pem4f.oem4f (.data:ti_sysbios_gates_GateMutex_Object__table__V)
                  20001f00    00000034     empty_pem4f.oem4f (.data:ti_sysbios_family_arm_m3_Hwi_Module__state__V)
                  20001f34    00000030     empty_pem4f.oem4f (.data:ti_sysbios_family_arm_lm4_Timer_Module_State_0_device__A)
                  20001f64    00000030     empty_pem4f.oem4f (.data:ti_sysbios_family_arm_m3_Hwi_Object__table__V)
                  20001f94    00000030     empty_pem4f.oem4f (.data:ti_sysbios_knl_Swi_Object__table__V)
                  20001fc4    0000002c     empty_pem4f.oem4f (.data:ti_sysbios_knl_Clock_Module__state__V)
                  20001ff0    00000024     empty_pem4f.oem4f (.data:ti_sysbios_BIOS_Module__state__V)
                  20002014    0000001c     empty_pem4f.oem4f (.data:ti_sysbios_knl_Swi_Module__state__V)
                  20002030    00000018     drivers_tivaware.aem4f : PWMTiva.oem4f (.data)
                  20002048    00000018     empty_pem4f.oem4f (.data:ti_sysbios_family_arm_lm4_Timer_Module_State_0_handles__A)
                  20002060    00000018     empty_pem4f.oem4f (.data:ti_sysbios_heaps_HeapMem_Object__table__V)
                  20002078    00000014     EK_TM4C123GXL.obj (.data:gpioPinConfigs)
                  2000208c    0000000c     empty_pem4f.oem4f (.data:ti_sysbios_family_arm_lm4_Timer_Module__state__V)
                  20002098    0000000c     empty_pem4f.oem4f (.data:xdc_runtime_SysMin_Module__state__V)
                  200020a4    00000008     rtsv7M4_T_le_v4SPD16_eabi.lib : _lock.c.obj (.data:$O1$$)
                  200020ac    00000008     empty.obj (.data)
                  200020b4    00000008     EK_TM4C123GXL.obj (.data:gpioCallbackFunctions)
                  200020bc    00000008     empty_pem4f.oem4f (.data:ti_sysbios_family_arm_m3_Hwi_Module__root__V)
                  200020c4    00000008     empty_pem4f.oem4f (.data:ti_sysbios_gates_GateHwi_Module__root__V)
                  200020cc    00000008     empty_pem4f.oem4f (.data:ti_sysbios_gates_GateMutex_Module__root__V)
                  200020d4    00000008     empty_pem4f.oem4f (.data:ti_sysbios_hal_Hwi_Object__table__V)
                  200020dc    00000008     empty_pem4f.oem4f (.data:ti_sysbios_heaps_HeapMem_Module__root__V)
                  200020e4    00000008     empty_pem4f.oem4f (.data:ti_sysbios_knl_Clock_Module__root__V)
                  200020ec    00000008     empty_pem4f.oem4f (.data:ti_sysbios_knl_Queue_Module__root__V)
                  200020f4    00000008     empty_pem4f.oem4f (.data:ti_sysbios_knl_Semaphore_Module__root__V)
                  200020fc    00000008     empty_pem4f.oem4f (.data:xdc_runtime_Registry_Module__state__V)
                  20002104    00000008     empty_pem4f.oem4f (.data:xdc_runtime_Startup_Module__state__V)
                  2000210c    00000008     empty_pem4f.oem4f (.data:xdc_runtime_System_Module_State_0_atexitHandlers__A)
                  20002114    00000008     empty_pem4f.oem4f (.data:xdc_runtime_System_Module__state__V)
                  2000211c    00000005     drivers_tivaware.aem4f : GPIOTiva.oem4f (.data)
                  20002121    00000001     --HOLE--
                  20002122    00000002     empty_pem4f.oem4f (.data:ti_sysbios_family_arm_m3_Hwi_Module_State_0_excActive__A)
                  20002124    00000005     uartstdio.obj (.data)
                  20002129    00000001     --HOLE--
                  2000212a    00000002     empty_pem4f.oem4f (.data:xdc_runtime_Error_Module__state__V)
                  2000212c    00000004     drivers_tivaware.aem4f : I2C.oem4f (.data)
                  20002130    00000004                            : PWM.oem4f (.data)
                  20002134    00000004                            : UART.oem4f (.data)
                  20002138    00000004     rtsv7M4_T_le_v4SPD16_eabi.lib : stkdepth_vars.c.obj (.data)
                  2000213c    00000004     empty_pem4f.oem4f (.data:ti_sysbios_family_arm_m3_Hwi_Module_State_0_excContext__A)
                  20002140    00000004     empty_pem4f.oem4f (.data:ti_sysbios_family_arm_m3_Hwi_Module_State_0_excStack__A)
                  20002144    00000004     empty_pem4f.oem4f (.data:ti_sysbios_gates_GateHwi_Object__table__V)
                  20002148    00000004     empty_pem4f.oem4f (.data:ti_sysbios_knl_Task_Module_State_0_idleTask__A)
                  2000214c    00000004     empty_pem4f.oem4f (.data:xdc_runtime_Memory_Module__state__V)

.stack     0    20002150    00000300     UNINITIALIZED
                  20002150    00000300     --HOLE--

.bootVecs 
*          0    00000000    00000008     DSECT
                  00000000    00000008     boot.aem4f : boot.oem4f (.bootVecs)

.vecs      0    20000000    00000360     UNINITIALIZED
                  20000000    00000360     empty_pem4f.oem4f (.vecs)

xdc.meta   0    00000000    000000ec     COPY SECTION
                  00000000    000000ec     empty_pem4f.oem4f (xdc.meta)

__llvm_prf_cnts 
*          0    20000000    00000000     UNINITIALIZED

MODULE SUMMARY

       Module                       code    ro data   rw data
       ------                       ----    -------   -------
    ..\src\sysbios\
       BIOS.obj                     11484   0         0      
       m3_Hwi_asm.obj               314     0         0      
       m3_TaskSupport_asm.obj       180     0         0      
       m3_Hwi_asm_switch.obj        118     0         0      
    +--+----------------------------+-------+---------+---------+
       Total:                       12096   0         0      
                                                             
    .\
       empty.obj                    1204    3         38     
       EK_TM4C123GXL.obj            320     188       536    
       uartstdio.obj                976     46        5      
    +--+----------------------------+-------+---------+---------+
       Total:                       2500    237       579    
                                                             
    C:\Users\brian\workspace_v11\empty_EK_TM4C123GXL_TI\Debug\configPkg\package\cfg\
       empty_pem4f.oem4f            1790    7790      7448   
    +--+----------------------------+-------+---------+---------+
       Total:                       1790    7790      7448   
                                                             
    C:/ti/tirtos_tivac_2_16_00_08/products/TivaWare_C_Series-2.1.1.71b/driverlib/ccs/Debug/driverlib.lib
       gpio.obj                     650     144       0      
       sysctl.obj                   642     108       0      
       adc.obj                      326     0         0      
       uart.obj                     232     0         0      
       pwm.obj                      178     0         0      
       i2c.obj                      154     0         0      
       timer.obj                    140     0         0      
    +--+----------------------------+-------+---------+---------+
       Total:                       2322    252       0      
                                                             
    C:/ti/tirtos_tivac_2_16_00_08/products/tidrivers_tivac_2_16_00_08/packages/ti/drivers/lib/drivers_tivaware.aem4f
       UARTTiva.oem4f               2262    116       0      
       GPIOTiva.oem4f               844     156       153    
       PWMTiva.oem4f                962     32        24     
       I2CTiva.oem4f                798     28        0      
       RingBuf.oem4f                164     0         0      
       I2C.oem4f                    140     16        4      
       PWM.oem4f                    130     12        4      
       UART.oem4f                   56      0         4      
    +--+----------------------------+-------+---------+---------+
       Total:                       5356    360       189    
                                                             
    C:\ti\ccs1100\ccs\tools\compiler\ti-cgt-arm_20.2.5.LTS\lib\rtsv7M4_T_le_v4SPD16_eabi.lib
       trgmsg.c.obj                 108     0         288    
       memcpy_t2.asm.obj            156     0         0      
       memset_t2.asm.obj            122     0         0      
       copy_decompress_lzss.c.obj   104     0         0      
       hostwrite.c.obj              88      0         0      
       cpy_tbl.c.obj                76      0         0      
       u_divt2.asm.obj              64      0         0      
       _lock.c.obj                  26      0         8      
       args_main.c.obj              24      0         0      
       strlen.c.obj                 20      0         0      
       copy_decompress_none.c.obj   14      0         0      
       copy_zero_init.c.obj         12      0         0      
       hostopen.c.obj               0       0         8      
       exit.c.obj                   4       0         0      
       stkdepth_vars.c.obj          0       0         4      
       div0.asm.obj                 2       0         0      
    +--+----------------------------+-------+---------+---------+
       Total:                       820     0         308    
                                                             
    C:\ti\tirtos_tivac_2_16_00_08\products\bios_6_45_01_29\packages\ti\catalog\arm\cortexm4\tiva\ce\lib\Boot.aem4f
       Boot_sysctl.oem4f            262     0         0      
       Boot.oem4f                   152     0         0      
    +--+----------------------------+-------+---------+---------+
       Total:                       414     0         0      
                                                             
    C:\ti\tirtos_tivac_2_16_00_08\products\bios_6_45_01_29\packages\ti\targets\arm\rtsarm\lib\auto_init.aem4f
       auto_init.oem4f              160     0         0      
    +--+----------------------------+-------+---------+---------+
       Total:                       160     0         0      
                                                             
    C:\ti\tirtos_tivac_2_16_00_08\products\bios_6_45_01_29\packages\ti\targets\arm\rtsarm\lib\boot.aem4f
       boot.oem4f                   88      0         0      
    +--+----------------------------+-------+---------+---------+
       Total:                       88      0         0      
                                                             
    C:\ti\tirtos_tivac_2_16_00_08\products\bios_6_45_01_29\packages\ti\targets\arm\rtsarm\lib\ti.targets.arm.rtsarm.aem4f
       System.oem4f                 1255    0         0      
       Text.oem4f                   672     0         0      
       Error.oem4f                  524     0         0      
       Core-mem.oem4f               358     0         0      
       Startup.oem4f                328     0         0      
       SysMin.oem4f                 248     0         0      
       Core-smem.oem4f              204     0         0      
       Memory.oem4f                 176     0         0      
       Assert.oem4f                 84      0         0      
       Core-params.oem4f            70      0         0      
       Core-label.oem4f             52      0         0      
       Registry.oem4f               32      0         0      
       Gate.oem4f                   28      0         0      
    +--+----------------------------+-------+---------+---------+
       Total:                       4031    0         0      
                                                             
       Stack:                       0       0         768    
       Linker Generated:            0       671       0      
    +--+----------------------------+-------+---------+---------+
       Grand Total:                 29577   9310      9292   


LINKER GENERATED COPY TABLES

__TI_cinit_table @ 00009870 records: 3, size/record: 8, table size: 24
	.data: load addr=000095e8, load size=0000026b bytes, run addr=20001b18, run size=00000638 bytes, compression=lzss
	.bss: load addr=00009860, load size=00000008 bytes, run addr=20000360, run size=000017b6 bytes, compression=zero_init
	.vecs: load addr=00009868, load size=00000008 bytes, run addr=20000000, run size=00000360 bytes, compression=zero_init


LINKER GENERATED HANDLER TABLE

__TI_handler_table @ 00009854 records: 3, size/record: 4, table size: 12
	index: 0, handler: __TI_decompress_lzss
	index: 1, handler: __TI_decompress_none
	index: 2, handler: __TI_zero_init


GLOBAL SYMBOLS: SORTED ALPHABETICALLY BY Name 

address   name                                                              
-------   ----                                                              
00006f55  ADCHardwareOversampleConfigure                                    
000072e9  ADCIntClear                                                       
000065c1  ADCIntStatus                                                      
00006d65  ADCProcessorTrigger                                               
[...]
00007461  ti_sysbios_knl_Clock_logTick__E                                   
00007464  xdc_runtime_Text_charTab__A                                       
00008d13  xdc_runtime_Error_policy__C                                       
00008d14  xdc_runtime_Text_nodeTab__A                                       
00008ffc  ti_sysbios_family_arm_m3_Hwi_Object__PARAMS__C                    
0000902c  halHwi0                                                           
00009030  T1                                                                
00009034  T2                                                                
00009038  T3                                                                
0000903c  T4                                                                
00009040  T5                                                                
00009044  semaphore1                                                        
00009048  semaphore2                                                        
0000904c  semaphore3                                                        
00009050  semaphore4                                                        
00009054  semaphore5                                                        
00009058  UARTTiva_fxnTable                                                 
00009080  ti_sysbios_heaps_HeapMem_Module__FXNS__C                          
000090a8  I2C_config                                                        
000090cc  PWM_config                                                        
000090f0  ti_sysbios_gates_GateHwi_Module__FXNS__C                          
00009114  ti_sysbios_gates_GateMutex_Module__FXNS__C                        
00009138  ti_sysbios_heaps_HeapMem_Object__PARAMS__C                        
0000915c  ti_sysbios_knl_Clock_Object__PARAMS__C                            
00009180  ti_sysbios_knl_Semaphore_Object__PARAMS__C                        
000091a4  PWMTiva_fxnTable                                                  
000091c0  PWMTiva_MAX_PRESCALAR                                             
000091c2  PWMTiva_MAX_MATCH_VALUE                                           
000091c4  ti_sysbios_family_arm_m3_Hwi_Object__DESC__C                      
000091e4  ti_sysbios_gates_GateHwi_Object__DESC__C                          
00009204  ti_sysbios_gates_GateMutex_Object__DESC__C                        
00009224  ti_sysbios_heaps_HeapMem_Object__DESC__C                          
00009244  ti_sysbios_knl_Clock_Object__DESC__C                              
00009264  ti_sysbios_knl_Queue_Object__DESC__C                              
00009284  ti_sysbios_knl_Semaphore_Object__DESC__C                          
000092a4  xdc_runtime_Startup_sfxnTab__A                                    
000092c4  I2CTiva_fxnTable                                                  
000092e0  UART_config                                                       
000092f8  i2cTivaHWAttrs                                                    
00009310  pwmTivaHWAttrs                                                    
00009328  ti_sysbios_gates_GateHwi_Object__PARAMS__C                        
00009340  ti_sysbios_gates_GateMutex_Object__PARAMS__C                      
00009358  ti_sysbios_knl_Queue_Object__PARAMS__C                            
00009370  uartTivaHWAttrs                                                   
00009388  GPIOTiva_config                                                   
0000939c  xdc_runtime_Startup_firstFxns__A                                  
000093c2  ti_catalog_arm_cortexm4_tiva_ce_Boot_Module__id__C                
000093c4  I2C_defaultParams                                                 
000093d4  xdc_runtime_Startup_sfxnRts__A                                    
000093e4  PWM_defaultParams                                                 
00009408  ti_sysbios_family_arm_m3_Hwi_excHookFuncs__A                      
00009410  ti_sysbios_knl_Idle_funcList__C                                   
00009418  xdc_runtime_Startup_firstFxns__C                                  
00009420  xdc_runtime_Startup_lastFxns__C                                   
00009428  ti_catalog_arm_cortexm4_tiva_ce_Boot_A_mustUseEnhancedClockMode__C
0000942c  ti_catalog_arm_cortexm4_tiva_ce_Boot_Module__diagsEnabled__C      
00009430  ti_catalog_arm_cortexm4_tiva_ce_Boot_Module__diagsIncluded__C     
00009434  ti_catalog_arm_cortexm4_tiva_ce_Boot_Module__diagsMask__C         
00009438  ti_sysbios_family_arm_lm4_Timer_enableFunc__C                     
0000943c  ti_sysbios_family_arm_lm4_Timer_numTimerDevices__C                
00009440  ti_sysbios_family_arm_lm4_Timer_startupNeeded__C                  
00009444  ti_sysbios_family_arm_m3_Hwi_E_NMI__C                             
00009448  ti_sysbios_family_arm_m3_Hwi_E_alreadyDefined__C                  
0000944c  ti_sysbios_family_arm_m3_Hwi_E_busFault__C                        
00009450  ti_sysbios_family_arm_m3_Hwi_E_debugMon__C                        
00009454  ti_sysbios_family_arm_m3_Hwi_E_hardFault__C                       
00009458  ti_sysbios_family_arm_m3_Hwi_E_memFault__C                        
0000945c  ti_sysbios_family_arm_m3_Hwi_E_noIsr__C                           
00009460  ti_sysbios_family_arm_m3_Hwi_E_reserved__C                        
00009464  ti_sysbios_family_arm_m3_Hwi_E_svCall__C                          
00009468  ti_sysbios_family_arm_m3_Hwi_E_usageFault__C                      
0000946c  ti_sysbios_family_arm_m3_Hwi_NUM_INTERRUPTS__C                    
00009470  ti_sysbios_family_arm_m3_Hwi_Object__count__C                     
00009474  ti_sysbios_family_arm_m3_Hwi_ccr__C                               
00009478  ti_sysbios_family_arm_m3_Hwi_excHandlerFunc__C                    
0000947c  ti_sysbios_family_arm_m3_Hwi_excHookFuncs__C                      
00009480  ti_sysbios_family_arm_m3_Hwi_nullIsrFunc__C                       
00009484  ti_sysbios_family_arm_m3_Hwi_priGroup__C                          
00009488  ti_sysbios_gates_GateMutex_A_badContext__C                        
0000948c  ti_sysbios_gates_GateMutex_Instance_State_sem__O                  
00009490  ti_sysbios_gates_GateMutex_Module__diagsEnabled__C                
00009494  ti_sysbios_gates_GateMutex_Module__diagsIncluded__C               
00009498  ti_sysbios_gates_GateMutex_Module__diagsMask__C                   
0000949c  ti_sysbios_hal_Hwi_E_stackOverflow__C                             
000094a0  ti_sysbios_heaps_HeapMem_A_align__C                               
000094a4  ti_sysbios_heaps_HeapMem_A_heapSize__C                            
000094a8  ti_sysbios_heaps_HeapMem_A_invalidFree__C                         
000094ac  ti_sysbios_heaps_HeapMem_A_zeroBlock__C                           
000094b0  ti_sysbios_heaps_HeapMem_E_memory__C                              
000094b4  ti_sysbios_heaps_HeapMem_Module__diagsEnabled__C                  
000094b8  ti_sysbios_heaps_HeapMem_Module__diagsIncluded__C                 
000094bc  ti_sysbios_heaps_HeapMem_Module__diagsMask__C                     
000094c0  ti_sysbios_heaps_HeapMem_Module__gateObj__C                       
000094c4  ti_sysbios_heaps_HeapMem_Object__count__C                         
000094c8  ti_sysbios_heaps_HeapMem_reqAlign__C                              
000094cc  ti_sysbios_knl_Clock_A_badThreadType__C                           
000094d0  ti_sysbios_knl_Clock_Module_State_clockQ__O                       
000094d4  ti_sysbios_knl_Clock_Module__diagsEnabled__C                      
000094d8  ti_sysbios_knl_Clock_Module__diagsIncluded__C                     
000094dc  ti_sysbios_knl_Clock_Module__diagsMask__C                         
000094e0  ti_sysbios_knl_Idle_funcList__A                                   
000094e4  ti_sysbios_knl_Semaphore_A_badContext__C                          
000094e8  ti_sysbios_knl_Semaphore_A_noEvents__C                            
000094ec  ti_sysbios_knl_Semaphore_A_overflow__C                            
000094f0  ti_sysbios_knl_Semaphore_A_pendTaskDisabled__C                    
000094f4  ti_sysbios_knl_Semaphore_Instance_State_pendQ__O                  
000094f8  ti_sysbios_knl_Semaphore_Module__diagsEnabled__C                  
000094fc  ti_sysbios_knl_Semaphore_Module__diagsIncluded__C                 
00009500  ti_sysbios_knl_Semaphore_Module__diagsMask__C                     
00009504  ti_sysbios_knl_Swi_Object__count__C                               
00009508  ti_sysbios_knl_Task_A_badTimeout__C                               
0000950c  ti_sysbios_knl_Task_A_sleepTaskDisabled__C                        
00009510  ti_sysbios_knl_Task_E_spOutOfBounds__C                            
00009514  ti_sysbios_knl_Task_E_stackOverflow__C                            
00009518  ti_sysbios_knl_Task_Module_State_inactiveQ__O                     
0000951c  ti_sysbios_knl_Task_Module__diagsEnabled__C                       
00009520  ti_sysbios_knl_Task_Module__diagsIncluded__C                      
00009524  ti_sysbios_knl_Task_Module__diagsMask__C                          
00009528  ti_sysbios_knl_Task_Object__count__C                              
0000952c  ti_sysbios_knl_Task_allBlockedFunc__C                             
00009530  ti_sysbios_knl_Task_numConstructedTasks__C                        
00009538  xdc_runtime_Assert_E_assertFailed__C                              
0000953c  xdc_runtime_Core_A_initializedParams__C                           
00009540  xdc_runtime_Core_Module__diagsEnabled__C                          
00009544  xdc_runtime_Core_Module__diagsIncluded__C                         
00009548  xdc_runtime_Core_Module__diagsMask__C                             
0000954c  xdc_runtime_Error_E_memory__C                                     
00009550  xdc_runtime_Error_Module__diagsEnabled__C                         
00009554  xdc_runtime_Error_Module__diagsIncluded__C                        
00009558  xdc_runtime_Error_Module__diagsMask__C                            
0000955c  xdc_runtime_Error_Module__loggerFxn8__C                           
00009560  xdc_runtime_Error_Module__loggerObj__C                            
00009564  xdc_runtime_Error_policyFxn__C                                    
00009568  xdc_runtime_Error_raiseHook__C                                    
0000956c  xdc_runtime_IGateProvider_Interface__BASE__C                      
00009570  xdc_runtime_IHeap_Interface__BASE__C                              
00009574  xdc_runtime_IModule_Interface__BASE__C                            
00009578  xdc_runtime_Log_L_error__C                                        
0000957c  xdc_runtime_Memory_defaultHeapInstance__C                         
00009580  xdc_runtime_Startup_execImpl__C                                   
00009584  xdc_runtime_Startup_maxPasses__C                                  
00009588  xdc_runtime_Startup_sfxnRts__C                                    
0000958c  xdc_runtime_Startup_sfxnTab__C                                    
00009590  xdc_runtime_SysMin_bufSize__C                                     
00009594  xdc_runtime_SysMin_outputFunc__C                                  
00009598  xdc_runtime_System_Module__gateObj__C                             
0000959c  xdc_runtime_System_abortFxn__C                                    
000095a0  xdc_runtime_System_exitFxn__C                                     
000095a4  xdc_runtime_System_extendFxn__C                                   
000095a8  xdc_runtime_System_maxAtexitHandlers__C                           
000095ac  xdc_runtime_Text_charTab__C                                       
000095b0  xdc_runtime_Text_nameEmpty__C                                     
000095b4  xdc_runtime_Text_nameStatic__C                                    
000095b8  xdc_runtime_Text_nameUnknown__C                                   
000095bc  xdc_runtime_Text_nodeTab__C                                       
000095c0  xdc_runtime_Text_visitRopeFxn__C                                  
000095c8  ti_sysbios_family_arm_m3_Hwi_Module__id__C                        
000095ca  ti_sysbios_gates_GateMutex_Module__id__C                          
000095cc  ti_sysbios_hal_Hwi_Module__id__C                                  
000095ce  ti_sysbios_heaps_HeapMem_Module__id__C                            
000095d0  ti_sysbios_knl_Clock_Module__id__C                                
000095d2  ti_sysbios_knl_Semaphore_Module__id__C                            
000095d4  ti_sysbios_knl_Task_Module__id__C                                 
000095d6  xdc_runtime_Core_Module__id__C                                    
000095d8  xdc_runtime_Error_Module__loggerDefined__C                        
000095da  xdc_runtime_Error_maxDepth__C                                     
000095dc  xdc_runtime_Memory_Module__id__C                                  
000095de  xdc_runtime_SysMin_flushAtExit__C                                 
000095e0  xdc_runtime_Text_charCnt__C                                       
000095e2  xdc_runtime_Text_isLoaded__C                                      
000095e4  xdc_runtime_Text_registryModsLastId__C                            
000095e6  xdc_runtime_Text_unnamedModsLastId__C                             
000095e8  __TI_static_base__                                                
00009854  __TI_Handler_Table_Base                                           
00009860  __TI_Handler_Table_Limit                                          
00009870  __TI_CINIT_Base                                                   
00009888  __TI_CINIT_Limit                                                  
20000000  __start___llvm_prf_cnts                                           
20000000  __stop___llvm_prf_cnts                                            
20000000  ti_sysbios_family_arm_m3_Hwi_ramVectors                           
20000360  ti_sysbios_knl_Task_Instance_State_0_stack__A                     
20000560  ti_sysbios_knl_Task_Instance_State_1_stack__A                     
20000760  ti_sysbios_knl_Task_Instance_State_2_stack__A                     
20000960  ti_sysbios_knl_Task_Instance_State_3_stack__A                     
20000b60  ti_sysbios_knl_Task_Instance_State_4_stack__A                     
20000d60  ti_sysbios_knl_Task_Instance_State_5_stack__A                     
20000f60  ti_sysbios_heaps_HeapMem_Instance_State_0_buf__A                  
20001360  ti_sysbios_family_arm_m3_Hwi_dispatchTable                        
200016c0  __CIOBUF_                                                         
200017e0  i2cTivaObjects                                                    
200018e0  uartTivaObjects                                                   
20001a3c  xdc_runtime_SysMin_Module_State_0_outbuf__A                       
20001abc  uartTivaRingBuffer                                                
20001adc  ADCread                                                           
20001aec  pwmTivaObjects                                                    
20001afc  parmbuf                                                           
20001b04  ADCavg                                                            
20001b08  PWMsave                                                           
20001b10  ui32Period                                                        
20001b14  output                                                            
20001b18  ti_sysbios_knl_Task_Object__table__V                              
20001ce0  ti_sysbios_knl_Swi_Module_State_0_readyQ__A                       
20001d60  ti_sysbios_knl_Task_Module_State_0_readyQ__A                      
20001de0  ti_sysbios_knl_Semaphore_Object__table__V                         
20001e44  ti_sysbios_knl_Task_Module__state__V                              
20001e88  ti_sysbios_family_arm_lm4_Timer_Object__table__V                  
20001ec8  ti_sysbios_gates_GateMutex_Object__table__V                       
20001f00  ti_sysbios_family_arm_m3_Hwi_Module__state__V                     
20001f34  ti_sysbios_family_arm_lm4_Timer_Module_State_0_device__A          
20001f64  ti_sysbios_family_arm_m3_Hwi_Object__table__V                     
20001f94  ti_sysbios_knl_Swi_Object__table__V                               
20001fc4  ti_sysbios_knl_Clock_Module__state__V                             
20001ff0  ti_sysbios_BIOS_Module__state__V                                  
20002014  ti_sysbios_knl_Swi_Module__state__V                               
20002048  ti_sysbios_family_arm_lm4_Timer_Module_State_0_handles__A         
20002060  ti_sysbios_heaps_HeapMem_Object__table__V                         
20002078  gpioPinConfigs                                                    
2000208c  ti_sysbios_family_arm_lm4_Timer_Module__state__V                  
20002098  xdc_runtime_SysMin_Module__state__V                               
200020a4  _lock                                                             
200020a8  _unlock                                                           
200020ac  pwmPeriod                                                         
200020ae  dutyCycle                                                         
200020b0  tickCount                                                         
200020b4  gpioCallbackFunctions                                             
200020bc  ti_sysbios_family_arm_m3_Hwi_Module__root__V                      
200020c4  ti_sysbios_gates_GateHwi_Module__root__V                          
200020cc  ti_sysbios_gates_GateMutex_Module__root__V                        
200020d4  ti_sysbios_hal_Hwi_Object__table__V                               
200020dc  ti_sysbios_heaps_HeapMem_Module__root__V                          
200020e4  ti_sysbios_knl_Clock_Module__root__V                              
200020ec  ti_sysbios_knl_Queue_Module__root__V                              
200020f4  ti_sysbios_knl_Semaphore_Module__root__V                          
200020fc  xdc_runtime_Registry_Module__state__V                             
20002104  xdc_runtime_Startup_Module__state__V                              
2000210c  xdc_runtime_System_Module_State_0_atexitHandlers__A               
20002114  xdc_runtime_System_Module__state__V                               
20002122  ti_sysbios_family_arm_m3_Hwi_Module_State_0_excActive__A          
2000212a  xdc_runtime_Error_Module__state__V                                
20002138  main_func_sp                                                      
2000213c  ti_sysbios_family_arm_m3_Hwi_Module_State_0_excContext__A         
20002140  ti_sysbios_family_arm_m3_Hwi_Module_State_0_excStack__A           
20002144  ti_sysbios_gates_GateHwi_Object__table__V                         
20002148  ti_sysbios_knl_Task_Module_State_0_idleTask__A                    
2000214c  xdc_runtime_Memory_Module__state__V                               
20002150  __stack                                                           
20002450  __STACK_END                                                       
e000e000  ti_sysbios_family_arm_m3_Hwi_nvic                                 
ffffffff  __TI_pprof_out_hndl                                               
ffffffff  __TI_prof_data_size                                               
ffffffff  __TI_prof_data_start                                              
ffffffff  __binit__                                                         
ffffffff  __c_args__                                                        
ffffffff  binit                                                             
UNDEFED   SHT$$INIT_ARRAY$$Base                                             
UNDEFED   SHT$$INIT_ARRAY$$Limit                                            

[701 symbols]
