******************************************************************************
                  TI ARM Linker PC v20.2.5                     
******************************************************************************
>> Linked Sat Nov 13 13:12:45 2021

OUTPUT FILE NAME:   <mutex_CC1352R1_LAUNCHXL_tirtos_ccs.out>
ENTRY POINT SYMBOL: "ResetISR"  address: 00003709


MEMORY CONFIGURATION

         name            origin    length      used     unused   attr    fill
----------------------  --------  ---------  --------  --------  ----  --------
  FLASH                 00000000   00058000  00005d6f  00052291  R  X
  GPRAM                 11000000   00002000  00000000  00002000  RW X
  SRAM                  20000000   00014000  000065dd  0000da23  RW X
  LOG_DATA              90000000   00040000  00000000  00040000  R   


SEGMENT ALLOCATION MAP

run origin  load origin   length   init length attrs members
----------  ----------- ---------- ----------- ----- -------
00000000    00000000    00005d18   00005d18    r-x
  00000000    00000000    0000003c   0000003c    r-- .resetVecs
  0000003c    0000003c    00005330   00005330    r-x .text
  0000536c    0000536c    000007db   000007db    r-- .const
  00005b48    00005b48    000001d0   000001d0    r-- .cinit
00057fa8    00057fa8    00000058   00000058    r--
  00057fa8    00057fa8    00000058   00000058    r-- .ccfg
20000100    20000100    0000000c   00000000    rw-
  20000100    20000100    00000004   00000000    rw- .data:xdcRomConstPtr
  20000104    20000104    00000004   00000000    rw- .data:xdcRomExternFuncPtr
  20000108    20000108    00000004   00000000    rw- .data:xdcRomStatePtr
20000110    20000110    00004000   00000000    r--
  20000110    20000110    00004000   00000000    r-- .priheap
20004110    20004110    00002100   00000000    rw-
  20004110    20004110    00001bd1   00000000    rw- .bss
  20005ce8    20005ce8    00000528   00000000    rw- .data
20013c00    20013c00    00000400   00000000    rw-
  20013c00    20013c00    00000400   00000000    rw- .stack


SECTION ALLOCATION MAP

 output                                  attributes/
section   page    origin      length       input sections
--------  ----  ----------  ----------   ----------------
.binit     0    00000000    00000000     

.cinit     0    00005b48    000001d0     
                  00005b48    00000179     (.cinit..data.load) [load image, compression = lzss]
                  00005cc1    00000003     --HOLE-- [fill = 0]
                  00005cc4    0000000c     (__TI_handler_table)
                  00005cd0    00000008     (.cinit..bss.load) [load image, compression = zero_init]
                  00005cd8    00000008     (.cinit..data:xdcRomConstPtr.load) [load image, compression = lzss]
                  00005ce0    00000008     (.cinit..data:xdcRomExternFuncPtr.load) [load image, compression = lzss]
                  00005ce8    00000008     (.cinit..data:xdcRomStatePtr.load) [load image, compression = lzss]
                  00005cf0    00000028     (__TI_cinit_table)

.init_array 
*          0    00000000    00000000     UNINITIALIZED

.ccfg      0    00057fa8    00000058     
                  00057fa8    00000058     ti_devices_config.obj (.ccfg:retain)

.bss       0    20004110    00001bd1     UNINITIALIZED
                  20004110    00000400     ti_drivers_config.obj (.bss:displayUARTBuffer)
                  20004510    00000280     (.common:t4Stack)
                  20004790    00000200     mutex_pem4f.oem4f (.bss:taskStackSection)
                  20004990    00000200     (.common:t1Stack)
                  20004b90    00000200     (.common:t2Stack)
                  20004d90    00000200     (.common:t3Stack)
                  20004f90    00000200     (.common:t5Stack)
                  20005190    00000200     (.common:xdc_runtime_SysMin_Module_State_0_outbuf__A)
                  20005390    000001bc     (.common:uartCC26XXObjects)
                  2000554c    0000014c     (.common:i2cCC26xxObjects)
                  20005698    00000120     rtsv7M4_T_le_v4SPD16_eabi.lib : trgmsg.c.obj (.bss:_CIOBUF_)
                  200057b8    000000d8     (.common:ti_sysbios_family_arm_m3_Hwi_dispatchTable)
                  20005890    0000007c     (.common:pinHandleTable)
                  2000590c    00000050     drivers_cc13x2.a : ADCCC26XX.oem4f (.bss:adcSemaphore)
                  2000595c    00000050                      : PINCC26XX.oem4f (.bss:pinSemaphore)
                  200059ac    00000050     (.common:task1Struct)
                  200059fc    00000050     (.common:task2Struct)
                  20005a4c    00000050     (.common:task3Struct)
                  20005a9c    00000050     (.common:task4Struct)
                  20005aec    00000050     (.common:task5Struct)
                  20005b3c    0000004c     (.common:gptimerCC26XXObjects)
                  20005b88    0000003c                      : PINCC26XX.oem4f (.bss:pinSwi)
                  20005bc4    00000020                      : GPIOCC26XX.oem4f (.bss:gpioCallbackInfo)
                  20005be4    00000020                      : PINCC26XX.oem4f (.bss:pinGpioConfigTable)
                  20005c04    00000020     ti_drivers_config.obj (.bss:uartCC26XXRingBuffer0)
                  20005c24    00000020     (.common:pwmTimerCC26XXObjects)
                  20005c44    0000001c     drivers_cc13x2.a : PINCC26XX.oem4f (.bss:pinHwi)
                  20005c60    0000001c     (.common:semStruct)
                  20005c7c    00000014     (.common:adcCC26xxObjects)
                  20005c90    0000000c                      : GPIOCC26XX.oem4f (.bss:gpioPinState)
                  20005c9c    0000000c                      : PWMTimerCC26XX.oem4f (.bss:pinState)
                  20005ca8    0000000c     (.common:displayUartObject)
                  20005cb4    00000008                      : GPIOCC26XX.oem4f (.bss)
                  20005cbc    00000008     (.common:parmbuf)
                  20005cc4    00000004                      : PINCC26XX.oem4f (.bss)
                  20005cc8    00000004     (.common:PWMsave)
                  20005ccc    00000004     (.common:PowerCC26XX_swiKey)
                  20005cd0    00000004     (.common:PowerCC26XX_taskKey)
                  20005cd4    00000004     (.common:semHandle)
                  20005cd8    00000004     (.common:sleepCount)
                  20005cdc    00000002     (.common:ADCread)
                  20005cde    00000002     (.common:output)
                  20005ce0    00000001     (.common:driverlib_release_0_60278)

.data      0    20005ce8    00000528     UNINITIALIZED
                  20005ce8    00000170     drivers_cc13x2.a : PowerCC26X2.oem4f (.data:PowerCC26X2_module)
                  20005e58    0000010c     mutex_pem4f.oem4f (.data:ROM_stateStruct)
                  20005f64    0000004c     mutex_pem4f.oem4f (.data:ti_sysbios_knl_Task_Object__table__V)
                  20005fb0    00000048     mutex_pem4f.oem4f (.data:ti_sysbios_family_arm_cc26xx_Timer_Object__table__V)
                  20005ff8    00000038     mutex_pem4f.oem4f (.data:ti_sysbios_gates_GateMutex_Object__table__V)
                  20006030    00000030     mutex_pem4f.oem4f (.data:ti_sysbios_knl_Swi_Module_State_0_readyQ__A)
                  20006060    00000030     mutex_pem4f.oem4f (.data:ti_sysbios_knl_Swi_Object__table__V)
                  20006090    00000024     driverlib.lib : osc.obj (.data:$O1$$)
                  200060b4    00000020     mutex_pem4f.oem4f (.data:ti_sysbios_knl_Clock_Object__table__V)
                  200060d4    00000020     mutex_pem4f.oem4f (.data:ti_sysbios_knl_Task_Module_State_0_readyQ__A)
                  200060f4    00000020     mutex_pem4f.oem4f (.data:xdc_runtime_Error_IgnoreBlock)
                  20006114    00000018     mutex_pem4f.oem4f (.data:ti_sysbios_family_arm_m3_Hwi_Object__table__V)
                  2000612c    00000018     mutex_pem4f.oem4f (.data:ti_sysbios_heaps_HeapMem_Object__table__V)
                  20006144    0000000c     ti_drivers_config.obj (.data:gpioCallbackFunctions)
                  20006150    0000000c     ti_drivers_config.obj (.data:gpioPinConfigs)
                  2000615c    0000000c     mutex.obj (.data)
                  20006168    0000000c     mutex_pem4f.oem4f (.data:xdc_runtime_SysMin_Module__state__V)
                  20006174    00000008     rtsv7M4_T_le_v4SPD16_eabi.lib : _lock.c.obj (.data:$O1$$)
                  2000617c    00000008     drivers_cc13x2.a : PINCC26XX.oem4f (.data)
                  20006184    00000008     mutex_pem4f.oem4f (.data:ti_sysbios_family_arm_m3_Hwi_Module__root__V)
                  2000618c    00000008     mutex_pem4f.oem4f (.data:ti_sysbios_gates_GateHwi_Module__root__V)
                  20006194    00000008     mutex_pem4f.oem4f (.data:ti_sysbios_gates_GateMutex_Module__root__V)
                  2000619c    00000008     mutex_pem4f.oem4f (.data:ti_sysbios_hal_Hwi_Module__root__V)
                  200061a4    00000008     mutex_pem4f.oem4f (.data:ti_sysbios_heaps_HeapMem_Module__root__V)
                  200061ac    00000008     mutex_pem4f.oem4f (.data:ti_sysbios_knl_Clock_Module__root__V)
                  200061b4    00000008     mutex_pem4f.oem4f (.data:ti_sysbios_knl_Event_Module__root__V)
                  200061bc    00000008     mutex_pem4f.oem4f (.data:ti_sysbios_knl_Mailbox_Module__root__V)
                  200061c4    00000008     mutex_pem4f.oem4f (.data:ti_sysbios_knl_Queue_Module__root__V)
                  200061cc    00000008     mutex_pem4f.oem4f (.data:ti_sysbios_knl_Semaphore_Module__root__V)
                  200061d4    00000008     mutex_pem4f.oem4f (.data:ti_sysbios_knl_Swi_Module__root__V)
                  200061dc    00000008     mutex_pem4f.oem4f (.data:ti_sysbios_knl_Task_Module__root__V)
                  200061e4    00000008     mutex_pem4f.oem4f (.data:xdc_runtime_System_Module_State_0_atexitHandlers__A)
                  200061ec    00000005     drivers_cc13x2.a : GPIOCC26XX.oem4f (.data)
                  200061f1    00000001                      : ADC.oem4f (.data)
                  200061f2    00000002                      : ADCCC26XX.oem4f (.data)
                  200061f4    00000004                      : PWMTimerCC26XX.oem4f (.data)
                  200061f8    00000004                      : GPIOCC26XX.oem4f (.data:gpioPinTable)
                  200061fc    00000004     rtsv7M4_T_le_v4SPD16_eabi.lib : stkdepth_vars.c.obj (.data)
                  20006200    00000004     mutex_pem4f.oem4f (.data:ti_sysbios_family_arm_m3_Hwi_Module_State_0_excContext__A)
                  20006204    00000004     mutex_pem4f.oem4f (.data:ti_sysbios_family_arm_m3_Hwi_Module_State_0_excStack__A)
                  20006208    00000004     mutex_pem4f.oem4f (.data:ti_sysbios_knl_Task_Module_State_0_idleTask__A)
                  2000620c    00000002     mutex_pem4f.oem4f (.data:ti_sysbios_family_arm_m3_Hwi_Module_State_0_excActive__A)
                  2000620e    00000001     drivers_cc13x2.a : PWM.oem4f (.data)
                  2000620f    00000001                      : UART.oem4f (.data)

.stack     0    20013c00    00000400     UNINITIALIZED
                  20013c00    00000400     --HOLE--

.priheap   0    20000110    00004000     UNINITIALIZED
                  20000110    00004000     --HOLE--

.log_data 
*          0    90000000    00000000     COPY SECTION

.data:xdcRomConstPtr 
*          0    20000100    00000004     UNINITIALIZED
                  20000100    00000004     mutex_pem4f.oem4f (.data:xdcRomConstPtr)

.data:xdcRomExternFuncPtr 
*          0    20000104    00000004     UNINITIALIZED
                  20000104    00000004     mutex_pem4f.oem4f (.data:xdcRomExternFuncPtr)

.data:xdcRomStatePtr 
*          0    20000108    00000004     UNINITIALIZED
                  20000108    00000004     mutex_pem4f.oem4f (.data:xdcRomStatePtr)

.bootVecs 
*          0    00000000    00000008     DSECT
                  00000000    00000008     boot.aem4f : boot.oem4f (.bootVecs)

.resetVecs 
*          0    00000000    0000003c     
                  00000000    0000003c     mutex_pem4f.oem4f (.resetVecs)

.vecs      0    20000000    000000d8     NOLOAD SECTION
                  20000000    000000d8     mutex_pem4f.oem4f (.vecs)

xdc.meta   0    00000000    000000f9     COPY SECTION
                  00000000    000000f9     mutex_pem4f.oem4f (xdc.meta)

xdc.noload 
*          0    00000000    00000000     COPY SECTION

__llvm_prf_cnts 
*          0    20000000    00000000     UNINITIALIZED

.text      0    0000003c    00005330     
                  0000003c    000001f4     drivers_cc13x2.a : PINCC26XX.oem4f (.text:PIN_init)
                  00000230    00000198                      : PowerCC26X2.oem4f (.text:Power_sleep)
                  000003c8    00000190                      : PowerCC26X2_calibrateRCOSC.oem4f (.text:calibrateRcoscHf1)
                  00000558    0000018c                      : PowerCC26X2_calibrateRCOSC.oem4f (.text:runCalibrateFsm)
                  000006e4    00000174                      : PowerCC26X2.oem4f (.text:Power_init)
                  00000858    00000164                      : UARTCC26XX.oem4f (.text:UARTCC26XX_open)
                  000009bc    00000154                      : UARTCC26XX.oem4f (.text:UARTCC26XX_hwiIntFxn)
                  00000b10    0000013a                      : UARTCC26XX.oem4f (.text:UARTCC26XX_read)
                  00000c4a    00000002     ti_drivers_config.obj (.text:Board_initHook)
                  00000c4c    00000124     mutex.obj (.text:main)
                  00000d70    00000122     drivers_cc13x2.a : I2C.oem4f (.text:I2C_transferTimeout)
                  00000e92    00000002     display.a : DisplayUart.oem4f (.text:DisplayUartMin_clear)
                  00000e94    00000120     drivers_cc13x2.a : PowerCC26X2.oem4f (.text:configureXOSCHF)
                  00000fb4    00000114                      : PINCC26XX.oem4f (.text:PINCC26XX_setIoCfg)
                  000010c8    00000110                      : GPIOCC26XX.oem4f (.text:GPIO_setConfig)
                  000011d8    00000110                      : I2CCC26XX.oem4f (.text:I2CCC26XX_hwiFxn)
                  000012e8    0000010c                      : I2CCC26XX.oem4f (.text:I2C_open)
                  000013f4    00000106     mutex_pem4f.oem4f (.text:xdc_runtime_System_printfExtend__I)
                  000014fa    00000002     display.a : DisplayUart.oem4f (.text:DisplayUartMin_clearLines)
                  000014fc    00000104     mutex.obj (.text:taskFunction2)
                  00001600    000000f8     drivers_cc13x2.a : ADCCC26XX.oem4f (.text:ADCCC26XX_convertChain)
                  000016f8    000000f0                      : ADCCC26XX.oem4f (.text:ADCCC26XX_convert)
                  000017e8    000000f0     driverlib.lib : sys_ctrl.obj (.text:NOROM_SysCtrlStandby)
                  000018d8    000000e4     mutex.obj (.text:taskFunction4)
                  000019bc    000000e0     drivers_cc13x2.a : UARTCC26XX.oem4f (.text:UARTCC26XX_write)
                  00001a9c    000000dc                      : PWMTimerCC26XX.oem4f (.text:PWMTimerCC26XX_open)
                  00001b78    000000c8     dpl_cc13x2.a : PowerCC26X2_tirtos.oem4f (.text:PowerCC26XX_standbyPolicy)
                  00001c40    000000c4     drivers_cc13x2.a : GPIOCC26XX.oem4f (.text:GPIO_init)
                  00001d04    000000c0                      : PowerCC26X2.oem4f (.text:Power_releaseDependency)
                  00001dc4    000000c0                      : UARTCC26XX.oem4f (.text:UARTCC26XX_initIO)
                  00001e84    000000c0     mutex.obj (.text:taskFunction3)
                  00001f44    000000ba     drivers_cc13x2.a : I2CCC26XX.oem4f (.text:I2CCC26XX_swiFxn)
                  00001ffe    00000002     display.a : DisplayUart.oem4f (.text:DisplayUartMin_init)
                  00002000    000000b8     drivers_cc13x2.a : PowerCC26X2.oem4f (.text:Power_setDependency)
                  000020b8    000000b8                      : UARTCC26XX.oem4f (.text:UARTCC26XX_initHw)
                  00002170    000000ac                      : PINCC26XX.oem4f (.text:PIN_open)
                  0000221c    000000ac     driverlib.lib : setup.obj (.text:TrimAfterColdResetWakeupFromShutDown)
                  000022c8    000000a0     auto_init.aem4f : auto_init.oem4f (.text)
                  00002368    000000a0     mutex.obj (.text:taskFunction1)
                  00002408    0000009c     drivers_cc13x2.a : PWMTimerCC26XX.oem4f (.text:PWMTimerCC26XX_setDutyAndPeriod)
                  000024a4    0000009c     rtsv7M4_T_le_v4SPD16_eabi.lib : memcpy_t2.asm.obj (.text)
                  00002540    00000098     driverlib.lib : setup.obj (.text:NOROM_SetupTrimDevice)
                  000025d8    00000098     drivers_cc13x2.a : UARTCC26XX.oem4f (.text:writeTxFifoFlush)
                  00002670    00000096                      : I2CCC26XX.oem4f (.text:I2CSupport_primeTransfer)
                  00002706    00000096     rtsv7M4_T_le_v4SPD16_eabi.lib : ull_div_t2.asm.obj (.text)
                  0000279c    00000092     drivers_cc13x2.a : UARTCC26XX.oem4f (.text:UARTCC26XX_writeCancel)
                  0000282e    00000002                      : I2C.oem4f (.text:I2C_init)
                  00002830    00000088                      : GPTimerCC26XX.oem4f (.text:GPTimerCC26XX_open)
                  000028b8    00000088     driverlib.lib : osc.obj (.text:NOROM_OSCHF_AttemptToSwitchToXosc)
                  00002940    00000088     drivers_cc13x2.a : PowerCC26X2_calibrateRCOSC.oem4f (.text:calibrateRcoscHf2)
                  000029c8    00000088                      : PowerCC26X2.oem4f (.text:disableLFClockQualifiers)
                  00002a50    00000088                      : PowerCC26X2_calibrateRCOSC.oem4f (.text:updateSubSecInc)
                  00002ad8    00000084     ti_drivers_config.obj (.text:Board_sendExtFlashByte)
                  00002b5c    00000084     drivers_cc13x2.a : UARTCC26XX.oem4f (.text:UARTCC26XX_close)
                  00002be0    00000080     driverlib.lib : chipinfo.obj (.text:NOROM_ChipInfo_GetChipType)
                  00002c60    00000080                   : sys_ctrl.obj (.text:NOROM_SysCtrlSetRechargeBeforePowerDown)
                  00002ce0    00000080     rom_sysbios.aem4f : rom_sysbios.obj (.text:ti_sysbios_family_arm_cc26xx_Timer_start__E)
                  00002d60    0000007a     rtsv7M4_T_le_v4SPD16_eabi.lib : memset_t2.asm.obj (.text)
                  00002dda    00000078     rom_sysbios.aem4f : rom_sysbios.obj (.text:ti_sysbios_heaps_HeapMem_allocUnprotected__E)
                  00002e52    00000002     drivers_cc13x2.a : PWMTimerCC26XX.oem4f (.text:PWMTimerCC26XX_init)
                  00002e54    00000074                      : ADCCC26XX.oem4f (.text:ADCCC26XX_open)
                  00002ec8    00000074                      : GPTimerCC26XX.oem4f (.text:GPTimerCC26XX_resetHw)
                  00002f3c    00000074                      : I2CCC26XX.oem4f (.text:I2C_close)
                  00002fb0    00000074                      : PowerCC26X2_calibrateRCOSC.oem4f (.text:PowerCC26X2_auxISR)
                  00003024    00000070                      : ADCCC26XX.oem4f (.text:ADCCC26XX_convertToMicroVolts)
                  00003094    00000070                      : PINCC26XX.oem4f (.text:PIN_add)
                  00003104    0000006d     rom_sysbios.aem4f : rom_sysbios.obj (.text:xdc_runtime_System_formatNum__I)
                  00003171    00000001     --HOLE-- [fill = 0]
                  00003172    00000002     rtsv7M4_T_le_v4SPD16_eabi.lib : _lock.c.obj (.text:_nop)
                  00003174    00000068     driverlib.lib : osc.obj (.text:NOROM_OSCHF_SwitchToRcOscTurnOffXosc)
                  000031dc    00000068     rtsv7M4_T_le_v4SPD16_eabi.lib : copy_decompress_lzss.c.obj (.text:decompress:lzss:__TI_decompress_lzss)
                  00003244    00000064     drivers_cc13x2.a : I2CCC26XX.oem4f (.text:I2CCC26XX_initIO)
                  000032a8    00000064                      : UARTCC26XX.oem4f (.text:UARTCC26XX_control)
                  0000330c    00000064     rom_sysbios.aem4f : rom_sysbios.obj (.text:ti_sysbios_heaps_HeapMem_initPrimary__I)
                  00003370    00000062     drivers_cc13x2.a : UARTCC26XX.oem4f (.text:UARTCC26XX_swiIntFxn)
                  000033d2    00000002                      : PowerCC26X2.oem4f (.text:emptyClockFunc)
                  000033d4    00000060                      : I2CCC26XX.oem4f (.text:I2CCC26XX_initHw)
                  00003434    0000005c     display.a : Display.oem4f (.text:Display_doOpen)
                  00003490    0000005c     drivers_cc13x2.a : PINCC26XX.oem4f (.text:PIN_remove)
                  000034ec    0000005c                      : PWMTimerCC26XX.oem4f (.text:PWMTimerCC26XX_setPeriod)
                  00003548    0000005c                      : UARTCC26XX.oem4f (.text:startTxFifoEmptyClk)
                  000035a4    0000005c     mutex_pem4f.oem4f (.text:xdc_runtime_Startup_getState__I)
                  00003600    00000058     drivers_cc13x2.a : GPTimerCC26XX.oem4f (.text:GPTimerCC26XX_stop)
                  00003658    00000058     rtsv7M4_T_le_v4SPD16_eabi.lib : hostwrite.c.obj (.text:HOSTwrite)
                  000036b0    00000058     drivers_cc13x2.a : PowerCC26X2_calibrateRCOSC.oem4f (.text:PowerCC26X2_initiateCalibration)
                  00003708    00000058     boot.aem4f : boot.oem4f (.text)
                  00003760    00000058     rom_sysbios.aem4f : rom_sysbios.obj (.text:ti_sysbios_heaps_HeapMem_alloc__E)
                  000037b8    00000054     driverlib.lib : prcm.obj (.text:NOROM_PRCMPowerDomainsAllOff)
                  0000380c    00000054     dpl_cc13x2.a : SwiP_tirtos.oem4f (.text:SwiP_construct)
                  00003860    00000050     drivers_cc13x2.a : GPIOCC26XX.oem4f (.text:GPIO_enableInt)
                  000038b0    00000050                      : PWMTimerCC26XX.oem4f (.text:PWMTimerCC26XX_getdutyCounts)
                  00003900    0000004c     ti_drivers_config.obj (.text:Board_wakeUpExtFlash)
                  0000394c    0000004c     drivers_cc13x2.a : GPTimerCC26XX.oem4f (.text:GPTimerCC26XX_initHw)
                  00003998    0000004c                      : GPTimerCC26XX.oem4f (.text:GPTimerCC26XX_start)
                  000039e4    0000004c     driverlib.lib : prcm.obj (.text:NOROM_PRCMPowerDomainsAllOn)
                  00003a30    0000004c     drivers_cc13x2.a : UARTCC26XX.oem4f (.text:UARTCC26XX_readCancel)
                  00003a7c    0000004c     rtsv7M4_T_le_v4SPD16_eabi.lib : cpy_tbl.c.obj (.text:copy_in)
                  00003ac8    0000004a     display.a : DisplayUart.oem4f (.text:DisplayUartMin_open)
                  00003b12    00000002     rtsv7M4_T_le_v4SPD16_eabi.lib : div0.asm.obj (.text)
                  00003b14    00000048     drivers_cc13x2.a : PINCC26XX.oem4f (.text:PIN_setOutputEnable)
                  00003b5c    00000048                      : PWMTimerCC26XX.oem4f (.text:PWMTimerCC26XX_setDuty)
                  00003ba4    00000048                      : PowerCC26X2_calibrateRCOSC.oem4f (.text:PowerCC26X2_RCOSC_clockFunc)
                  00003bec    00000048                      : PowerCC26X2.oem4f (.text:switchXOSCHF)
                  00003c34    00000048                      : UARTCC26XX.oem4f (.text:writeFinishedDoCallback)
                  00003c7c    00000046     display.a : DisplayUart.oem4f (.text:DisplayUartMin_vprintf)
                  00003cc2    00000046     drivers_cc13x2.a : RingBuf.oem4f (.text:RingBuf_put)
                  00003d08    00000044                      : ADC.oem4f (.text:ADC_init)
                  00003d4c    00000044     driverlib.lib : chipinfo.obj (.text:NOROM_ChipInfo_GetHwRevision)
                  00003d90    00000044     drivers_cc13x2.a : PINCC26XX.oem4f (.text:PIN_swi)
                  00003dd4    00000044                      : PWM.oem4f (.text:PWM_init)
                  00003e18    00000044                      : UART.oem4f (.text:UART_init)
                  00003e5c    00000044     rom_sysbios.aem4f : rom_sysbios.obj (.text:xdc_runtime_SysMin_flush__E)
                  00003ea0    00000040     drivers_cc13x2.a : ADC.oem4f (.text:ADC_open)
                  00003ee0    00000040     ti_drivers_config.obj (.text:Board_shutDownExtFlash)
                  00003f20    00000040     dpl_cc13x2.a : ClockP_tirtos.oem4f (.text:ClockP_construct)
                  00003f60    00000040     driverlib.lib : osc.obj (.text:NOROM_OSC_HPOSCRelativeFrequencyOffsetGet)
                  00003fa0    00000040     drivers_cc13x2.a : PWM.oem4f (.text:PWM_open)
                  00003fe0    00000040                      : RingBuf.oem4f (.text:RingBuf_get)
                  00004020    00000040                      : UART.oem4f (.text:UART_open)
                  00004060    00000040     rtsv7M4_T_le_v4SPD16_eabi.lib : u_divt2.asm.obj (.text)
                  000040a0    00000040     rom_sysbios.aem4f : rom_sysbios.obj (.text:ti_sysbios_family_arm_cc26xx_Timer_setThreshold__I)
                  000040e0    0000003e     dpl_cc13x2.a : HwiP_tirtos.oem4f (.text:HwiP_construct)
                  0000411e    00000002     mutex_pem4f.oem4f (.text:ti_sysbios_BIOS_nullFunc__I)
                  00004120    0000003c     drivers_cc13x2.a : ADCCC26XX.oem4f (.text:ADCCC26XX_close)
                  0000415c    0000003c                      : PINCC26XX.oem4f (.text:PIN_setInterrupt)
                  00004198    0000003c                      : PINCC26XX.oem4f (.text:PIN_setOutputValue)
                  000041d4    0000003c     rom_sysbios.aem4f : rom_sysbios.obj (.text:ti_sysbios_family_arm_m3_Hwi_construct2__E)
                  00004210    00000038     drivers_cc13x2.a : PINCC26XX.oem4f (.text:PIN_setConfig)
                  00004248    00000038     rtsv7M4_T_le_v4SPD16_eabi.lib : trgmsg.c.obj (.text:__TI_writemsg)
                  00004280    00000038     drivers_cc13x2.a : PowerCC26X2.oem4f (.text:notify)
                  000042b8    00000038                      : UARTCC26XX.oem4f (.text:readData)
                  000042f0    00000038     rom_sysbios.aem4f : rom_sysbios.obj (.text:ti_sysbios_family_arm_cc26xx_Timer_getCurrentTick__E)
                  00004328    00000038     drivers_cc13x2.a : UARTCC26XX.oem4f (.text:writeData)
                  00004360    00000034                      : GPIOCC26XX.oem4f (.text:GPIO_toggle)
                  00004394    00000034                      : GPTimerCC26XX.oem4f (.text:GPTimerCC26XXSetLoadMatch)
                  000043c8    00000034                      : GPTimerCC26XX.oem4f (.text:GPTimerCC26XX_configureDebugStall)
                  000043fc    00000034     driverlib.lib : aux_sysif.obj (.text:NOROM_AUXSYSIFOpModeChange)
                  00004430    00000034                   : sys_ctrl.obj (.text:NOROM_SysCtrlIdle)
                  00004464    00000034     drivers_cc13x2.a : PWMTimerCC26XX.oem4f (.text:PWMTimerCC26XX_getperiodCounts)
                  00004498    00000034     rtsv7M4_T_le_v4SPD16_eabi.lib : trgmsg.c.obj (.text:__TI_readmsg)
                  000044cc    00000034     drivers_cc13x2.a : UARTCC26XX.oem4f (.text:readData2RingBuf)
                  00004500    00000034     rom_sysbios.aem4f : rom_sysbios.obj (.text:xdc_runtime_SysMin_abort__E)
                  00004534    00000034                       : rom_sysbios.obj (.text:xdc_runtime_SysMin_putch__E)
                  00004568    00000032                       : rom_sysbios.obj (.text:ti_sysbios_family_arm_cc26xx_Timer_setNextTick__E)
                  0000459a    00000002                       : rom_sysbios.obj (.text:xdc_runtime_SysCallback_defaultAbort)
                  0000459c    00000030     drivers_cc13x2.a : GPIOCC26XX.oem4f (.text:GPIO_hwiIntFxn)
                  000045cc    00000030                      : GPIOCC26XX.oem4f (.text:GPIO_setCallback)
                  000045fc    00000030                      : GPTimerCC26XX.oem4f (.text:GPTimerCC26XX_close)
                  0000462c    00000030                      : PINCC26XX.oem4f (.text:PINCC26XX_setMux)
                  0000465c    00000030                      : PWMTimerCC26XX.oem4f (.text:PWMTimerCC26XX_start)
                  0000468c    00000030                      : PowerCC26X2.oem4f (.text:Power_releaseConstraint)
                  000046bc    00000030                      : PowerCC26X2.oem4f (.text:Power_setConstraint)
                  000046ec    00000030     mutex.obj (.text:taskFunction5)
                  0000471c    00000030     mutex_pem4f.oem4f (.text:ti_sysbios_BIOS_atExitFunc__I)
                  0000474c    00000030     mutex_pem4f.oem4f (.text:ti_sysbios_BIOS_startFunc__I)
                  0000477c    00000030     rom_sysbios.aem4f : rom_sysbios.obj (.text:ti_sysbios_family_arm_cc26xx_Timer_initDevice__I)
                  000047ac    0000002c     drivers_cc13x2.a : GPTimerCC26XX.oem4f (.text:GPTimerCC26XX_getTimerValue)
                  000047d8    0000002c                      : PWMTimerCC26XX.oem4f (.text:PWMTimerCC26XX_close)
                  00004804    0000002c                      : PWMTimerCC26XX.oem4f (.text:PWMTimerCC26XX_stop)
                  00004830    0000002c     dpl_cc13x2.a : SemaphoreP_tirtos.oem4f (.text:SemaphoreP_constructBinary)
                  0000485c    0000002c                  : SemaphoreP_tirtos.oem4f (.text:SemaphoreP_createBinary)
                  00004888    0000002c     rom_sysbios.aem4f : rom_sysbios.obj (.text:ti_sysbios_knl_Clock_getTicksUntilInterrupt__E)
                  000048b4    0000002a     display.a : Display.oem4f (.text:Display_doPrintf)
                  000048de    00000002     rom_sysbios.aem4f : rom_sysbios.obj (.text:xdc_runtime_SysCallback_defaultExit)
                  000048e0    00000028     display.a : Display.oem4f (.text:Display_doInit)
                  00004908    00000028     drivers_cc13x2.a : PowerCC26X2.oem4f (.text:Power_registerNotify)
                  00004930    00000028                      : PowerCC26X2.oem4f (.text:oscillatorISR)
                  00004958    00000026                      : I2C.oem4f (.text:I2C_cancel)
                  0000497e    00000026                      : List.oem4f (.text:List_put)
                  000049a4    00000026                      : List.oem4f (.text:List_remove)
                  000049ca    00000002     rom_sysbios.aem4f : rom_sysbios.obj (.text:xdc_runtime_SysCallback_defaultFlush)
                  000049cc    00000024     driverlib.lib : osc.obj (.text:NOROM_OSCHF_TurnOnXosc)
                  000049f0    00000024     drivers_cc13x2.a : PowerCC26X2_calibrateRCOSC.oem4f (.text:getTdcSemaphore)
                  00004a14    00000024     mutex_pem4f.oem4f (.text:ti_sysbios_BIOS_registerRTSLock__I)
                  00004a38    00000024     mutex_pem4f.oem4f (.text:ti_sysbios_BIOS_removeRTSLock__I)
                  00004a5c    00000024     rom_sysbios.aem4f : rom_sysbios.obj (.text:ti_sysbios_family_arm_cc26xx_Timer_getMaxTicks__E)
                  00004a80    00000022     mutex_pem4f.oem4f (.text:xdc_runtime_SysMin_output__I)
                  00004aa2    00000002     rom_sysbios.aem4f : rom_sysbios.obj (.text:xdc_runtime_SysCallback_defaultPutch)
                  00004aa4    00000020     ti_drivers_config.obj (.text:Board_init)
                  00004ac4    00000020     driverlib.lib : aux_adc.obj (.text:NOROM_AUXADCEnableSync)
                  00004ae4    00000020     drivers_cc13x2.a : PINCC26XX.oem4f (.text:PINCC26XX_setIoCfgMux)
                  00004b04    00000020                      : PowerCC26X2.oem4f (.text:Power_unregisterNotify)
                  00004b24    00000020                      : UARTCC26XX.oem4f (.text:threadSafeStdbyDisRelease)
                  00004b44    00000020                      : UARTCC26XX.oem4f (.text:threadSafeStdbyDisSet)
                  00004b64    00000020     mutex_pem4f.oem4f (.text:ti_sysbios_BIOS_rtsLock__I)
                  00004b84    00000020     rom_sysbios.aem4f : rom_sysbios.obj (.text:ti_sysbios_family_arm_cc26xx_Timer_dynamicStub__E)
                  00004ba4    00000020                       : rom_sysbios.obj (.text:xdc_runtime_SysMin_Module_startup__E)
                  00004bc4    0000001e     drivers_cc13x2.a : PINCC26XX.oem4f (.text:PIN_close)
                  00004be2    0000001e                      : PowerCC26X2.oem4f (.text:Power_getTransitionLatency)
                  00004c00    0000001c     driverlib.lib : chipinfo.obj (.text:NOROM_ChipInfo_GetChipFamily)
                  00004c1c    0000001c     drivers_cc13x2.a : PINCC26XX.oem4f (.text:PIN_hwi)
                  00004c38    0000001c     dpl_cc13x2.a : PowerCC26X2_tirtos.oem4f (.text:PowerCC26XX_schedulerDisable)
                  00004c54    0000001c                  : PowerCC26X2_tirtos.oem4f (.text:PowerCC26XX_schedulerRestore)
                  00004c70    0000001c     rom_sysbios.aem4f : rom_sysbios.obj (.text:ti_sysbios_family_arm_m3_Hwi_clearInterrupt__E)
                  00004c8c    0000001c                       : rom_sysbios.obj (.text:ti_sysbios_knl_Swi_construct2__E)
                  00004ca8    0000001c     mutex_pem4f.oem4f (.text:xdc_runtime_Startup_exec__I)
                  00004cc4    0000001c     rom_sysbios.aem4f : rom_sysbios.obj (.text:xdc_runtime_SysMin_exit__E)
                  00004ce0    0000001a     drivers_cc13x2.a : PWMTimerCC26XX.oem4f (.text:PWMTimerCC26XX_control)
                  00004cfa    0000001a                      : PowerCC26X2.oem4f (.text:PowerCC26XX_calibrate)
                  00004d14    00000018     driverlib.lib : chipinfo.obj (.text:NOROM_ChipInfo_GetPackageType)
                  00004d2c    00000018     drivers_cc13x2.a : PowerCC26X2.oem4f (.text:Power_idleFunc)
                  00004d44    00000018                      : UART.oem4f (.text:UART_Params_init)
                  00004d5c    00000018     rtsv7M4_T_le_v4SPD16_eabi.lib : args_main.c.obj (.text:_args_main)
                  00004d74    00000018     mutex.obj (.text:pushButton)
                  00004d8c    00000018     rtsv7M4_T_le_v4SPD16_eabi.lib : ll_mul_t2.asm.obj (.text)
                  00004da4    00000018     drivers_cc13x2.a : PowerCC26X2.oem4f (.text:switchToTCXO)
                  00004dbc    00000018     mutex_pem4f.oem4f (.text:ti_sysbios_BIOS_rtsUnlock__I)
                  00004dd4    00000018     rom_sysbios.aem4f : rom_sysbios.obj (.text:ti_sysbios_knl_Swi_or__E)
                  00004dec    00000018                       : rom_sysbios.obj (.text:xdc_runtime_Error_init__E)
                  00004e04    00000018     mutex_pem4f.oem4f (.text:xdc_runtime_SysMin_Module__startupDone__F)
                  00004e1c    00000016     display.a : DisplayUart.oem4f (.text:DisplayUartMin_close)
                  00004e32    00000016     driverlib.lib : chipinfo.obj (.text:NOROM_ThisLibraryIsFor_CC13x2_CC26x2_HwRev20AndLater_HaltIfViolated)
                  00004e48    00000016     mutex_pem4f.oem4f (.text:ti_sysbios_BIOS_exitFunc__I)
                  00004e5e    00000016     mutex.obj (.text:ti_sysbios_knl_Semaphore_Params_init)
                  00004e74    00000016     mutex.obj (.text:ti_sysbios_knl_Task_Params_init)
                  00004e8a    00000014     drivers_cc13x2.a : I2C.oem4f (.text:I2C_transfer)
                  00004e9e    00000002     --HOLE-- [fill = 0]
                  00004ea0    00000014                      : PINCC26XX.oem4f (.text:PINCC26XX_getPinCount)
                  00004eb4    00000014                      : PWM.oem4f (.text:PWM_Params_init)
                  00004ec8    00000014                      : PowerCC26X2_calibrateRCOSC.oem4f (.text:PowerCC26X2_calibrate)
                  00004edc    00000014     rom_sysbios.aem4f : rom_sysbios.obj (.text:ti_sysbios_family_arm_cc26xx_Timer_getCount64__E)
                  00004ef0    00000014     mutex_pem4f.oem4f (.text:ti_sysbios_knl_Clock_doTick__I)
                  00004f04    00000012     drivers_cc13x2.a : GPTimerCC26XX.oem4f (.text:GPTimerCC26XX_Params_init)
                  00004f16    00000012                      : RingBuf.oem4f (.text:RingBuf_construct)
                  00004f28    00000012     dpl_cc13x2.a : SemaphoreP_tirtos.oem4f (.text:SemaphoreP_pend)
                  00004f3a    00000002     --HOLE-- [fill = 0]
                  00004f3c    00000010     drivers_cc13x2.a : ADCCC26XX.oem4f (.text:AUXADCSelectInput)
                  00004f4c    00000010     dpl_cc13x2.a : HwiP_tirtos.oem4f (.text:HwiP_Params_init)
                  00004f5c    00000010     drivers_cc13x2.a : I2CCC26XX.oem4f (.text:I2CCC26XX_postNotify)
                  00004f6c    00000010                      : I2C.oem4f (.text:I2C_Params_init)
                  00004f7c    00000010     dpl_cc13x2.a : SwiP_tirtos.oem4f (.text:SwiP_Params_init)
                  00004f8c    00000010     drivers_cc13x2.a : UARTCC26XX.oem4f (.text:uartPostNotify)
                  00004f9c    00000010     rom_sysbios.aem4f : rom_sysbios.obj (.text:xdc_runtime_SysMin_ready__E)
                  00004fac    0000000e     drivers_cc13x2.a : I2CCC26XX.oem4f (.text:I2CSupport_masterFinish)
                  00004fba    0000000e     rtsv7M4_T_le_v4SPD16_eabi.lib : copy_decompress_none.c.obj (.text:decompress:none:__TI_decompress_none)
                  00004fc8    0000000e     rom_sysbios.aem4f : rom_sysbios.obj (.text:ti_sysbios_family_arm_cc26xx_TimestampProvider_get32__E)
                  00004fd6    00000002     --HOLE-- [fill = 0]
                  00004fd8    0000000c     dpl_cc13x2.a : ClockP_tirtos.oem4f (.text:ClockP_getSystemTickPeriod)
                  00004fe4    0000000c     driverlib.lib : cpu.obj (.text:NOROM_CPUcpsid)
                  00004ff0    0000000c                   : cpu.obj (.text:NOROM_CPUcpsie)
                  00004ffc    0000000c     drivers_cc13x2.a : PINCC26XX.oem4f (.text:PIN_registerIntCb)
                  00005008    0000000c                      : PowerCC26X2.oem4f (.text:Power_getConstraintMask)
                  00005014    0000000c                      : PowerCC26X2.oem4f (.text:Power_getDependencyCount)
                  00005020    0000000c     dpl_cc13x2.a : SemaphoreP_tirtos.oem4f (.text:SemaphoreP_delete)
                  0000502c    0000000c     rtsv7M4_T_le_v4SPD16_eabi.lib : _lock.c.obj (.text:_register_lock)
                  00005038    0000000c                                   : _lock.c.obj (.text:_register_unlock)
                  00005044    0000000c                                   : copy_zero_init.c.obj (.text:decompress:ZI:__TI_zero_init)
                  00005050    0000000c     mutex.obj (.text:ti_sysbios_knl_Semaphore_handle)
                  0000505c    0000000c     rom_sysbios.aem4f : rom_sysbios.obj (.text:ti_sysbios_knl_Swi_getTrigger__E)
                  00005068    0000000a     drivers_cc13x2.a : ADC.oem4f (.text:ADC_Params_init)
                  00005072    0000000a                      : ADC.oem4f (.text:ADC_convert)
                  0000507c    0000000a     dpl_cc13x2.a : ClockP_tirtos.oem4f (.text:ClockP_Params_init)
                  00005086    0000000a     drivers_cc13x2.a : PWM.oem4f (.text:PWM_setDuty)
                  00005090    0000000a                      : PWM.oem4f (.text:PWM_start)
                  0000509a    0000000a                      : UART.oem4f (.text:UART_close)
                  000050a4    0000000a                      : UART.oem4f (.text:UART_control)
                  000050ae    0000000a                      : UART.oem4f (.text:UART_write)
                  000050b8    0000000a                      : UARTCC26XX.oem4f (.text:readSemCallback)
                  000050c2    00000008                      : ADCCC26XX.oem4f (.text:ADCCC26XX_init)
                  000050ca    00000008                      : GPTimerCC26XX.oem4f (.text:GPTimerCC26XX_setLoadValue)
                  000050d2    00000008                      : GPTimerCC26XX.oem4f (.text:GPTimerCC26XX_setMatchValue)
                  000050da    00000008                      : I2CCC26XX.oem4f (.text:I2CCC26XX_blockingCallback)
                  000050e2    00000008                      : UARTCC26XX.oem4f (.text:UARTCC26XX_init)
                  000050ea    00000008                      : UARTCC26XX.oem4f (.text:writeSemCallback)
                  000050f2    00000008     mutex_pem4f.oem4f (.text:xdc_runtime_Text_visitRope__I)
                  000050fa    00000006     drivers_cc13x2.a : ADCCC26XX.oem4f (.text:ADCCC26XX_control)
                  00005100    00000006     display.a : DisplayUart.oem4f (.text:DisplayUartMin_control)
                  00005106    00000006               : DisplayUart.oem4f (.text:DisplayUartMin_getType)
                  0000510c    00000006     drivers_cc13x2.a : GPTimerCC26XX.oem4f (.text:GPTimerCC26XX_getValue)
                  00005112    00000006                      : I2CCC26XX.oem4f (.text:I2CSupport_powerRelConstraint)
                  00005118    00000006                      : I2CCC26XX.oem4f (.text:I2CSupport_powerSetConstraint)
                  0000511e    00000006     driverlib.lib : cpu.obj (.text:NOROM_CPUdelay)
                  00005124    00000006     drivers_cc13x2.a : UARTCC26XX.oem4f (.text:UARTCC26XX_readPolling)
                  0000512a    00000006                      : UARTCC26XX.oem4f (.text:UARTCC26XX_writePolling)
                  00005130    00000006                      : PowerCC26X2.oem4f (.text:delayUs)
                  00005136    00000004     dpl_cc13x2.a : PowerCC26X2_tirtos.oem4f (.text:CPUwfi)
                  0000513a    00000004                  : ClockP_tirtos.oem4f (.text:ClockP_destruct)
                  0000513e    00000004                  : ClockP_tirtos.oem4f (.text:ClockP_getCpuFreq)
                  00005142    00000004                  : ClockP_tirtos.oem4f (.text:ClockP_setTimeout)
                  00005146    00000004                  : ClockP_tirtos.oem4f (.text:ClockP_start)
                  0000514a    00000004                  : ClockP_tirtos.oem4f (.text:ClockP_stop)
                  0000514e    00000004                  : HwiP_tirtos.oem4f (.text:HwiP_clearInterrupt)
                  00005152    00000004                  : HwiP_tirtos.oem4f (.text:HwiP_destruct)
                  00005156    00000004                  : HwiP_tirtos.oem4f (.text:HwiP_disable)
                  0000515a    00000004                  : HwiP_tirtos.oem4f (.text:HwiP_disableInterrupt)
                  0000515e    00000004                  : HwiP_tirtos.oem4f (.text:HwiP_enableInterrupt)
                  00005162    00000004                  : SemaphoreP_tirtos.oem4f (.text:SemaphoreP_destruct)
                  00005166    00000004                  : SemaphoreP_tirtos.oem4f (.text:SemaphoreP_post)
                  0000516a    00000004                  : SwiP_tirtos.oem4f (.text:SwiP_destruct)
                  0000516e    00000004                  : SwiP_tirtos.oem4f (.text:SwiP_getTrigger)
                  00005172    00000004                  : SwiP_tirtos.oem4f (.text:SwiP_or)
                  00005176    00000004                  : SwiP_tirtos.oem4f (.text:SwiP_post)
                  0000517a    00000004                  : SystemP_tirtos.oem4f (.text:SystemP_vsnprintf)
                  0000517e    00000004     drivers_cc13x2.a : PowerCC26X2.oem4f (.text:configureRFCoreClocks)
                  00005182    00000004                      : PowerCC26X2.oem4f (.text:nopResourceHandler)
                  00005186    00000004     rom_sysbios.aem4f : rom_sysbios.obj (.text:ti_sysbios_knl_Semaphore_getCount__E)
                  0000518a    00000004     mutex_pem4f.oem4f (.text:xdc_runtime_Startup_reset__I)
                  0000518e    00000004     rom_sysbios.aem4f : rom_sysbios.obj (.text:xdc_runtime_SysCallback_defaultReady)
                  00005192    00000002     --HOLE-- [fill = 0]
                  00005194    00000008     (.tramp.xdc_runtime_System_vsnprintf__E.1)
                  0000519c    00000008     (.tramp.ti_sysbios_knl_Swi_destruct.1)
                  000051a4    00000008     (.tramp.ti_sysbios_knl_Semaphore_destruct.1)
                  000051ac    00000008     (.tramp.ti_sysbios_family_arm_m3_Hwi_enableInterrupt__E.1)
                  000051b4    00000008     (.tramp.ti_sysbios_family_arm_m3_Hwi_disableInterrupt__E.1)
                  000051bc    00000008     (.tramp.ti_sysbios_family_arm_m3_Hwi_disableFxn__E.1)
                  000051c4    00000008     (.tramp.ti_sysbios_family_arm_m3_Hwi_destruct.1)
                  000051cc    00000008     (.tramp.ti_sysbios_BIOS_getCpuFreq__E.1)
                  000051d4    00000008     (.tramp.ti_sysbios_knl_Clock_destruct.1)
                  000051dc    00000008     (.tramp.ti_sysbios_knl_Semaphore_delete.1)
                  000051e4    00000008     (.tramp.ti_sysbios_knl_Clock_logTick__E.1)
                  000051ec    00000008     (.tramp.ti_sysbios_knl_Task_Params__init__S.1)
                  000051f4    00000008     (.tramp.ti_sysbios_knl_Swi_post__E.1)
                  000051fc    00000008     (.tramp.ti_sysbios_BIOS_RtsGateProxy_leave__E.1)
                  00005204    00000008     (.tramp.ti_sysbios_knl_Swi_construct.1)
                  0000520c    00000008     (.tramp.ti_sysbios_knl_Task_restore__E.1)
                  00005214    00000008     (.tramp.ti_sysbios_knl_Swi_restore__E.1)
                  0000521c    00000008     (.tramp.ti_sysbios_BIOS_RtsGateProxy_enter__E.1)
                  00005224    00000008     (.tramp.ti_sysbios_knl_Clock_TimerProxy_getCurrentTick__E.1)
                  0000522c    00000008     (.tramp.ti_sysbios_knl_Semaphore_create.1)
                  00005234    00000008     (.tramp.ti_sysbios_knl_Semaphore_Params__init__S.1)
                  0000523c    00000008     (.tramp.ti_sysbios_knl_Task_startup__E.1)
                  00005244    00000008     (.tramp.ti_sysbios_knl_Swi_startup__E.1)
                  0000524c    00000008     (.tramp.ti_sysbios_hal_Hwi_startup__E.1)
                  00005254    00000008     (.tramp.ti_sysbios_family_arm_cc26xx_Timer_startup__E.1)
                  0000525c    00000008     (.tramp.xdc_runtime_System_atexit__E.1)
                  00005264    00000008     (.tramp.ti_sysbios_BIOS_linkedWithIncorrectBootLibrary__E.1)
                  0000526c    00000008     (.tramp.xdc_runtime_Startup_rtsDone__E.1)
                  00005274    00000008     (.tramp.ti_sysbios_BIOS_setThreadType__E.1)
                  0000527c    00000008     (.tramp.ti_sysbios_knl_Task_disable__E.1)
                  00005284    00000008     (.tramp.ti_sysbios_knl_Swi_disable__E.1)
                  0000528c    00000008     (.tramp.ti_sysbios_family_arm_m3_Hwi_construct.1)
                  00005294    00000008     (.tramp.ti_sysbios_family_arm_m3_Hwi_Params__init__S.1)
                  0000529c    00000008     (.tramp.ti_sysbios_knl_Clock_construct.1)
                  000052a4    00000008     (.tramp.ti_sysbios_knl_Clock_Params__init__S.1)
                  000052ac    00000008     (.tramp.xdc_runtime_Gate_leaveSystem__E.1)
                  000052b4    00000008     (.tramp.xdc_runtime_Gate_enterSystem__E.1)
                  000052bc    00000008     (.tramp.strlen.1)
                  000052c4    00000008     (.tramp.ti_sysbios_knl_Swi_Params__init__S.1)
                  000052cc    00000008     (.tramp.xdc_runtime_Error_raiseX__E.1)
                  000052d4    00000008     (.tramp.ti_sysbios_heaps_HeapMem_Module_GateProxy_leave__E.1)
                  000052dc    00000008     (.tramp.ti_sysbios_heaps_HeapMem_Module_GateProxy_enter__E.1)
                  000052e4    00000008     (.tramp.xdc_runtime_System_exit__E.1)
                  000052ec    00000008     (.tramp.ti_sysbios_heaps_HeapMem_restore__E.1)
                  000052f4    00000008     (.tramp.ti_sysbios_heaps_HeapMem_Object__get__S.1)
                  000052fc    00000008     (.tramp.ti_sysbios_knl_Clock_stop__E.1)
                  00005304    00000008     (.tramp.ti_sysbios_knl_Clock_start__E.1)
                  0000530c    00000008     (.tramp.ti_sysbios_knl_Clock_setTimeout__E.1)
                  00005314    00000008     (.tramp.ti_sysbios_knl_Task_sleep__E.1)
                  0000531c    00000008     (.tramp.ti_sysbios_knl_Semaphore_post__E.1)
                  00005324    00000008     (.tramp.ti_sysbios_knl_Semaphore_pend__E.1)
                  0000532c    00000008     (.tramp.xdc_runtime_System_printf__E.1)
                  00005334    00000008     (.tramp.xdc_runtime_System_doPrint__I.1)
                  0000533c    00000008     (.tramp.xdc_runtime_Text_putSite__E.1)
                  00005344    00000008     (.tramp.xdc_runtime_Text_putLab__E.1)
                  0000534c    00000008     (.tramp.ti_sysbios_BIOS_start__E.1)
                  00005354    00000008     (.tramp.ti_sysbios_knl_Semaphore_construct.1)
                  0000535c    00000008     (.tramp.ti_sysbios_knl_Task_construct.1)
                  00005364    00000008     (.tramp.ti_sysbios_family_arm_m3_Hwi_restoreFxn__E.1)

.const     0    0000536c    000007db     
                  0000536c    000003b8     mutex_pem4f.oem4f (.const:ROM_constStruct)
                  00005724    00000054     drivers_cc13x2.a : PowerCC26X2.oem4f (.const:resourceDB)
                  00005778    00000048     mutex_pem4f.oem4f (.const:.string)
                  000057c0    00000048     mutex_pem4f.oem4f (.const:ROM_externFuncPtrs)
                  00005808    00000028     ti_drivers_config.obj (.const:BoardGpioInitTable)
                  00005830    00000028     drivers_cc13x2.a : UARTCC26XX.oem4f (.const:UARTCC26XX_fxnTable)
                  00005858    00000028     ti_drivers_config.obj (.const:uartCC26XXHWAttrs)
                  00005880    00000028     mutex_pem4f.oem4f (.const:xdc_runtime_Startup_sfxnTab__A)
                  000058a8    00000024     drivers_cc13x2.a : PWMTimerCC26XX.oem4f (.const:PWMTimerCC26XX_fxnTable)
                  000058cc    00000024                      : UART.oem4f (.const:UART_defaultParams)
                  000058f0    00000020     display.a : DisplayUart.oem4f (.const:DisplayUartMin_fxnTable)
                  00005910    0000001c     drivers_cc13x2.a : ADCCC26XX.oem4f (.const:ADCCC26XX_fxnTable)
                  0000592c    0000001c                      : GPTimerCC26XX.oem4f (.const:GPT_LUT)
                  00005948    00000018                      : PWM.oem4f (.const:PWM_defaultParams)
                  00005960    00000018     ti_drivers_config.obj (.const:i2cCC26xxHWAttrs)
                  00005978    00000018     drivers_cc13x2.a : GPIOCC26XX.oem4f (.const:interruptType)
                  00005990    00000014     ti_drivers_config.obj (.const:$P$T1$2)
                  000059a4    00000014     ti_drivers_config.obj (.const:GPIOCC26XX_config)
                  000059b8    00000014     ti_drivers_config.obj (.const:PowerCC26X2_config)
                  000059cc    00000014     ti_drivers_config.obj (.const:displayUartHWAttrs)
                  000059e0    00000014     drivers_cc13x2.a : UARTCC26XX.oem4f (.const:parityType)
                  000059f4    00000014     mutex_pem4f.oem4f (.const:xdc_runtime_Startup_sfxnRts__A)
                  00005a08    00000010     drivers_cc13x2.a : I2C.oem4f (.const:I2C_defaultParams)
                  00005a18    00000010                      : I2CCC26XX.oem4f (.const:I2C_defaultParams)
                  00005a28    00000010                      : UARTCC26XX.oem4f (.const:dataLength)
                  00005a38    00000010                      : GPIOCC26XX.oem4f (.const:outPinTypes)
                  00005a48    0000000e     ti_drivers_config.obj (.const)
                  00005a56    00000002     ti_drivers_config.obj (.const:pwmTimerCC26XXHWAttrs)
                  00005a58    0000000c     ti_drivers_config.obj (.const:ADC_config)
                  00005a64    0000000c     ti_drivers_config.obj (.const:Display_config)
                  00005a70    0000000c     ti_drivers_config.obj (.const:GPTimerCC26XX_config)
                  00005a7c    0000000c     ti_drivers_config.obj (.const:PWM_config)
                  00005a88    0000000c     ti_drivers_config.obj (.const:UART_config)
                  00005a94    0000000c     ti_drivers_config.obj (.const:adcCC26xxHWAttrs)
                  00005aa0    0000000c     ti_drivers_config.obj (.const:gptimerCC26XXHWAttrs)
                  00005aac    0000000c     drivers_cc13x2.a : GPIOCC26XX.oem4f (.const:inPinTypes)
                  00005ab8    0000000c                      : GPIOCC26XX.oem4f (.const:outPinStrengths)
                  00005ac4    0000000c     mutex_pem4f.oem4f (.const:xdc_runtime_Startup_firstFxns__A)
                  00005ad0    00000008     driverlib.lib : aux_sysif.obj (.const:$O1$$)
                  00005ad8    00000008     ti_drivers_config.obj (.const:$P$T0$1)
                  00005ae0    00000008     drivers_cc13x2.a : ADC.oem4f (.const:ADC_defaultParams)
                  00005ae8    00000008                      : GPTimerCC26XX.oem4f (.const:GPT_DefaultParams)
                  00005af0    00000008     ti_drivers_config.obj (.const:I2C_config)
                  00005af8    00000008     ti_drivers_config.obj (.const:PINCC26XX_hwAttrs)
                  00005b00    00000008     drivers_cc13x2.a : UARTCC26XX.oem4f (.const:stopBits)
                  00005b08    00000008     mutex_pem4f.oem4f (.const:ti_sysbios_family_arm_m3_Hwi_excHookFuncs__A)
                  00005b10    00000006     drivers_cc13x2.a : UARTCC26XX.oem4f (.const:.string:rxFifoBytes)
                  00005b16    00000006                      : UARTCC26XX.oem4f (.const:.string:rxFifoThreshold)
                  00005b1c    00000006                      : UARTCC26XX.oem4f (.const:.string:txFifoBytes)
                  00005b22    00000006                      : UARTCC26XX.oem4f (.const:.string:txFifoThreshold)
                  00005b28    00000004     mutex_pem4f.oem4f (.const:ti_sysbios_heaps_HeapMem_primaryHeapBaseAddr__C)
                  00005b2c    00000004     mutex_pem4f.oem4f (.const:ti_sysbios_heaps_HeapMem_primaryHeapEndAddr__C)
                  00005b30    00000004     mutex_pem4f.oem4f (.const:ti_sysbios_knl_Clock_tickPeriod__C)
                  00005b34    00000004     mutex_pem4f.oem4f (.const:ti_sysbios_knl_Idle_funcList__A)
                  00005b38    00000004     mutex_pem4f.oem4f (.const:xdc_runtime_SysMin_bufSize__C)
                  00005b3c    00000004     mutex_pem4f.oem4f (.const:xdc_runtime_SysMin_outputFunc__C)
                  00005b40    00000003     mutex.obj (.const:.string:$P$T0$1)
                  00005b43    00000001     display.a : Display.oem4f (.const:Display_defaultParams)
                  00005b44    00000002     mutex_pem4f.oem4f (.const:xdc_runtime_SysMin_flushAtExit__C)
                  00005b46    00000001     mutex_pem4f.oem4f (.const:xdc_runtime_Text_charTab__A)

MODULE SUMMARY

       Module                             code    ro data   rw data
       ------                             ----    -------   -------
    .\
       mutex.obj                          1260    3         3144   
    +--+----------------------------------+-------+---------+---------+
       Total:                             1260    3         3144   
                                                                   
    .\syscfg\
       ti_drivers_config.obj              306     308       1996   
       ti_devices_config.obj              0       88        0      
    +--+----------------------------------+-------+---------+---------+
       Total:                             306     396       1996   
                                                                   
    C:\Users\Brian\workspace_v10\mutex_CC1352R1_LAUNCHXL_tirtos_ccs\Debug\configPkg\package\cfg\
       mutex_pem4f.oem4f                  720     1263      2310   
    +--+----------------------------------+-------+---------+---------+
       Total:                             720     1263      2310   
                                                                   
    C:/ti/simplelink_cc13x2_26x2_sdk_5_20_00_52/kernel/tirtos/packages/ti/dpl/lib/ccs/m4f/dpl_cc13x2.a
       PowerCC26X2_tirtos.oem4f           260     0         8      
       SemaphoreP_tirtos.oem4f            126     0         0      
       SwiP_tirtos.oem4f                  116     0         0      
       ClockP_tirtos.oem4f                106     0         0      
       HwiP_tirtos.oem4f                  98      0         0      
       SystemP_tirtos.oem4f               4       0         0      
    +--+----------------------------------+-------+---------+---------+
       Total:                             710     0         8      
                                                                   
    C:/ti/simplelink_cc13x2_26x2_sdk_5_20_00_52/source/ti/devices/cc13x2_cc26x2/driverlib/bin/ccs/driverlib.lib
       sys_ctrl.obj                       420     0         0      
       osc.obj                            340     0         36     
       setup.obj                          324     0         0      
       chipinfo.obj                       270     0         0      
       prcm.obj                           160     0         0      
       aux_sysif.obj                      52      8         0      
       aux_adc.obj                        32      0         0      
       cpu.obj                            30      0         0      
       driverlib_release.obj              0       0         1      
    +--+----------------------------------+-------+---------+---------+
       Total:                             1628    8         37     
                                                                   
    C:/ti/simplelink_cc13x2_26x2_sdk_5_20_00_52/source/ti/display/lib/ccs/m4f/display.a
       DisplayUart.oem4f                  184     32        0      
       Display.oem4f                      174     1         0      
    +--+----------------------------------+-------+---------+---------+
       Total:                             358     33        0      
                                                                   
    C:/ti/simplelink_cc13x2_26x2_sdk_5_20_00_52/source/ti/drivers/lib/ccs/m4f/drivers_cc13x2.a
       UARTCC26XX.oem4f                   2760    108       0      
       PowerCC26X2.oem4f                  2060    84        368    
       PINCC26XX.oem4f                    1638    0         336    
       PowerCC26X2_calibrateRCOSC.oem4f   1400    0         0      
       I2CCC26XX.oem4f                    1238    16        0      
       ADCCC26XX.oem4f                    806     28        82     
       PWMTimerCC26XX.oem4f               836     36        16     
       GPIOCC26XX.oem4f                   696     64        61     
       GPTimerCC26XX.oem4f                728     36        0      
       I2C.oem4f                          366     16        0      
       UART.oem4f                         186     36        1      
       PWM.oem4f                          172     24        1      
       ADC.oem4f                          152     8         1      
       RingBuf.oem4f                      152     0         0      
       List.oem4f                         76      0         0      
    +--+----------------------------------+-------+---------+---------+
       Total:                             13266   456       866    
                                                                   
    C:\Users\Brian\workspace_v10\mutex_CC1352R1_LAUNCHXL_tirtos_ccs\src\sysbios\rom_sysbios.aem4f
       rom_sysbios.obj                    1349    0         0      
    +--+----------------------------------+-------+---------+---------+
       Total:                             1349    0         0      
                                                                   
    C:\ti\ccs1040\ccs\tools\compiler\ti-cgt-arm_20.2.5.LTS\lib\rtsv7M4_T_le_v4SPD16_eabi.lib
       trgmsg.c.obj                       108     0         288    
       memcpy_t2.asm.obj                  156     0         0      
       ull_div_t2.asm.obj                 150     0         0      
       memset_t2.asm.obj                  122     0         0      
       copy_decompress_lzss.c.obj         104     0         0      
       hostwrite.c.obj                    88      0         0      
       cpy_tbl.c.obj                      76      0         0      
       u_divt2.asm.obj                    64      0         0      
       _lock.c.obj                        26      0         8      
       args_main.c.obj                    24      0         0      
       ll_mul_t2.asm.obj                  24      0         0      
       copy_decompress_none.c.obj         14      0         0      
       copy_zero_init.c.obj               12      0         0      
       hostopen.c.obj                     0       0         8      
       stkdepth_vars.c.obj                0       0         4      
       div0.asm.obj                       2       0         0      
    +--+----------------------------------+-------+---------+---------+
       Total:                             970     0         308    
                                                                   
    C:\ti\simplelink_cc13x2_26x2_sdk_5_20_00_52\kernel\tirtos\packages\ti\targets\arm\rtsarm\lib\auto_init.aem4f
       auto_init.oem4f                    160     0         0      
    +--+----------------------------------+-------+---------+---------+
       Total:                             160     0         0      
                                                                   
    C:\ti\simplelink_cc13x2_26x2_sdk_5_20_00_52\kernel\tirtos\packages\ti\targets\arm\rtsarm\lib\boot.aem4f
       boot.oem4f                         88      0         0      
    +--+----------------------------------+-------+---------+---------+
       Total:                             88      0         0      
                                                                   
       Stack:                             0       0         1024   
       Linker Generated:                  472     461       0      
    +--+----------------------------------+-------+---------+---------+
       Grand Total:                       21287   2620      9693   


LINKER GENERATED COPY TABLES

__TI_cinit_table @ 00005cf0 records: 5, size/record: 8, table size: 40
	.data: load addr=00005b48, load size=00000179 bytes, run addr=20005ce8, run size=00000528 bytes, compression=lzss
	.bss: load addr=00005cd0, load size=00000008 bytes, run addr=20004110, run size=00001bd1 bytes, compression=zero_init
	.data:xdcRomConstPtr: load addr=00005cd8, load size=00000008 bytes, run addr=20000100, run size=00000004 bytes, compression=lzss
	.data:xdcRomExternFuncPtr: load addr=00005ce0, load size=00000008 bytes, run addr=20000104, run size=00000004 bytes, compression=lzss
	.data:xdcRomStatePtr: load addr=00005ce8, load size=00000008 bytes, run addr=20000108, run size=00000004 bytes, compression=lzss


LINKER GENERATED HANDLER TABLE

__TI_handler_table @ 00005cc4 records: 3, size/record: 4, table size: 12
	index: 0, handler: __TI_decompress_lzss
	index: 1, handler: __TI_decompress_none
	index: 2, handler: __TI_zero_init


FAR CALL TRAMPOLINES

callee name               trampoline name
   callee addr  tramp addr   call addr  call info
--------------  -----------  ---------  ----------------
xdc_runtime_System_vsnprintf__E  $Tramp$TT$L$PI$$xdc_runtime_System_vsnprintf__E
   1002f8b9     00005194     0000517a   dpl_cc13x2.a : SystemP_tirtos.oem4f (.text:SystemP_vsnprintf)
ti_sysbios_knl_Swi_destruct  $Tramp$TT$L$PI$$ti_sysbios_knl_Swi_destruct
   1002e8bd     0000519c     0000516a   dpl_cc13x2.a : SwiP_tirtos.oem4f (.text:SwiP_destruct)
ti_sysbios_knl_Semaphore_destruct  $Tramp$TT$L$PI$$ti_sysbios_knl_Semaphore_destruct
   1002e6fd     000051a4     00005162   dpl_cc13x2.a : SemaphoreP_tirtos.oem4f (.text:SemaphoreP_destruct)
ti_sysbios_family_arm_m3_Hwi_enableInterrupt__E  $Tramp$TT$L$PI$$ti_sysbios_family_arm_m3_Hwi_enableInterrupt__E
   1002d91d     000051ac     0000515e   dpl_cc13x2.a : HwiP_tirtos.oem4f (.text:HwiP_enableInterrupt)
ti_sysbios_family_arm_m3_Hwi_disableInterrupt__E  $Tramp$TT$L$PI$$ti_sysbios_family_arm_m3_Hwi_disableInterrupt__E
   1002d8d9     000051b4     0000515a   dpl_cc13x2.a : HwiP_tirtos.oem4f (.text:HwiP_disableInterrupt)
ti_sysbios_family_arm_m3_Hwi_disableFxn__E  $Tramp$TT$L$PI$$ti_sysbios_family_arm_m3_Hwi_disableFxn__E
   1002eb55     000051bc     00005156   dpl_cc13x2.a : HwiP_tirtos.oem4f (.text:HwiP_disable)
ti_sysbios_family_arm_m3_Hwi_destruct  $Tramp$TT$L$PI$$ti_sysbios_family_arm_m3_Hwi_destruct
   1002e475     000051c4     00005152   dpl_cc13x2.a : HwiP_tirtos.oem4f (.text:HwiP_destruct)
ti_sysbios_BIOS_getCpuFreq__E  $Tramp$TT$L$PI$$ti_sysbios_BIOS_getCpuFreq__E
   1002e9fd     000051cc     0000513e   dpl_cc13x2.a : ClockP_tirtos.oem4f (.text:ClockP_getCpuFreq)
ti_sysbios_knl_Clock_destruct  $Tramp$TT$L$PI$$ti_sysbios_knl_Clock_destruct
   1002e649     000051d4     0000513a   dpl_cc13x2.a : ClockP_tirtos.oem4f (.text:ClockP_destruct)
ti_sysbios_knl_Semaphore_delete  $Tramp$TT$L$PI$$ti_sysbios_knl_Semaphore_delete
   1002ecdb     000051dc     00005026   dpl_cc13x2.a : SemaphoreP_tirtos.oem4f (.text:SemaphoreP_delete)
ti_sysbios_knl_Clock_logTick__E  $Tramp$TT$L$PI$$ti_sysbios_knl_Clock_logTick__E
   1002dbd7     000051e4     00004ef2   mutex_pem4f.oem4f (.text:ti_sysbios_knl_Clock_doTick__I)
ti_sysbios_knl_Task_Params__init__S  $Tramp$TT$L$PI$$ti_sysbios_knl_Task_Params__init__S
   1002ec09     000051ec     00004e84   mutex.obj (.text:ti_sysbios_knl_Task_Params_init)
ti_sysbios_knl_Swi_post__E  $Tramp$TT$L$PI$$ti_sysbios_knl_Swi_post__E
   1002d891     000051f4     00004de8   rom_sysbios.aem4f : rom_sysbios.obj (.text:ti_sysbios_knl_Swi_or__E)
                             00004efa   mutex_pem4f.oem4f (.text:ti_sysbios_knl_Clock_doTick__I)
                             00005176   dpl_cc13x2.a : SwiP_tirtos.oem4f (.text:SwiP_post)
ti_sysbios_BIOS_RtsGateProxy_leave__E  $Tramp$TT$L$PI$$ti_sysbios_BIOS_RtsGateProxy_leave__E
   1002ec7b     000051fc     00004dca   mutex_pem4f.oem4f (.text:ti_sysbios_BIOS_rtsUnlock__I)
ti_sysbios_knl_Swi_construct  $Tramp$TT$L$PI$$ti_sysbios_knl_Swi_construct
   1002d719     00005204     00004c92   rom_sysbios.aem4f : rom_sysbios.obj (.text:ti_sysbios_knl_Swi_construct2__E)
ti_sysbios_knl_Task_restore__E  $Tramp$TT$L$PI$$ti_sysbios_knl_Task_restore__E
   1002df45     0000520c     00004c62   dpl_cc13x2.a : PowerCC26X2_tirtos.oem4f (.text:PowerCC26XX_schedulerRestore)
ti_sysbios_knl_Swi_restore__E  $Tramp$TT$L$PI$$ti_sysbios_knl_Swi_restore__E
   1002db61     00005214     00004c5a   dpl_cc13x2.a : PowerCC26X2_tirtos.oem4f (.text:PowerCC26XX_schedulerRestore)
ti_sysbios_BIOS_RtsGateProxy_enter__E  $Tramp$TT$L$PI$$ti_sysbios_BIOS_RtsGateProxy_enter__E
   1002ec77     0000521c     00004b6a   mutex_pem4f.oem4f (.text:ti_sysbios_BIOS_rtsLock__I)
ti_sysbios_knl_Clock_TimerProxy_getCurrentTick__E  $Tramp$TT$L$PI$$ti_sysbios_knl_Clock_TimerProxy_getCurrentTick__E
   1002eac5     00005224     0000489a   rom_sysbios.aem4f : rom_sysbios.obj (.text:ti_sysbios_knl_Clock_getTicksUntilInterrupt__E)
ti_sysbios_knl_Semaphore_create  $Tramp$TT$L$PI$$ti_sysbios_knl_Semaphore_create
   1002dc49     0000522c     0000487c   dpl_cc13x2.a : SemaphoreP_tirtos.oem4f (.text:SemaphoreP_createBinary)
ti_sysbios_knl_Semaphore_Params__init__S  $Tramp$TT$L$PI$$ti_sysbios_knl_Semaphore_Params__init__S
   1002ebe5     00005234     00004842   dpl_cc13x2.a : SemaphoreP_tirtos.oem4f (.text:SemaphoreP_constructBinary)
                             0000486c                : SemaphoreP_tirtos.oem4f (.text:SemaphoreP_createBinary)
                             00004e6e   mutex.obj (.text:ti_sysbios_knl_Semaphore_Params_init)
ti_sysbios_knl_Task_startup__E  $Tramp$TT$L$PI$$ti_sysbios_knl_Task_startup__E
   1002eceb     0000523c     00004770   mutex_pem4f.oem4f (.text:ti_sysbios_BIOS_startFunc__I)
ti_sysbios_knl_Swi_startup__E  $Tramp$TT$L$PI$$ti_sysbios_knl_Swi_startup__E
   1002ec6b     00005244     0000476c   mutex_pem4f.oem4f (.text:ti_sysbios_BIOS_startFunc__I)
ti_sysbios_hal_Hwi_startup__E  $Tramp$TT$L$PI$$ti_sysbios_hal_Hwi_startup__E
   1002ec31     0000524c     00004768   mutex_pem4f.oem4f (.text:ti_sysbios_BIOS_startFunc__I)
ti_sysbios_family_arm_cc26xx_Timer_startup__E  $Tramp$TT$L$PI$$ti_sysbios_family_arm_cc26xx_Timer_startup__E
   1002dcf1     00005254     00004764   mutex_pem4f.oem4f (.text:ti_sysbios_BIOS_startFunc__I)
xdc_runtime_System_atexit__E  $Tramp$TT$L$PI$$xdc_runtime_System_atexit__E
   1002f559     0000525c     0000475c   mutex_pem4f.oem4f (.text:ti_sysbios_BIOS_startFunc__I)
ti_sysbios_BIOS_linkedWithIncorrectBootLibrary__E  $Tramp$TT$L$PI$$ti_sysbios_BIOS_linkedWithIncorrectBootLibrary__E
   1002d01b     00005264     00004756   mutex_pem4f.oem4f (.text:ti_sysbios_BIOS_startFunc__I)
xdc_runtime_Startup_rtsDone__E  $Tramp$TT$L$PI$$xdc_runtime_Startup_rtsDone__E
   1002f8e5     0000526c     0000474e   mutex_pem4f.oem4f (.text:ti_sysbios_BIOS_startFunc__I)
ti_sysbios_BIOS_setThreadType__E  $Tramp$TT$L$PI$$ti_sysbios_BIOS_setThreadType__E
   1002ea11     00005274     00004728   mutex_pem4f.oem4f (.text:ti_sysbios_BIOS_atExitFunc__I)
                             00004e52   mutex_pem4f.oem4f (.text:ti_sysbios_BIOS_exitFunc__I)
ti_sysbios_knl_Task_disable__E  $Tramp$TT$L$PI$$ti_sysbios_knl_Task_disable__E
   1002ea4d     0000527c     00004722   mutex_pem4f.oem4f (.text:ti_sysbios_BIOS_atExitFunc__I)
                             00004c3a   dpl_cc13x2.a : PowerCC26X2_tirtos.oem4f (.text:PowerCC26XX_schedulerDisable)
ti_sysbios_knl_Swi_disable__E  $Tramp$TT$L$PI$$ti_sysbios_knl_Swi_disable__E
   1002ea25     00005284     0000471e   mutex_pem4f.oem4f (.text:ti_sysbios_BIOS_atExitFunc__I)
                             00004c42   dpl_cc13x2.a : PowerCC26X2_tirtos.oem4f (.text:PowerCC26XX_schedulerDisable)
ti_sysbios_family_arm_m3_Hwi_construct  $Tramp$TT$L$PI$$ti_sysbios_family_arm_m3_Hwi_construct
   1002d421     0000528c     000041ee   rom_sysbios.aem4f : rom_sysbios.obj (.text:ti_sysbios_family_arm_m3_Hwi_construct2__E)
ti_sysbios_family_arm_m3_Hwi_Params__init__S  $Tramp$TT$L$PI$$ti_sysbios_family_arm_m3_Hwi_Params__init__S
   1002eb49     00005294     000040fc   dpl_cc13x2.a : HwiP_tirtos.oem4f (.text:HwiP_construct)
ti_sysbios_knl_Clock_construct  $Tramp$TT$L$PI$$ti_sysbios_knl_Clock_construct
   1002dd8d     0000529c     00003f56   dpl_cc13x2.a : ClockP_tirtos.oem4f (.text:ClockP_construct)
ti_sysbios_knl_Clock_Params__init__S  $Tramp$TT$L$PI$$ti_sysbios_knl_Clock_Params__init__S
   1002eb9d     000052a4     00003f3c   dpl_cc13x2.a : ClockP_tirtos.oem4f (.text:ClockP_construct)
xdc_runtime_Gate_leaveSystem__E  $Tramp$TT$L$PI$$xdc_runtime_Gate_leaveSystem__E
   1002f90f     000052ac     00003e8c   rom_sysbios.aem4f : rom_sysbios.obj (.text:xdc_runtime_SysMin_flush__E)
                             0000455a                     : rom_sysbios.obj (.text:xdc_runtime_SysMin_putch__E)
xdc_runtime_Gate_enterSystem__E  $Tramp$TT$L$PI$$xdc_runtime_Gate_enterSystem__E
   1002f91b     000052b4     00003e5e   rom_sysbios.aem4f : rom_sysbios.obj (.text:xdc_runtime_SysMin_flush__E)
                             0000453e                     : rom_sysbios.obj (.text:xdc_runtime_SysMin_putch__E)
strlen                    $Tramp$TT$L$PI$$strlen
   1002fddb     000052bc     00003c9e   display.a : DisplayUart.oem4f (.text:DisplayUartMin_vprintf)
ti_sysbios_knl_Swi_Params__init__S  $Tramp$TT$L$PI$$ti_sysbios_knl_Swi_Params__init__S
   1002ebf1     000052c4     00003836   dpl_cc13x2.a : SwiP_tirtos.oem4f (.text:SwiP_construct)
xdc_runtime_Error_raiseX__E  $Tramp$TT$L$PI$$xdc_runtime_Error_raiseX__E
   1002f739     000052cc     000037a0   rom_sysbios.aem4f : rom_sysbios.obj (.text:ti_sysbios_heaps_HeapMem_alloc__E)
ti_sysbios_heaps_HeapMem_Module_GateProxy_leave__E  $Tramp$TT$L$PI$$ti_sysbios_heaps_HeapMem_Module_GateProxy_leave__E
   1002ecaf     000052d4     00003786   rom_sysbios.aem4f : rom_sysbios.obj (.text:ti_sysbios_heaps_HeapMem_alloc__E)
ti_sysbios_heaps_HeapMem_Module_GateProxy_enter__E  $Tramp$TT$L$PI$$ti_sysbios_heaps_HeapMem_Module_GateProxy_enter__E
   1002ecab     000052dc     00003770   rom_sysbios.aem4f : rom_sysbios.obj (.text:ti_sysbios_heaps_HeapMem_alloc__E)
xdc_runtime_System_exit__E  $Tramp$TT$L$PI$$xdc_runtime_System_exit__E
   1002f7b1     000052e4     00003748   boot.aem4f : boot.oem4f (.text)
                             00004e58   mutex_pem4f.oem4f (.text:ti_sysbios_BIOS_exitFunc__I)
ti_sysbios_heaps_HeapMem_restore__E  $Tramp$TT$L$PI$$ti_sysbios_heaps_HeapMem_restore__E
   1002eb13     000052ec     00003358   rom_sysbios.aem4f : rom_sysbios.obj (.text:ti_sysbios_heaps_HeapMem_initPrimary__I)
ti_sysbios_heaps_HeapMem_Object__get__S  $Tramp$TT$L$PI$$ti_sysbios_heaps_HeapMem_Object__get__S
   1002e275     000052f4     00003320   rom_sysbios.aem4f : rom_sysbios.obj (.text:ti_sysbios_heaps_HeapMem_initPrimary__I)
ti_sysbios_knl_Clock_stop__E  $Tramp$TT$L$PI$$ti_sysbios_knl_Clock_stop__E
   1002e2c5     000052fc     00001bde   dpl_cc13x2.a : PowerCC26X2_tirtos.oem4f (.text:PowerCC26XX_standbyPolicy)
                             0000514a                : ClockP_tirtos.oem4f (.text:ClockP_stop)
ti_sysbios_knl_Clock_start__E  $Tramp$TT$L$PI$$ti_sysbios_knl_Clock_start__E
   1002e9e7     00005304     00001bca   dpl_cc13x2.a : PowerCC26X2_tirtos.oem4f (.text:PowerCC26XX_standbyPolicy)
                             00005146                : ClockP_tirtos.oem4f (.text:ClockP_start)
ti_sysbios_knl_Clock_setTimeout__E  $Tramp$TT$L$PI$$ti_sysbios_knl_Clock_setTimeout__E
   1002ecc3     0000530c     00001bc4   dpl_cc13x2.a : PowerCC26X2_tirtos.oem4f (.text:PowerCC26XX_standbyPolicy)
                             00005142                : ClockP_tirtos.oem4f (.text:ClockP_setTimeout)
ti_sysbios_knl_Task_sleep__E  $Tramp$TT$L$PI$$ti_sysbios_knl_Task_sleep__E
   1002ce01     00005314     00001576   mutex.obj (.text:taskFunction2)
                             00001996   mutex.obj (.text:taskFunction4)
                             00001f10   mutex.obj (.text:taskFunction3)
                             00001f22   mutex.obj (.text:taskFunction3)
                             000023c8   mutex.obj (.text:taskFunction1)
                             00004710   mutex.obj (.text:taskFunction5)
ti_sysbios_knl_Semaphore_post__E  $Tramp$TT$L$PI$$ti_sysbios_knl_Semaphore_post__E
   1002cd21     0000531c     0000156e   mutex.obj (.text:taskFunction2)
                             0000198e   mutex.obj (.text:taskFunction4)
                             00001f08   mutex.obj (.text:taskFunction3)
                             00001f1a   mutex.obj (.text:taskFunction3)
                             000023c0   mutex.obj (.text:taskFunction1)
                             00004708   mutex.obj (.text:taskFunction5)
                             00005166   dpl_cc13x2.a : SemaphoreP_tirtos.oem4f (.text:SemaphoreP_post)
ti_sysbios_knl_Semaphore_pend__E  $Tramp$TT$L$PI$$ti_sysbios_knl_Semaphore_pend__E
   1002bfb1     00005324     00001530   mutex.obj (.text:taskFunction2)
                             000018ea   mutex.obj (.text:taskFunction4)
                             00001eca   mutex.obj (.text:taskFunction3)
                             000023a0   mutex.obj (.text:taskFunction1)
                             000046fa   mutex.obj (.text:taskFunction5)
                             00004f2a   dpl_cc13x2.a : SemaphoreP_tirtos.oem4f (.text:SemaphoreP_pend)
xdc_runtime_System_printf__E  $Tramp$TT$L$PI$$xdc_runtime_System_printf__E
   1002f7e9     0000532c     00001514   mutex.obj (.text:taskFunction2)
                             00001524   mutex.obj (.text:taskFunction2)
                             00001974   mutex.obj (.text:taskFunction4)
                             00002384   mutex.obj (.text:taskFunction1)
                             00002394   mutex.obj (.text:taskFunction1)
xdc_runtime_System_doPrint__I  $Tramp$TT$L$PI$$xdc_runtime_System_doPrint__I
   1002ecf1     00005334     0000149e   mutex_pem4f.oem4f (.text:xdc_runtime_System_printfExtend__I)
xdc_runtime_Text_putSite__E  $Tramp$TT$L$PI$$xdc_runtime_Text_putSite__E
   1002f15d     0000533c     0000146c   mutex_pem4f.oem4f (.text:xdc_runtime_System_printfExtend__I)
xdc_runtime_Text_putLab__E  $Tramp$TT$L$PI$$xdc_runtime_Text_putLab__E
   1002f3c5     00005344     00001432   mutex_pem4f.oem4f (.text:xdc_runtime_System_printfExtend__I)
ti_sysbios_BIOS_start__E  $Tramp$TT$L$PI$$ti_sysbios_BIOS_start__E
   1002eaa5     0000534c     00000d12   mutex.obj (.text:main)
ti_sysbios_knl_Semaphore_construct  $Tramp$TT$L$PI$$ti_sysbios_knl_Semaphore_construct
   1002ddc1     00005354     00000cde   mutex.obj (.text:main)
                             00004852   dpl_cc13x2.a : SemaphoreP_tirtos.oem4f (.text:SemaphoreP_constructBinary)
ti_sysbios_knl_Task_construct  $Tramp$TT$L$PI$$ti_sysbios_knl_Task_construct
   1002d5d9     0000535c     00000c7e   mutex.obj (.text:main)
                             00000c92   mutex.obj (.text:main)
                             00000ca6   mutex.obj (.text:main)
                             00000cba   mutex.obj (.text:main)
                             00000cce   mutex.obj (.text:main)
ti_sysbios_family_arm_m3_Hwi_restoreFxn__E  $Tramp$TT$L$PI$$ti_sysbios_family_arm_m3_Hwi_restoreFxn__E
   1002ec47     00005364     0000086e   drivers_cc13x2.a : UARTCC26XX.oem4f (.text:UARTCC26XX_open)
                             0000087a                    : UARTCC26XX.oem4f (.text:UARTCC26XX_open)
                             00000904                    : UARTCC26XX.oem4f (.text:UARTCC26XX_open)
                             00000b50                    : UARTCC26XX.oem4f (.text:UARTCC26XX_read)
                             00000bac                    : UARTCC26XX.oem4f (.text:UARTCC26XX_read)
                             00000bd4                    : UARTCC26XX.oem4f (.text:UARTCC26XX_read)
                             00000be6                    : UARTCC26XX.oem4f (.text:UARTCC26XX_read)
                             00000c30                    : UARTCC26XX.oem4f (.text:UARTCC26XX_read)
                             00000c40                    : UARTCC26XX.oem4f (.text:UARTCC26XX_read)
                             00000d88                    : I2C.oem4f (.text:I2C_transferTimeout)
                             00000e0c                    : I2C.oem4f (.text:I2C_transferTimeout)
                             00000e1a                    : I2C.oem4f (.text:I2C_transferTimeout)
[...]
1002ebfd  ti_sysbios_knl_Swi_self__E                                         
1002ec09  ti_sysbios_knl_Task_Params__init__S                                
1002ec15  ti_sysbios_hal_Hwi_Instance_finalize__E                            
1002ec1f  ti_sysbios_knl_Event_Instance_init__E                              
1002ec29  ti_sysbios_family_arm_m3_Hwi_doSwiRestore__I                       
1002ec31  ti_sysbios_family_arm_m3_Hwi_startup__E                            
1002ec31  ti_sysbios_hal_Hwi_HwiProxy_startup__E                             
1002ec31  ti_sysbios_hal_Hwi_HwiProxy_startup__E                             
1002ec31  ti_sysbios_hal_Hwi_startup__E                                      
1002ec31  ti_sysbios_hal_Hwi_startup__E                                      
1002ec39  ti_sysbios_knl_Idle_loop__E                                        
1002ec41  ti_sysbios_family_arm_m3_Hwi_doTaskRestore__I                      
1002ec47  HwiP_restore                                                       
1002ec47  ti_sysbios_family_arm_m3_Hwi_restoreFxn__E                         
1002ec4d  ti_sysbios_gates_GateHwi_leave__E                                  
1002ec53  ti_sysbios_gates_GateMutex_Instance_finalize__E                    
1002ec59  ti_sysbios_heaps_HeapMem_isBlocking__E                             
1002ec5f  ti_sysbios_knl_Queue_Instance_init__E                              
1002ec65  ti_sysbios_knl_Queue_elemClear__E                                  
1002ec6b  ti_sysbios_knl_Swi_startup__E                                      
1002ec71  ti_sysbios_knl_Task_enable__E                                      
1002ec77  ti_sysbios_BIOS_RtsGateProxy_enter__E                              
1002ec7b  ti_sysbios_BIOS_RtsGateProxy_leave__E                              
1002ec7f  ti_sysbios_family_arm_cc26xx_Timer_getExpiredTicks__E              
1002ec83  ti_sysbios_family_arm_cc26xx_Timer_getPeriod__E                    
1002ec87  ti_sysbios_family_arm_cc26xx_Timer_setPeriod__E                    
1002ec8b  ti_sysbios_family_arm_m3_Hwi_delete                                
1002ec8f  ti_sysbios_family_arm_m3_TaskSupport_Module__startupDone__S        
1002ec8f  ti_sysbios_knl_Task_SupportProxy_Module__startupDone__S            
1002ec93  ti_sysbios_gates_GateHwi_query__E                                  
1002ec93  xdc_runtime_Main_Module_GateProxy_query__E                         
1002ec93  xdc_runtime_System_Module_GateProxy_query__E                       
1002ec93  xdc_runtime_System_Module_GateProxy_query__E                       
1002ec97  ti_sysbios_gates_GateMutex_delete                                  
1002ec9b  ti_sysbios_BIOS_RtsGateProxy_query__E                              
1002ec9b  ti_sysbios_BIOS_RtsGateProxy_query__E                              
1002ec9b  ti_sysbios_gates_GateMutex_query__E                                
1002ec9b  ti_sysbios_heaps_HeapMem_Module_GateProxy_query__E                 
1002ec9b  ti_sysbios_heaps_HeapMem_Module_GateProxy_query__E                 
1002ec9f  ti_sysbios_hal_Hwi_HwiProxy_create                                 
1002eca3  ti_sysbios_hal_Hwi_HwiProxy_delete                                 
1002eca7  ti_sysbios_hal_Hwi_delete                                          
1002ecab  ti_sysbios_heaps_HeapMem_Module_GateProxy_enter__E                 
1002ecaf  ti_sysbios_heaps_HeapMem_Module_GateProxy_leave__E                 
1002ecb3  ti_sysbios_knl_Clock_TimerProxy_getExpiredTicks__E                 
1002ecb7  ti_sysbios_knl_Clock_TimerProxy_getPeriod__E                       
1002ecbb  ti_sysbios_knl_Clock_delete                                        
1002ecbf  ti_sysbios_knl_Clock_removeI__E                                    
1002ecc3  ti_sysbios_knl_Clock_setTimeout__E                                 
1002ecc7  ti_sysbios_knl_Event_delete                                        
1002eccb  ti_sysbios_knl_Mailbox_delete                                      
1002eccf  ti_sysbios_knl_Queue_delete                                        
1002ecd3  ti_sysbios_knl_Queue_head__E                                       
1002ecd7  ti_sysbios_knl_Queue_next__E                                       
1002ecdb  ti_sysbios_knl_Semaphore_delete                                    
1002ecdf  ti_sysbios_knl_Swi_delete                                          
1002ece3  ti_sysbios_knl_Swi_postInit__I                                     
1002ece7  ti_sysbios_knl_Task_delete                                         
1002eceb  ti_sysbios_knl_Task_startup__E                                     
1002ecf1  xdc_runtime_System_doPrint__I                                      
1002f055  xdc_runtime_Startup_startMods__I                                   
1002f15d  xdc_runtime_Text_putSite__E                                        
1002f1f7  xdc_runtime_Error_policySpin__E                                    
1002f1f9  xdc_runtime_Text_putMod__E                                         
1002f289  xdc_runtime_Memory_alloc__E                                        
1002f2f9  xdc_runtime_Core_createObject__I                                   
1002f367  xdc_runtime_Core_deleteObject__I                                   
1002f3c5  xdc_runtime_Text_putLab__E                                         
1002f421  xdc_runtime_Assert_raise__I                                        
1002f475  xdc_runtime_Startup_exec__E                                        
1002f4c9  xdc_runtime_Core_assignParams__I                                   
1002f511  xdc_runtime_Core_constructObject__I                                
1002f559  xdc_runtime_System_atexit__E                                       
1002f5a1  xdc_runtime_Text_xprintf__I                                        
1002f5e5  xdc_runtime_System_processAtExit__E                                
1002f625  xdc_runtime_System_putchar__I                                      
1002f659  xdc_runtime_Core_assignLabel__I                                    
1002f689  xdc_runtime_Text_printVisFxn__I                                    
1002f6b9  xdc_runtime_System_vprintf__E                                      
1002f6e5  xdc_runtime_Text_cordText__E                                       
1002f711  xdc_runtime_System_abort__E                                        
1002f739  xdc_runtime_Error_raiseX__E                                        
1002f759  xdc_runtime_Registry_findById__E                                   
1002f779  xdc_runtime_Error_check__E                                         
1002f795  xdc_runtime_Memory_valloc__E                                       
1002f7b1  xdc_runtime_System_exit__E                                         
1002f7cd  xdc_runtime_Text_ropeText__E                                       
1002f7e9  xdc_runtime_System_printf__E                                       
1002f803  xdc_runtime_Core_destructObject__I                                 
1002f81b  xdc_runtime_System_abortSpin__E                                    
1002f81d  xdc_runtime_Memory_free__E                                         
1002f831  xdc_runtime_Memory_getStats__E                                     
1002f845  xdc_runtime_SysCallback_abort__E                                   
1002f859  xdc_runtime_SysCallback_exit__E                                    
1002f86d  xdc_runtime_SysCallback_flush__E                                   
1002f881  xdc_runtime_SysCallback_putch__E                                   
1002f895  xdc_runtime_SysCallback_ready__E                                   
1002f8a9  xdc_runtime_Memory_getMaxDefaultTypeAlign__E                       
1002f8b9  xdc_runtime_System_vsnprintf__E                                    
1002f8c9  xdc_runtime_Timestamp_SupportProxy_get32__E                        
1002f8c9  xdc_runtime_Timestamp_SupportProxy_get32__E                        
1002f8c9  xdc_runtime_Timestamp_get32__E                                     
1002f8c9  xdc_runtime_Timestamp_get32__E                                     
1002f8d9  xdc_runtime_Memory_calloc__E                                       
1002f8e5  xdc_runtime_Startup_rtsDone__E                                     
1002f8f1  xdc_runtime_Memory_HeapProxy_alloc__E                              
1002f8fb  xdc_runtime_Memory_HeapProxy_free__E                               
1002f905  xdc_runtime_Memory_HeapProxy_getStats__E                           
1002f90f  xdc_runtime_Gate_leaveSystem__E                                    
1002f915  xdc_runtime_System_Module_startup__E                               
1002f91b  xdc_runtime_Gate_enterSystem__E                                    
1002f91f  xdc_runtime_SysCallback_Module__startupDone__S                     
1002f923  xdc_runtime_System_Module_GateProxy_enter__E                       
1002f927  xdc_runtime_System_Module_GateProxy_leave__E                       
1002f92b  xdc_runtime_System_printf_va__F                                    
1002f92f  xdc_runtime_System_exitSpin__E                                     
1002f931  ti_sysbios_family_arm_m3_Hwi_dispatch__I                           
1002fa11  ti_sysbios_family_arm_m3_Hwi_interruptsAreDisabledButShouldNotBe   
1002fa2d  ti_sysbios_family_arm_m3_TaskSupport_buildTaskStack                
1002fab9  ti_sysbios_family_arm_m3_Hwi_initStacks__E                         
1002fb11  ti_sysbios_family_arm_m3_Hwi_pendSV__I                             
1002fb35  ti_sysbios_family_arm_m3_Hwi_return                                
1002fb39  ti_sysbios_family_arm_m3_Hwi_excHandlerAsm__I                      
1002fb59  ti_sysbios_family_xxx_Hwi_switchAndRunFunc                         
1002fb77  ti_sysbios_family_arm_m3_TaskSupport_swap__E                       
1002fb77  ti_sysbios_knl_Task_SupportProxy_swap__E                           
1002fb77  ti_sysbios_knl_Task_SupportProxy_swap__E                           
1002fb83  ti_sysbios_knl_Task_swapReturn                                     
1002fb8f  ti_sysbios_family_arm_m3_TaskSupport_glue                          
1002fba0  ti_sysbios_knl_Task_Object__PARAMS__C                              
1002fbdc  ti_sysbios_knl_Mailbox_Object__PARAMS__C                           
1002fc10  ti_sysbios_family_arm_m3_Hwi_Object__PARAMS__C                     
1002fc40  ti_sysbios_hal_Hwi_Object__PARAMS__C                               
1002fc6c  ti_sysbios_knl_Swi_Object__PARAMS__C                               
1002fc94  ti_sysbios_heaps_HeapMem_Object__PARAMS__C                         
1002fcb8  ti_sysbios_knl_Clock_Object__PARAMS__C                             
1002fcdc  ti_sysbios_knl_Semaphore_Object__PARAMS__C                         
1002fd00  ti_sysbios_gates_GateHwi_Object__PARAMS__C                         
1002fd18  ti_sysbios_gates_GateMutex_Object__PARAMS__C                       
1002fd30  ti_sysbios_knl_Event_Object__PARAMS__C                             
1002fd48  ti_sysbios_knl_Queue_Object__PARAMS__C                             
1002fd80  ti_sysbios_heaps_HeapTrack_Object__PARAMS__C                       
1002fd9c  ti_sysbios_heaps_HeapTrack_Instance_State_trackQueue__O            
1002fda0  ti_sysbios_heaps_HeapTrack_Module__diagsEnabled__C                 
1002fda4  ti_sysbios_heaps_HeapTrack_Module__diagsIncluded__C                
1002fda8  ti_sysbios_heaps_HeapTrack_Module__diagsMask__C                    
1002fddb  strlen                                                             
20000000  __start___llvm_prf_cnts                                            
20000000  __stop___llvm_prf_cnts                                             
20000000  ti_sysbios_family_arm_m3_Hwi_ramVectors                            
20000100  xdcRomConstPtr                                                     
20000104  xdcRomExternFuncPtr                                                
20000108  xdcRomStatePtr                                                     
20000110  __primary_heap_start__                                             
20004110  __primary_heap_end__                                               
20004510  t4Stack                                                            
20004790  ti_sysbios_knl_Task_Instance_State_0_stack__A                      
20004990  t1Stack                                                            
20004b90  t2Stack                                                            
20004d90  t3Stack                                                            
20004f90  t5Stack                                                            
20005190  xdc_runtime_SysMin_Module_State_0_outbuf__A                        
20005390  uartCC26XXObjects                                                  
2000554c  i2cCC26xxObjects                                                   
20005698  __CIOBUF_                                                          
200057b8  ti_sysbios_family_arm_m3_Hwi_dispatchTable                         
20005890  pinHandleTable                                                     
200059ac  task1Struct                                                        
200059fc  task2Struct                                                        
20005a4c  task3Struct                                                        
20005a9c  task4Struct                                                        
20005aec  task5Struct                                                        
20005b3c  gptimerCC26XXObjects                                               
20005c24  pwmTimerCC26XXObjects                                              
20005c60  semStruct                                                          
20005c7c  adcCC26xxObjects                                                   
20005ca8  displayUartObject                                                  
20005cbc  parmbuf                                                            
20005cc8  PWMsave                                                            
20005ccc  PowerCC26XX_swiKey                                                 
20005cd0  PowerCC26XX_taskKey                                                
20005cd4  semHandle                                                          
20005cd8  sleepCount                                                         
20005cdc  ADCread                                                            
20005cde  output                                                             
20005ce0  driverlib_release_0_60278                                          
20005ce8  PowerCC26X2_module                                                 
20005e58  ROM_stateStruct                                                    
20005e58  ti_sysbios_knl_Clock_Module__state__V                              
20005e84  ti_sysbios_family_arm_cc26xx_TimestampProvider_Module__state__V    
20005e88  xdc_runtime_Startup_Module__state__V                               
20005e90  xdc_runtime_Registry_Module__state__V                              
20005e98  ti_sysbios_BIOS_Module__state__V                                   
20005ebc  ti_sysbios_knl_Swi_Module__state__V                                
20005ed8  ti_sysbios_knl_Task_Module__state__V                               
20005f1c  xdc_runtime_Memory_Module__state__V                                
20005f20  xdc_runtime_System_Module__state__V                                
20005f28  ti_sysbios_family_arm_m3_Hwi_Module__state__V                      
20005f5c  ti_sysbios_family_arm_cc26xx_Timer_Module__state__V                
20005f64  ti_sysbios_knl_Task_Object__table__V                               
20005fb0  ti_sysbios_family_arm_cc26xx_Timer_Object__table__V                
20005ff8  ti_sysbios_gates_GateMutex_Object__table__V                        
20006030  ti_sysbios_knl_Swi_Module_State_0_readyQ__A                        
20006060  ti_sysbios_knl_Swi_Object__table__V                                
20006090  _hposcCoeffs                                                       
200060b4  ti_sysbios_knl_Clock_Object__table__V                              
200060d4  ti_sysbios_knl_Task_Module_State_0_readyQ__A                       
200060f4  xdc_runtime_Error_IgnoreBlock                                      
20006114  ti_sysbios_family_arm_m3_Hwi_Object__table__V                      
2000612c  ti_sysbios_heaps_HeapMem_Object__table__V                          
20006144  gpioCallbackFunctions                                              
20006150  gpioPinConfigs                                                     
2000615c  tickCount                                                          
20006160  PWMperiod                                                          
20006162  dutyCycle                                                          
20006164  button                                                             
20006168  xdc_runtime_SysMin_Module__state__V                                
20006174  _lock                                                              
20006178  _unlock                                                            
2000617c  pinUpperBound                                                      
20006180  pinLowerBound                                                      
20006184  ti_sysbios_family_arm_m3_Hwi_Module__root__V                       
2000618c  ti_sysbios_gates_GateHwi_Module__root__V                           
20006194  ti_sysbios_gates_GateMutex_Module__root__V                         
2000619c  ti_sysbios_hal_Hwi_Module__root__V                                 
200061a4  ti_sysbios_heaps_HeapMem_Module__root__V                           
200061ac  ti_sysbios_knl_Clock_Module__root__V                               
200061b4  ti_sysbios_knl_Event_Module__root__V                               
200061bc  ti_sysbios_knl_Mailbox_Module__root__V                             
200061c4  ti_sysbios_knl_Queue_Module__root__V                               
200061cc  ti_sysbios_knl_Semaphore_Module__root__V                           
200061d4  ti_sysbios_knl_Swi_Module__root__V                                 
200061dc  ti_sysbios_knl_Task_Module__root__V                                
200061e4  xdc_runtime_System_Module_State_0_atexitHandlers__A                
200061fc  main_func_sp                                                       
20006200  ti_sysbios_family_arm_m3_Hwi_Module_State_0_excContext__A          
20006204  ti_sysbios_family_arm_m3_Hwi_Module_State_0_excStack__A            
20006208  ti_sysbios_knl_Task_Module_State_0_idleTask__A                     
2000620c  ti_sysbios_family_arm_m3_Hwi_Module_State_0_excActive__A           
20013c00  __stack                                                            
20014000  __STACK_END                                                        
e000e000  ti_sysbios_family_arm_m3_Hwi_nvic                                  
ffffffff  __TI_pprof_out_hndl                                                
ffffffff  __TI_prof_data_size                                                
ffffffff  __TI_prof_data_start                                               
ffffffff  __binit__                                                          
ffffffff  __c_args__                                                         
ffffffff  binit                                                              
UNDEFED   ITM_flush                                                          
UNDEFED   ITM_restore                                                        
UNDEFED   SHT$$INIT_ARRAY$$Base                                              
UNDEFED   SHT$$INIT_ARRAY$$Limit                                             

[962 symbols]
