******************************************************************************
                  TI ARM Linker PC v20.2.5                     
******************************************************************************
>> Linked Wed Sep 29 10:49:50 2021

OUTPUT FILE NAME:   <project0.out>
ENTRY POINT SYMBOL: "_c_int00_noargs"  address: 00001431


MEMORY CONFIGURATION

         name            origin    length      used     unused   attr    fill
----------------------  --------  ---------  --------  --------  ----  --------
  FLASH                 00000000   00040000  00001858  0003e7a8  R  X
  SRAM                  20000000   00008000  00000125  00007edb  RW X


SEGMENT ALLOCATION MAP

run origin  load origin   length   init length attrs members
----------  ----------- ---------- ----------- ----- -------
00000000    00000000    00001858   00001858    r-x
  00000000    00000000    0000026c   0000026c    r-- .intvecs
  0000026c    0000026c    00001438   00001438    r-x .text
  000016a4    000016a4    00000184   00000184    r-- .const
  00001828    00001828    00000030   00000030    r-- .cinit
20000000    20000000    00000125   00000000    rw-
  20000000    20000000    00000100   00000000    rw- .stack
  20000100    20000100    00000020   00000000    rw- .bss
  20000120    20000120    00000005   00000000    rw- .data


SECTION ALLOCATION MAP

 output                                  attributes/
section   page    origin      length       input sections
--------  ----  ----------  ----------   ----------------
.intvecs   0    00000000    0000026c     
                  00000000    0000026c     startup_ccs.obj (.intvecs)

.text      0    0000026c    00001438     
                  0000026c    00000424     project0.obj (.text:main)
                  00000690    00000252     project0.obj (.text:help)
                  000008e2    00000002     startup_ccs.obj (.text:FaultISR)
                  000008e4    000001ee     uartstdio.obj (.text:UARTvprintf)
                  00000ad2    00000132     driverlib.lib : gpio.obj (.text:GPIOPadConfigSet)
                  00000c04    00000110                   : sysctl.obj (.text:SysCtlClockGet)
                  00000d14    000000f4                   : sysctl.obj (.text:SysCtlClockSet)
                  00000e08    000000cb     project0.obj (.text:startup)
                  00000ed3    00000001     --HOLE-- [fill = 0]
                  00000ed4    0000009c     rtsv7M4_T_le_v4SPD16_eabi.lib : memcpy_t2.asm.obj (.text)
                  00000f70    00000098     project0.obj (.text:tempF)
                  00001008    00000084     project0.obj (.text:tempC)
                  0000108c    0000007a     driverlib.lib : adc.obj (.text:ADCSequenceStepConfigure)
                  00001106    00000002     startup_ccs.obj (.text:IntDefaultHandler)
                  00001108    00000068     driverlib.lib : interrupt.obj (.text:IntEnable)
                  00001170    00000068     rtsv7M4_T_le_v4SPD16_eabi.lib : copy_decompress_lzss.c.obj (.text:decompress:lzss:__TI_decompress_lzss)
                  000011d8    00000060     driverlib.lib : timer.obj (.text:TimerConfigure)
                  00001238    00000060     uartstdio.obj (.text:UARTStdioConfig)
                  00001298    00000050     driverlib.lib : adc.obj (.text:ADCSequenceConfigure)
                  000012e8    00000048                   : gpio.obj (.text:GPIOPinConfigure)
                  00001330    00000048     uartstdio.obj (.text:UARTwrite)
                  00001378    00000044     rtsv7M4_T_le_v4SPD16_eabi.lib : autoinit.c.obj (.text:__TI_auto_init_nobinit_nopinit:__TI_auto_init_nobinit_nopinit)
                  000013bc    00000040                                   : u_divt2.asm.obj (.text)
                  000013fc    00000034     driverlib.lib : sysctl.obj (.text:SysCtlPeripheralEnable)
                  00001430    00000034     rtsv7M4_T_le_v4SPD16_eabi.lib : boot_cortex_m.c.obj (.text:_c_int00_noargs:_c_int00_noargs)
                  00001464    00000030     project0.obj (.text:Timer1IntHandler)
                  00001494    0000002a     driverlib.lib : gpio.obj (.text:GPIODirModeSet)
                  000014be    00000022                   : pwm.obj (.text:PWMGenConfigure)
                  000014e0    0000001e                   : adc.obj (.text:ADCSequenceDataGet)
                  000014fe    0000001e                   : pwm.obj (.text:PWMPulseWidthSet)
                  0000151c    0000001c     uartstdio.obj (.text:UARTgetc)
                  00001538    0000001c     rtsv7M4_T_le_v4SPD16_eabi.lib : copy_zero_init.c.obj (.text:decompress:ZI:__TI_zero_init_nomemset:__TI_zero_init_nomemset)
                  00001554    0000001a     uartstdio.obj (.text:UARTprintf)
                  0000156e    00000018     driverlib.lib : adc.obj (.text:ADCProcessorTrigger)
                  00001586    00000018                   : gpio.obj (.text:GPIOPinTypeGPIOOutput)
                  0000159e    00000012                   : gpio.obj (.text:GPIOPinTypePWM)
                  000015b0    00000012                   : gpio.obj (.text:GPIOPinTypeUART)
                  000015c2    00000012                   : pwm.obj (.text:PWMOutputState)
                  000015d4    00000012                   : timer.obj (.text:TimerLoadSet)
                  000015e6    00000010                   : interrupt.obj (.text:IntMasterEnable)
                  000015f6    00000010                   : pwm.obj (.text:PWMGenPeriodSet)
                  00001606    0000000e                   : adc.obj (.text:ADCHardwareOversampleConfigure)
                  00001614    0000000e                   : adc.obj (.text:ADCSequenceEnable)
                  00001622    0000000e                   : timer.obj (.text:TimerEnable)
                  00001630    0000000e                   : uart.obj (.text:UARTCharsAvail)
                  0000163e    0000000e     rtsv7M4_T_le_v4SPD16_eabi.lib : copy_decompress_none.c.obj (.text:decompress:none:__TI_decompress_none)
                  0000164c    0000000c     driverlib.lib : cpu.obj (.text:CPUcpsie)
                  00001658    0000000c                   : pwm.obj (.text:PWMGenEnable)
                  00001664    0000000a                   : timer.obj (.text:TimerIntDisable)
                  0000166e    00000008                   : timer.obj (.text:TimerIntEnable)
                  00001676    00000006                   : gpio.obj (.text:GPIOPinRead)
                  0000167c    00000006                   : gpio.obj (.text:GPIOPinWrite)
                  00001682    00000006     startup_ccs.obj (.text:ResetISR)
                  00001688    00000006     driverlib.lib : sysctl.obj (.text:SysCtlDelay)
                  0000168e    00000006                   : uart.obj (.text:UARTClockSourceSet)
                  00001694    00000004                   : timer.obj (.text:TimerIntClear)
                  00001698    00000004     rtsv7M4_T_le_v4SPD16_eabi.lib : pre_init.c.obj (.text:_system_pre_init)
                  0000169c    00000004                                   : exit.c.obj (.text:abort:abort)
                  000016a0    00000002     startup_ccs.obj (.text:NmiSR)
                  000016a2    00000002     rtsv7M4_T_le_v4SPD16_eabi.lib : div0.asm.obj (.text)

.const     0    000016a4    00000184     
                  000016a4    00000090     driverlib.lib : gpio.obj (.const:g_pui32GPIOBaseAddrs)
                  00001734    00000070                   : interrupt.obj (.const)
                  000017a4    0000006c                   : sysctl.obj (.const:g_pui32Xtals)
                  00001810    0000000c     uartstdio.obj (.const:g_ui32UARTBase)
                  0000181c    0000000c     uartstdio.obj (.const:g_ui32UARTPeriph)

.cinit     0    00001828    00000030     
                  00001828    0000000c     (__TI_handler_table)
                  00001834    00000004     --HOLE-- [fill = 0]
                  00001838    00000008     (.cinit..bss.load) [load image, compression = zero_init]
                  00001840    00000007     (.cinit..data.load) [load image, compression = lzss]
                  00001847    00000001     --HOLE-- [fill = 0]
                  00001848    00000010     (__TI_cinit_table)

.init_array 
*          0    00000000    00000000     UNINITIALIZED

.bss       0    20000100    00000020     UNINITIALIZED
                  20000100    00000010     (.common:ui32ADC0Value)
                  20000110    00000004     (.common:ui32Period)
                  20000114    00000004     (.common:ui32TempAvg)
                  20000118    00000004     (.common:ui32TempValueC)
                  2000011c    00000004     (.common:ui32TempValueF)

.data      0    20000120    00000005     UNINITIALIZED
                  20000120    00000005     uartstdio.obj (.data)

.stack     0    20000000    00000100     UNINITIALIZED
                  20000000    00000004     rtsv7M4_T_le_v4SPD16_eabi.lib : boot_cortex_m.c.obj (.stack)
                  20000004    000000fc     --HOLE--

__llvm_prf_cnts 
*          0    20000000    00000000     UNINITIALIZED

MODULE SUMMARY

       Module                       code   ro data   rw data
       ------                       ----   -------   -------
    .\
       project0.obj                 2189   0         32     
       uartstdio.obj                716    24        5      
       startup_ccs.obj              12     620       0      
    +--+----------------------------+------+---------+---------+
       Total:                       2917   644       37     
                                                            
    C:/ti/tivaware_c_series_2_1_4_178/driverlib/ccs/Debug/driverlib.lib
       sysctl.obj                   574    108       0      
       gpio.obj                     492    144       0      
       adc.obj                      284    0         0      
       interrupt.obj                120    112       0      
       timer.obj                    150    0         0      
       pwm.obj                      110    0         0      
       uart.obj                     20     0         0      
       cpu.obj                      12     0         0      
    +--+----------------------------+------+---------+---------+
       Total:                       1762   364       0      
                                                            
    C:\ti\ccs1040\ccs\tools\compiler\ti-cgt-arm_20.2.5.LTS\lib\rtsv7M4_T_le_v4SPD16_eabi.lib
       memcpy_t2.asm.obj            156    0         0      
       copy_decompress_lzss.c.obj   104    0         0      
       autoinit.c.obj               68     0         0      
       u_divt2.asm.obj              64     0         0      
       boot_cortex_m.c.obj          52     0         0      
       copy_zero_init.c.obj         28     0         0      
       copy_decompress_none.c.obj   14     0         0      
       exit.c.obj                   4      0         0      
       pre_init.c.obj               4      0         0      
       div0.asm.obj                 2      0         0      
    +--+----------------------------+------+---------+---------+
       Total:                       496    0         0      
                                                            
       Stack:                       0      0         256    
       Linker Generated:            0      43        0      
    +--+----------------------------+------+---------+---------+
       Grand Total:                 5175   1051      293    


LINKER GENERATED COPY TABLES

__TI_cinit_table @ 00001848 records: 2, size/record: 8, table size: 16
	.bss: load addr=00001838, load size=00000008 bytes, run addr=20000100, run size=00000020 bytes, compression=zero_init
	.data: load addr=00001840, load size=00000007 bytes, run addr=20000120, run size=00000005 bytes, compression=lzss


LINKER GENERATED HANDLER TABLE

__TI_handler_table @ 00001828 records: 3, size/record: 4, table size: 12
	index: 0, handler: __TI_decompress_lzss
	index: 1, handler: __TI_decompress_none
	index: 2, handler: __TI_zero_init


GLOBAL SYMBOLS: SORTED ALPHABETICALLY BY Name 

address   name                          
-------   ----                          
00001607  ADCHardwareOversampleConfigure
0000156f  ADCProcessorTrigger           
00001299  ADCSequenceConfigure          
000014e1  ADCSequenceDataGet            
00001615  ADCSequenceEnable             
0000108d  ADCSequenceStepConfigure      
0000169d  C$$EXIT                       
0000164d  CPUcpsie                      
00001495  GPIODirModeSet                
00000ad3  GPIOPadConfigSet              
000012e9  GPIOPinConfigure              
00001677  GPIOPinRead                   
00001587  GPIOPinTypeGPIOOutput         
0000159f  GPIOPinTypePWM                
000015b1  GPIOPinTypeUART               
0000167d  GPIOPinWrite                  
00001109  IntEnable                     
000015e7  IntMasterEnable               
000014bf  PWMGenConfigure               
00001659  PWMGenEnable                  
000015f7  PWMGenPeriodSet               
000015c3  PWMOutputState                
000014ff  PWMPulseWidthSet              
00001683  ResetISR                      
00000c05  SysCtlClockGet                
00000d15  SysCtlClockSet                
00001689  SysCtlDelay                   
000013fd  SysCtlPeripheralEnable        
00001465  Timer1IntHandler              
000011d9  TimerConfigure                
00001623  TimerEnable                   
00001695  TimerIntClear                 
00001665  TimerIntDisable               
0000166f  TimerIntEnable                
000015d5  TimerLoadSet                  
00001631  UARTCharsAvail                
0000168f  UARTClockSourceSet            
00001239  UARTStdioConfig               
0000151d  UARTgetc                      
00001555  UARTprintf                    
000008e5  UARTvprintf                   
00001331  UARTwrite                     
20000100  __STACK_END                   
00000100  __STACK_SIZE                  
20000100  __STACK_TOP                   
00001848  __TI_CINIT_Base               
00001858  __TI_CINIT_Limit              
00001828  __TI_Handler_Table_Base       
00001834  __TI_Handler_Table_Limit      
00001379  __TI_auto_init_nobinit_nopinit
00001171  __TI_decompress_lzss          
0000163f  __TI_decompress_none          
ffffffff  __TI_pprof_out_hndl           
ffffffff  __TI_prof_data_size           
ffffffff  __TI_prof_data_start          
00000000  __TI_static_base__            
00001539  __TI_zero_init_nomemset       
000016a3  __aeabi_idiv0                 
000016a3  __aeabi_ldiv0                 
00000ed5  __aeabi_memcpy                
00000ed5  __aeabi_memcpy4               
00000ed5  __aeabi_memcpy8               
000013bd  __aeabi_uidiv                 
000013bd  __aeabi_uidivmod              
ffffffff  __binit__                     
ffffffff  __c_args__                    
UNDEFED   __mpu_init                    
20000000  __stack                       
20000000  __start___llvm_prf_cnts       
20000000  __stop___llvm_prf_cnts        
00001431  _c_int00_noargs               
UNDEFED   _system_post_cinit            
00001699  _system_pre_init              
0000169d  abort                         
ffffffff  binit                         
00000000  g_pfnVectors                  
00000691  help                          
0000026d  main                          
00000ed5  memcpy                        
00000e09  startup                       
00001009  tempC                         
00000f71  tempF                         
20000100  ui32ADC0Value                 
20000110  ui32Period                    
20000114  ui32TempAvg                   
20000118  ui32TempValueC                
2000011c  ui32TempValueF                


GLOBAL SYMBOLS: SORTED BY Symbol Address 

address   name                          
-------   ----                          
00000000  __TI_static_base__            
00000000  g_pfnVectors                  
00000100  __STACK_SIZE                  
0000026d  main                          
00000691  help                          
000008e5  UARTvprintf                   
00000ad3  GPIOPadConfigSet              
00000c05  SysCtlClockGet                
00000d15  SysCtlClockSet                
00000e09  startup                       
00000ed5  __aeabi_memcpy                
00000ed5  __aeabi_memcpy4               
00000ed5  __aeabi_memcpy8               
00000ed5  memcpy                        
00000f71  tempF                         
00001009  tempC                         
0000108d  ADCSequenceStepConfigure      
00001109  IntEnable                     
00001171  __TI_decompress_lzss          
000011d9  TimerConfigure                
00001239  UARTStdioConfig               
00001299  ADCSequenceConfigure          
000012e9  GPIOPinConfigure              
00001331  UARTwrite                     
00001379  __TI_auto_init_nobinit_nopinit
000013bd  __aeabi_uidiv                 
000013bd  __aeabi_uidivmod              
000013fd  SysCtlPeripheralEnable        
00001431  _c_int00_noargs               
00001465  Timer1IntHandler              
00001495  GPIODirModeSet                
000014bf  PWMGenConfigure               
000014e1  ADCSequenceDataGet            
000014ff  PWMPulseWidthSet              
0000151d  UARTgetc                      
00001539  __TI_zero_init_nomemset       
00001555  UARTprintf                    
0000156f  ADCProcessorTrigger           
00001587  GPIOPinTypeGPIOOutput         
0000159f  GPIOPinTypePWM                
000015b1  GPIOPinTypeUART               
000015c3  PWMOutputState                
000015d5  TimerLoadSet                  
000015e7  IntMasterEnable               
000015f7  PWMGenPeriodSet               
00001607  ADCHardwareOversampleConfigure
00001615  ADCSequenceEnable             
00001623  TimerEnable                   
00001631  UARTCharsAvail                
0000163f  __TI_decompress_none          
0000164d  CPUcpsie                      
00001659  PWMGenEnable                  
00001665  TimerIntDisable               
0000166f  TimerIntEnable                
00001677  GPIOPinRead                   
0000167d  GPIOPinWrite                  
00001683  ResetISR                      
00001689  SysCtlDelay                   
0000168f  UARTClockSourceSet            
00001695  TimerIntClear                 
00001699  _system_pre_init              
0000169d  C$$EXIT                       
0000169d  abort                         
000016a3  __aeabi_idiv0                 
000016a3  __aeabi_ldiv0                 
00001828  __TI_Handler_Table_Base       
00001834  __TI_Handler_Table_Limit      
00001848  __TI_CINIT_Base               
00001858  __TI_CINIT_Limit              
20000000  __stack                       
20000000  __start___llvm_prf_cnts       
20000000  __stop___llvm_prf_cnts        
20000100  __STACK_END                   
20000100  __STACK_TOP                   
20000100  ui32ADC0Value                 
20000110  ui32Period                    
20000114  ui32TempAvg                   
20000118  ui32TempValueC                
2000011c  ui32TempValueF                
ffffffff  __TI_pprof_out_hndl           
ffffffff  __TI_prof_data_size           
ffffffff  __TI_prof_data_start          
ffffffff  __binit__                     
ffffffff  __c_args__                    
ffffffff  binit                         
UNDEFED   __mpu_init                    
UNDEFED   _system_post_cinit            

[87 symbols]
