<?xml version="1.0" encoding="ISO-8859-1" ?>
<link_info>
   <banner>TI ARM Linker PC v20.2.5.LTS</banner>
   <copyright>Copyright (c) 1996-2018 Texas Instruments Incorporated</copyright>
   <link_time>0x6154a73e</link_time>
   <link_errors>0x0</link_errors>
   <output_file>project0.out</output_file>
   <entry_point>
      <name>_c_int00_noargs</name>
      <address>0x1431</address>
   </entry_point>
   <input_file_list>
      <input_file id="fl-2">
         <path>.\</path>
         <kind>object</kind>
         <file>project0.obj</file>
         <name>project0.obj</name>
      </input_file>
      <input_file id="fl-3">
         <path>.\</path>
         <kind>object</kind>
         <file>startup_ccs.obj</file>
         <name>startup_ccs.obj</name>
      </input_file>
      <input_file id="fl-4">
         <path>.\</path>
         <kind>object</kind>
         <file>uartstdio.obj</file>
         <name>uartstdio.obj</name>
      </input_file>
      <input_file id="fl-9">
         <kind>object</kind>
         <file>&lt;internal&gt;</file>
         <name>&lt;internal&gt;</name>
      </input_file>
      <input_file id="fl-bf">
         <path>C:\ti\ccs1040\ccs\tools\compiler\ti-cgt-arm_20.2.5.LTS\lib\</path>
         <kind>archive</kind>
         <file>rtsv7M4_T_le_v4SPD16_eabi.lib</file>
         <name>u_divt2.asm.obj</name>
      </input_file>
      <input_file id="fl-c0">
         <path>C:\ti\ccs1040\ccs\tools\compiler\ti-cgt-arm_20.2.5.LTS\lib\</path>
         <kind>archive</kind>
         <file>rtsv7M4_T_le_v4SPD16_eabi.lib</file>
         <name>copy_zero_init.c.obj</name>
      </input_file>
      <input_file id="fl-c1">
         <path>C:\ti\ccs1040\ccs\tools\compiler\ti-cgt-arm_20.2.5.LTS\lib\</path>
         <kind>archive</kind>
         <file>rtsv7M4_T_le_v4SPD16_eabi.lib</file>
         <name>copy_decompress_none.c.obj</name>
      </input_file>
      <input_file id="fl-c2">
         <path>C:\ti\ccs1040\ccs\tools\compiler\ti-cgt-arm_20.2.5.LTS\lib\</path>
         <kind>archive</kind>
         <file>rtsv7M4_T_le_v4SPD16_eabi.lib</file>
         <name>copy_decompress_lzss.c.obj</name>
      </input_file>
      <input_file id="fl-c3">
         <path>C:\ti\ccs1040\ccs\tools\compiler\ti-cgt-arm_20.2.5.LTS\lib\</path>
         <kind>archive</kind>
         <file>rtsv7M4_T_le_v4SPD16_eabi.lib</file>
         <name>boot_cortex_m.c.obj</name>
      </input_file>
      <input_file id="fl-c4">
         <path>C:\ti\ccs1040\ccs\tools\compiler\ti-cgt-arm_20.2.5.LTS\lib\</path>
         <kind>archive</kind>
         <file>rtsv7M4_T_le_v4SPD16_eabi.lib</file>
         <name>div0.asm.obj</name>
      </input_file>
      <input_file id="fl-c5">
         <path>C:\ti\ccs1040\ccs\tools\compiler\ti-cgt-arm_20.2.5.LTS\lib\</path>
         <kind>archive</kind>
         <file>rtsv7M4_T_le_v4SPD16_eabi.lib</file>
         <name>memcpy_t2.asm.obj</name>
      </input_file>
      <input_file id="fl-c6">
         <path>C:\ti\ccs1040\ccs\tools\compiler\ti-cgt-arm_20.2.5.LTS\lib\</path>
         <kind>archive</kind>
         <file>rtsv7M4_T_le_v4SPD16_eabi.lib</file>
         <name>memset_t2.asm.obj</name>
      </input_file>
      <input_file id="fl-c7">
         <path>C:\ti\ccs1040\ccs\tools\compiler\ti-cgt-arm_20.2.5.LTS\lib\</path>
         <kind>archive</kind>
         <file>rtsv7M4_T_le_v4SPD16_eabi.lib</file>
         <name>autoinit.c.obj</name>
      </input_file>
      <input_file id="fl-c8">
         <path>C:\ti\ccs1040\ccs\tools\compiler\ti-cgt-arm_20.2.5.LTS\lib\</path>
         <kind>archive</kind>
         <file>rtsv7M4_T_le_v4SPD16_eabi.lib</file>
         <name>pre_init.c.obj</name>
      </input_file>
      <input_file id="fl-c9">
         <path>C:\ti\ccs1040\ccs\tools\compiler\ti-cgt-arm_20.2.5.LTS\lib\</path>
         <kind>archive</kind>
         <file>rtsv7M4_T_le_v4SPD16_eabi.lib</file>
         <name>cpy_tbl.c.obj</name>
      </input_file>
      <input_file id="fl-ca">
         <path>C:\ti\ccs1040\ccs\tools\compiler\ti-cgt-arm_20.2.5.LTS\lib\</path>
         <kind>archive</kind>
         <file>rtsv7M4_T_le_v4SPD16_eabi.lib</file>
         <name>exit.c.obj</name>
      </input_file>
      <input_file id="fl-cb">
         <path>C:\ti\ccs1040\ccs\tools\compiler\ti-cgt-arm_20.2.5.LTS\lib\</path>
         <kind>archive</kind>
         <file>rtsv7M4_T_le_v4SPD16_eabi.lib</file>
         <name>_lock.c.obj</name>
      </input_file>
      <input_file id="fl-cc">
         <path>C:\ti\ccs1040\ccs\tools\compiler\ti-cgt-arm_20.2.5.LTS\lib\</path>
         <kind>archive</kind>
         <file>rtsv7M4_T_le_v4SPD16_eabi.lib</file>
         <name>args_main.c.obj</name>
      </input_file>
      <input_file id="fl-cd">
         <path>C:\ti\tivaware_c_series_2_1_4_178\driverlib\ccs\Debug\</path>
         <kind>archive</kind>
         <file>driverlib.lib</file>
         <name>adc.obj</name>
      </input_file>
      <input_file id="fl-ce">
         <path>C:\ti\tivaware_c_series_2_1_4_178\driverlib\ccs\Debug\</path>
         <kind>archive</kind>
         <file>driverlib.lib</file>
         <name>gpio.obj</name>
      </input_file>
      <input_file id="fl-cf">
         <path>C:\ti\tivaware_c_series_2_1_4_178\driverlib\ccs\Debug\</path>
         <kind>archive</kind>
         <file>driverlib.lib</file>
         <name>interrupt.obj</name>
      </input_file>
      <input_file id="fl-d0">
         <path>C:\ti\tivaware_c_series_2_1_4_178\driverlib\ccs\Debug\</path>
         <kind>archive</kind>
         <file>driverlib.lib</file>
         <name>pwm.obj</name>
      </input_file>
      <input_file id="fl-d1">
         <path>C:\ti\tivaware_c_series_2_1_4_178\driverlib\ccs\Debug\</path>
         <kind>archive</kind>
         <file>driverlib.lib</file>
         <name>sysctl.obj</name>
      </input_file>
      <input_file id="fl-d2">
         <path>C:\ti\tivaware_c_series_2_1_4_178\driverlib\ccs\Debug\</path>
         <kind>archive</kind>
         <file>driverlib.lib</file>
         <name>timer.obj</name>
      </input_file>
      <input_file id="fl-d3">
         <path>C:\ti\tivaware_c_series_2_1_4_178\driverlib\ccs\Debug\</path>
         <kind>archive</kind>
         <file>driverlib.lib</file>
         <name>uart.obj</name>
      </input_file>
      <input_file id="fl-d4">
         <path>C:\ti\tivaware_c_series_2_1_4_178\driverlib\ccs\Debug\</path>
         <kind>archive</kind>
         <file>driverlib.lib</file>
         <name>cpu.obj</name>
      </input_file>
   </input_file_list>
   <object_component_list>
      <object_component id="oc-12">
         <name>.intvecs</name>
         <load_address>0x0</load_address>
         <run_address>0x0</run_address>
         <size>0x26c</size>
         <input_file_ref idref="fl-3"/>
      </object_component>
      <object_component id="oc-c9">
         <name>.text:main</name>
         <load_address>0x26c</load_address>
         <run_address>0x26c</run_address>
         <size>0x424</size>
         <input_file_ref idref="fl-2"/>
      </object_component>
      <object_component id="oc-18c">
         <name>.text:help</name>
         <load_address>0x690</load_address>
         <run_address>0x690</run_address>
         <size>0x252</size>
         <input_file_ref idref="fl-2"/>
      </object_component>
      <object_component id="oc-33">
         <name>.text:FaultISR</name>
         <load_address>0x8e2</load_address>
         <run_address>0x8e2</run_address>
         <size>0x2</size>
         <input_file_ref idref="fl-3"/>
      </object_component>
      <object_component id="oc-239">
         <name>.text:UARTvprintf</name>
         <load_address>0x8e4</load_address>
         <run_address>0x8e4</run_address>
         <size>0x1ee</size>
         <input_file_ref idref="fl-4"/>
      </object_component>
      <object_component id="oc-220">
         <name>.text:GPIOPadConfigSet</name>
         <load_address>0xad2</load_address>
         <run_address>0xad2</run_address>
         <size>0x132</size>
         <input_file_ref idref="fl-ce"/>
      </object_component>
      <object_component id="oc-161">
         <name>.text:SysCtlClockGet</name>
         <load_address>0xc04</load_address>
         <run_address>0xc04</run_address>
         <size>0x110</size>
         <input_file_ref idref="fl-d1"/>
      </object_component>
      <object_component id="oc-101">
         <name>.text:SysCtlClockSet</name>
         <load_address>0xd14</load_address>
         <run_address>0xd14</run_address>
         <size>0xf4</size>
         <input_file_ref idref="fl-d1"/>
      </object_component>
      <object_component id="oc-143">
         <name>.text:startup</name>
         <load_address>0xe08</load_address>
         <run_address>0xe08</run_address>
         <size>0xcb</size>
         <input_file_ref idref="fl-2"/>
      </object_component>
      <object_component id="oc-53">
         <name>.text</name>
         <load_address>0xed4</load_address>
         <run_address>0xed4</run_address>
         <size>0x9c</size>
         <input_file_ref idref="fl-c5"/>
      </object_component>
      <object_component id="oc-14f">
         <name>.text:tempF</name>
         <load_address>0xf70</load_address>
         <run_address>0xf70</run_address>
         <size>0x98</size>
         <input_file_ref idref="fl-2"/>
      </object_component>
      <object_component id="oc-155">
         <name>.text:tempC</name>
         <load_address>0x1008</load_address>
         <run_address>0x1008</run_address>
         <size>0x84</size>
         <input_file_ref idref="fl-2"/>
      </object_component>
      <object_component id="oc-119">
         <name>.text:ADCSequenceStepConfigure</name>
         <load_address>0x108c</load_address>
         <run_address>0x108c</run_address>
         <size>0x7a</size>
         <input_file_ref idref="fl-cd"/>
      </object_component>
      <object_component id="oc-39">
         <name>.text:IntDefaultHandler</name>
         <load_address>0x1106</load_address>
         <run_address>0x1106</run_address>
         <size>0x2</size>
         <input_file_ref idref="fl-3"/>
      </object_component>
      <object_component id="oc-19e">
         <name>.text:IntEnable</name>
         <load_address>0x1108</load_address>
         <run_address>0x1108</run_address>
         <size>0x68</size>
         <input_file_ref idref="fl-cf"/>
      </object_component>
      <object_component id="oc-15">
         <name>.text:decompress:lzss:__TI_decompress_lzss</name>
         <load_address>0x1170</load_address>
         <run_address>0x1170</run_address>
         <size>0x68</size>
         <input_file_ref idref="fl-c2"/>
      </object_component>
      <object_component id="oc-192">
         <name>.text:TimerConfigure</name>
         <load_address>0x11d8</load_address>
         <run_address>0x11d8</run_address>
         <size>0x60</size>
         <input_file_ref idref="fl-d2"/>
      </object_component>
      <object_component id="oc-137">
         <name>.text:UARTStdioConfig</name>
         <load_address>0x1238</load_address>
         <run_address>0x1238</run_address>
         <size>0x60</size>
         <input_file_ref idref="fl-4"/>
      </object_component>
      <object_component id="oc-113">
         <name>.text:ADCSequenceConfigure</name>
         <load_address>0x1298</load_address>
         <run_address>0x1298</run_address>
         <size>0x50</size>
         <input_file_ref idref="fl-cd"/>
      </object_component>
      <object_component id="oc-125">
         <name>.text:GPIOPinConfigure</name>
         <load_address>0x12e8</load_address>
         <run_address>0x12e8</run_address>
         <size>0x48</size>
         <input_file_ref idref="fl-ce"/>
      </object_component>
      <object_component id="oc-2af">
         <name>.text:UARTwrite</name>
         <load_address>0x1330</load_address>
         <run_address>0x1330</run_address>
         <size>0x48</size>
         <input_file_ref idref="fl-4"/>
      </object_component>
      <object_component id="oc-1d0">
         <name>.text:__TI_auto_init_nobinit_nopinit:__TI_auto_init_nobinit_nopinit</name>
         <load_address>0x1378</load_address>
         <run_address>0x1378</run_address>
         <size>0x44</size>
         <input_file_ref idref="fl-c7"/>
      </object_component>
      <object_component id="oc-2b5">
         <name>.text</name>
         <load_address>0x13bc</load_address>
         <run_address>0x13bc</run_address>
         <size>0x40</size>
         <input_file_ref idref="fl-bf"/>
      </object_component>
      <object_component id="oc-107">
         <name>.text:SysCtlPeripheralEnable</name>
         <load_address>0x13fc</load_address>
         <run_address>0x13fc</run_address>
         <size>0x34</size>
         <input_file_ref idref="fl-d1"/>
      </object_component>
      <object_component id="oc-71">
         <name>.text:_c_int00_noargs:_c_int00_noargs</name>
         <load_address>0x1430</load_address>
         <run_address>0x1430</run_address>
         <size>0x34</size>
         <input_file_ref idref="fl-c3"/>
      </object_component>
      <object_component id="oc-3f">
         <name>.text:Timer1IntHandler</name>
         <load_address>0x1464</load_address>
         <run_address>0x1464</run_address>
         <size>0x30</size>
         <input_file_ref idref="fl-2"/>
      </object_component>
      <object_component id="oc-21a">
         <name>.text:GPIODirModeSet</name>
         <load_address>0x1494</load_address>
         <run_address>0x1494</run_address>
         <size>0x2a</size>
         <input_file_ref idref="fl-ce"/>
      </object_component>
      <object_component id="oc-167">
         <name>.text:PWMGenConfigure</name>
         <load_address>0x14be</load_address>
         <run_address>0x14be</run_address>
         <size>0x22</size>
         <input_file_ref idref="fl-d0"/>
      </object_component>
      <object_component id="oc-24b">
         <name>.text:ADCSequenceDataGet</name>
         <load_address>0x14e0</load_address>
         <run_address>0x14e0</run_address>
         <size>0x1e</size>
         <input_file_ref idref="fl-cd"/>
      </object_component>
      <object_component id="oc-173">
         <name>.text:PWMPulseWidthSet</name>
         <load_address>0x14fe</load_address>
         <run_address>0x14fe</run_address>
         <size>0x1e</size>
         <input_file_ref idref="fl-d0"/>
      </object_component>
      <object_component id="oc-1bc">
         <name>.text:UARTgetc</name>
         <load_address>0x151c</load_address>
         <run_address>0x151c</run_address>
         <size>0x1c</size>
         <input_file_ref idref="fl-4"/>
      </object_component>
      <object_component id="oc-5f">
         <name>.text:decompress:ZI:__TI_zero_init_nomemset:__TI_zero_init_nomemset</name>
         <load_address>0x1538</load_address>
         <run_address>0x1538</run_address>
         <size>0x1c</size>
         <input_file_ref idref="fl-c0"/>
      </object_component>
      <object_component id="oc-149">
         <name>.text:UARTprintf</name>
         <load_address>0x1554</load_address>
         <run_address>0x1554</run_address>
         <size>0x1a</size>
         <input_file_ref idref="fl-4"/>
      </object_component>
      <object_component id="oc-245">
         <name>.text:ADCProcessorTrigger</name>
         <load_address>0x156e</load_address>
         <run_address>0x156e</run_address>
         <size>0x18</size>
         <input_file_ref idref="fl-cd"/>
      </object_component>
      <object_component id="oc-13d">
         <name>.text:GPIOPinTypeGPIOOutput</name>
         <load_address>0x1586</load_address>
         <run_address>0x1586</run_address>
         <size>0x18</size>
         <input_file_ref idref="fl-ce"/>
      </object_component>
      <object_component id="oc-15b">
         <name>.text:GPIOPinTypePWM</name>
         <load_address>0x159e</load_address>
         <run_address>0x159e</run_address>
         <size>0x12</size>
         <input_file_ref idref="fl-ce"/>
      </object_component>
      <object_component id="oc-12b">
         <name>.text:GPIOPinTypeUART</name>
         <load_address>0x15b0</load_address>
         <run_address>0x15b0</run_address>
         <size>0x12</size>
         <input_file_ref idref="fl-ce"/>
      </object_component>
      <object_component id="oc-179">
         <name>.text:PWMOutputState</name>
         <load_address>0x15c2</load_address>
         <run_address>0x15c2</run_address>
         <size>0x12</size>
         <input_file_ref idref="fl-d0"/>
      </object_component>
      <object_component id="oc-198">
         <name>.text:TimerLoadSet</name>
         <load_address>0x15d4</load_address>
         <run_address>0x15d4</run_address>
         <size>0x12</size>
         <input_file_ref idref="fl-d2"/>
      </object_component>
      <object_component id="oc-1aa">
         <name>.text:IntMasterEnable</name>
         <load_address>0x15e6</load_address>
         <run_address>0x15e6</run_address>
         <size>0x10</size>
         <input_file_ref idref="fl-cf"/>
      </object_component>
      <object_component id="oc-16d">
         <name>.text:PWMGenPeriodSet</name>
         <load_address>0x15f6</load_address>
         <run_address>0x15f6</run_address>
         <size>0x10</size>
         <input_file_ref idref="fl-d0"/>
      </object_component>
      <object_component id="oc-10d">
         <name>.text:ADCHardwareOversampleConfigure</name>
         <load_address>0x1606</load_address>
         <run_address>0x1606</run_address>
         <size>0xe</size>
         <input_file_ref idref="fl-cd"/>
      </object_component>
      <object_component id="oc-11f">
         <name>.text:ADCSequenceEnable</name>
         <load_address>0x1614</load_address>
         <run_address>0x1614</run_address>
         <size>0xe</size>
         <input_file_ref idref="fl-cd"/>
      </object_component>
      <object_component id="oc-1b0">
         <name>.text:TimerEnable</name>
         <load_address>0x1622</load_address>
         <run_address>0x1622</run_address>
         <size>0xe</size>
         <input_file_ref idref="fl-d2"/>
      </object_component>
      <object_component id="oc-186">
         <name>.text:UARTCharsAvail</name>
         <load_address>0x1630</load_address>
         <run_address>0x1630</run_address>
         <size>0xe</size>
         <input_file_ref idref="fl-d3"/>
      </object_component>
      <object_component id="oc-1b">
         <name>.text:decompress:none:__TI_decompress_none</name>
         <load_address>0x163e</load_address>
         <run_address>0x163e</run_address>
         <size>0xe</size>
         <input_file_ref idref="fl-c1"/>
      </object_component>
      <object_component id="oc-26c">
         <name>.text:CPUcpsie</name>
         <load_address>0x164c</load_address>
         <run_address>0x164c</run_address>
         <size>0xc</size>
         <input_file_ref idref="fl-d4"/>
      </object_component>
      <object_component id="oc-17f">
         <name>.text:PWMGenEnable</name>
         <load_address>0x1658</load_address>
         <run_address>0x1658</run_address>
         <size>0xc</size>
         <input_file_ref idref="fl-d0"/>
      </object_component>
      <object_component id="oc-1b6">
         <name>.text:TimerIntDisable</name>
         <load_address>0x1664</load_address>
         <run_address>0x1664</run_address>
         <size>0xa</size>
         <input_file_ref idref="fl-d2"/>
      </object_component>
      <object_component id="oc-1a4">
         <name>.text:TimerIntEnable</name>
         <load_address>0x166e</load_address>
         <run_address>0x166e</run_address>
         <size>0x8</size>
         <input_file_ref idref="fl-d2"/>
      </object_component>
      <object_component id="oc-8f">
         <name>.text:GPIOPinRead</name>
         <load_address>0x1676</load_address>
         <run_address>0x1676</run_address>
         <size>0x6</size>
         <input_file_ref idref="fl-ce"/>
      </object_component>
      <object_component id="oc-95">
         <name>.text:GPIOPinWrite</name>
         <load_address>0x167c</load_address>
         <run_address>0x167c</run_address>
         <size>0x6</size>
         <input_file_ref idref="fl-ce"/>
      </object_component>
      <object_component id="oc-27">
         <name>.text:ResetISR</name>
         <load_address>0x1682</load_address>
         <run_address>0x1682</run_address>
         <size>0x6</size>
         <input_file_ref idref="fl-3"/>
      </object_component>
      <object_component id="oc-185">
         <name>.text:SysCtlDelay</name>
         <load_address>0x1688</load_address>
         <run_address>0x1688</run_address>
         <size>0x6</size>
         <input_file_ref idref="fl-d1"/>
      </object_component>
      <object_component id="oc-131">
         <name>.text:UARTClockSourceSet</name>
         <load_address>0x168e</load_address>
         <run_address>0x168e</run_address>
         <size>0x6</size>
         <input_file_ref idref="fl-d3"/>
      </object_component>
      <object_component id="oc-89">
         <name>.text:TimerIntClear</name>
         <load_address>0x1694</load_address>
         <run_address>0x1694</run_address>
         <size>0x4</size>
         <input_file_ref idref="fl-d2"/>
      </object_component>
      <object_component id="oc-c3">
         <name>.text:_system_pre_init</name>
         <load_address>0x1698</load_address>
         <run_address>0x1698</run_address>
         <size>0x4</size>
         <input_file_ref idref="fl-c8"/>
      </object_component>
      <object_component id="oc-1c4">
         <name>.text:abort:abort</name>
         <load_address>0x169c</load_address>
         <run_address>0x169c</run_address>
         <size>0x4</size>
         <input_file_ref idref="fl-ca"/>
      </object_component>
      <object_component id="oc-2d">
         <name>.text:NmiSR</name>
         <load_address>0x16a0</load_address>
         <run_address>0x16a0</run_address>
         <size>0x2</size>
         <input_file_ref idref="fl-3"/>
      </object_component>
      <object_component id="oc-2e8">
         <name>.text</name>
         <load_address>0x16a2</load_address>
         <run_address>0x16a2</run_address>
         <size>0x2</size>
         <input_file_ref idref="fl-c4"/>
      </object_component>
      <object_component id="oc-216">
         <name>.const:g_pui32GPIOBaseAddrs</name>
         <load_address>0x16a4</load_address>
         <run_address>0x16a4</run_address>
         <size>0x90</size>
         <input_file_ref idref="fl-ce"/>
      </object_component>
      <object_component id="oc-266">
         <name>.const</name>
         <load_address>0x1734</load_address>
         <run_address>0x1734</run_address>
         <size>0x70</size>
         <input_file_ref idref="fl-cf"/>
      </object_component>
      <object_component id="oc-258">
         <name>.const:g_pui32Xtals</name>
         <load_address>0x17a4</load_address>
         <run_address>0x17a4</run_address>
         <size>0x6c</size>
         <input_file_ref idref="fl-d1"/>
      </object_component>
      <object_component id="oc-22c">
         <name>.const:g_ui32UARTBase</name>
         <load_address>0x1810</load_address>
         <run_address>0x1810</run_address>
         <size>0xc</size>
         <input_file_ref idref="fl-4"/>
      </object_component>
      <object_component id="oc-229">
         <name>.const:g_ui32UARTPeriph</name>
         <load_address>0x181c</load_address>
         <run_address>0x181c</run_address>
         <size>0xc</size>
         <input_file_ref idref="fl-4"/>
      </object_component>
      <object_component id="oc-327">
         <name>__TI_handler_table</name>
         <load_address>0x1828</load_address>
         <run_address>0x1828</run_address>
         <size>0xc</size>
      </object_component>
      <object_component id="oc-32a">
         <name>.cinit..bss.load</name>
         <load_address>0x1838</load_address>
         <run_address>0x1838</run_address>
         <size>0x8</size>
      </object_component>
      <object_component id="oc-329">
         <name>.cinit..data.load</name>
         <load_address>0x1840</load_address>
         <run_address>0x1840</run_address>
         <size>0x7</size>
      </object_component>
      <object_component id="oc-328">
         <name>__TI_cinit_table</name>
         <load_address>0x1848</load_address>
         <run_address>0x1848</run_address>
         <size>0x10</size>
      </object_component>
      <object_component id="oc-22f">
         <name>.data</name>
         <load_address>0x20000120</load_address>
         <run_address>0x20000120</run_address>
         <size>0x5</size>
         <input_file_ref idref="fl-4"/>
      </object_component>
      <object_component id="oc-1c2">
         <name>.common:ui32Period</name>
         <uninitialized>true</uninitialized>
         <run_address>0x20000110</run_address>
         <size>0x4</size>
      </object_component>
      <object_component id="oc-251">
         <name>.common:ui32ADC0Value</name>
         <uninitialized>true</uninitialized>
         <run_address>0x20000100</run_address>
         <size>0x10</size>
      </object_component>
      <object_component id="oc-252">
         <name>.common:ui32TempAvg</name>
         <uninitialized>true</uninitialized>
         <run_address>0x20000114</run_address>
         <size>0x4</size>
      </object_component>
      <object_component id="oc-253">
         <name>.common:ui32TempValueC</name>
         <uninitialized>true</uninitialized>
         <run_address>0x20000118</run_address>
         <size>0x4</size>
      </object_component>
      <object_component id="oc-254">
         <name>.common:ui32TempValueF</name>
         <uninitialized>true</uninitialized>
         <run_address>0x2000011c</run_address>
         <size>0x4</size>
      </object_component>
      <object_component id="oc-24">
         <name>.stack</name>
         <uninitialized>true</uninitialized>
         <run_address>0x20000000</run_address>
         <size>0x4</size>
         <input_file_ref idref="fl-c3"/>
      </object_component>
      <object_component id="oc-32c">
         <name>.stack</name>
         <uninitialized>true</uninitialized>
         <run_address>0x20000000</run_address>
         <size>0x0</size>
      </object_component>
      <object_component id="oc-ef">
         <name>.debug_info</name>
         <load_address>0x0</load_address>
         <run_address>0x0</run_address>
         <size>0xab5</size>
         <input_file_ref idref="fl-2"/>
      </object_component>
      <object_component id="oc-150">
         <name>.debug_info</name>
         <load_address>0xab5</load_address>
         <run_address>0xab5</run_address>
         <size>0x13f</size>
         <input_file_ref idref="fl-2"/>
      </object_component>
      <object_component id="oc-156">
         <name>.debug_info</name>
         <load_address>0xbf4</load_address>
         <run_address>0xbf4</run_address>
         <size>0x13f</size>
         <input_file_ref idref="fl-2"/>
      </object_component>
      <object_component id="oc-145">
         <name>.debug_info</name>
         <load_address>0xd33</load_address>
         <run_address>0xd33</run_address>
         <size>0x143</size>
         <input_file_ref idref="fl-2"/>
      </object_component>
      <object_component id="oc-18d">
         <name>.debug_info</name>
         <load_address>0xe76</load_address>
         <run_address>0xe76</run_address>
         <size>0x1e7</size>
         <input_file_ref idref="fl-2"/>
      </object_component>
      <object_component id="oc-ca">
         <name>.debug_info</name>
         <load_address>0x105d</load_address>
         <run_address>0x105d</run_address>
         <size>0x6bb</size>
         <input_file_ref idref="fl-2"/>
      </object_component>
      <object_component id="oc-41">
         <name>.debug_info</name>
         <load_address>0x1718</load_address>
         <run_address>0x1718</run_address>
         <size>0x14a</size>
         <input_file_ref idref="fl-2"/>
      </object_component>
      <object_component id="oc-9e">
         <name>.debug_info</name>
         <load_address>0x1862</load_address>
         <run_address>0x1862</run_address>
         <size>0x26b</size>
         <input_file_ref idref="fl-2"/>
      </object_component>
      <object_component id="oc-ea">
         <name>.debug_info</name>
         <load_address>0x1acd</load_address>
         <run_address>0x1acd</run_address>
         <size>0x8b</size>
         <input_file_ref idref="fl-2"/>
      </object_component>
      <object_component id="oc-e5">
         <name>.debug_info</name>
         <load_address>0x1b58</load_address>
         <run_address>0x1b58</run_address>
         <size>0x2a4</size>
         <input_file_ref idref="fl-2"/>
      </object_component>
      <object_component id="oc-a3">
         <name>.debug_info</name>
         <load_address>0x1dfc</load_address>
         <run_address>0x1dfc</run_address>
         <size>0xbb</size>
         <input_file_ref idref="fl-2"/>
      </object_component>
      <object_component id="oc-f8">
         <name>.debug_info</name>
         <load_address>0x1eb7</load_address>
         <run_address>0x1eb7</run_address>
         <size>0x2c</size>
         <input_file_ref idref="fl-2"/>
      </object_component>
      <object_component id="oc-240">
         <name>.debug_info</name>
         <load_address>0x1ee3</load_address>
         <run_address>0x1ee3</run_address>
         <size>0x2c</size>
         <input_file_ref idref="fl-2"/>
      </object_component>
      <object_component id="oc-208">
         <name>.debug_info</name>
         <load_address>0x1f0f</load_address>
         <run_address>0x1f0f</run_address>
         <size>0x35</size>
         <input_file_ref idref="fl-2"/>
      </object_component>
      <object_component id="oc-47">
         <name>.debug_info</name>
         <load_address>0x1f44</load_address>
         <run_address>0x1f44</run_address>
         <size>0x2c3</size>
         <input_file_ref idref="fl-3"/>
      </object_component>
      <object_component id="oc-13">
         <name>.debug_info</name>
         <load_address>0x2207</load_address>
         <run_address>0x2207</run_address>
         <size>0xda</size>
         <input_file_ref idref="fl-3"/>
      </object_component>
      <object_component id="oc-28">
         <name>.debug_info</name>
         <load_address>0x22e1</load_address>
         <run_address>0x22e1</run_address>
         <size>0x10a</size>
         <input_file_ref idref="fl-3"/>
      </object_component>
      <object_component id="oc-2e">
         <name>.debug_info</name>
         <load_address>0x23eb</load_address>
         <run_address>0x23eb</run_address>
         <size>0xf9</size>
         <input_file_ref idref="fl-3"/>
      </object_component>
      <object_component id="oc-3c">
         <name>.debug_info</name>
         <load_address>0x24e4</load_address>
         <run_address>0x24e4</run_address>
         <size>0x113</size>
         <input_file_ref idref="fl-3"/>
      </object_component>
      <object_component id="oc-34">
         <name>.debug_info</name>
         <load_address>0x25f7</load_address>
         <run_address>0x25f7</run_address>
         <size>0x101</size>
         <input_file_ref idref="fl-3"/>
      </object_component>
      <object_component id="oc-4e">
         <name>.debug_info</name>
         <load_address>0x26f8</load_address>
         <run_address>0x26f8</run_address>
         <size>0x84</size>
         <input_file_ref idref="fl-3"/>
      </object_component>
      <object_component id="oc-236">
         <name>.debug_info</name>
         <load_address>0x277c</load_address>
         <run_address>0x277c</run_address>
         <size>0x292</size>
         <input_file_ref idref="fl-4"/>
      </object_component>
      <object_component id="oc-233">
         <name>.debug_info</name>
         <load_address>0x2a0e</load_address>
         <run_address>0x2a0e</run_address>
         <size>0xd3</size>
         <input_file_ref idref="fl-4"/>
      </object_component>
      <object_component id="oc-22d">
         <name>.debug_info</name>
         <load_address>0x2ae1</load_address>
         <run_address>0x2ae1</run_address>
         <size>0xdb</size>
         <input_file_ref idref="fl-4"/>
      </object_component>
      <object_component id="oc-22a">
         <name>.debug_info</name>
         <load_address>0x2bbc</load_address>
         <run_address>0x2bbc</run_address>
         <size>0xdf</size>
         <input_file_ref idref="fl-4"/>
      </object_component>
      <object_component id="oc-2b0">
         <name>.debug_info</name>
         <load_address>0x2c9b</load_address>
         <run_address>0x2c9b</run_address>
         <size>0x180</size>
         <input_file_ref idref="fl-4"/>
      </object_component>
      <object_component id="oc-23a">
         <name>.debug_info</name>
         <load_address>0x2e1b</load_address>
         <run_address>0x2e1b</run_address>
         <size>0x2b2</size>
         <input_file_ref idref="fl-4"/>
      </object_component>
      <object_component id="oc-14a">
         <name>.debug_info</name>
         <load_address>0x30cd</load_address>
         <run_address>0x30cd</run_address>
         <size>0x14d</size>
         <input_file_ref idref="fl-4"/>
      </object_component>
      <object_component id="oc-230">
         <name>.debug_info</name>
         <load_address>0x321a</load_address>
         <run_address>0x321a</run_address>
         <size>0x1cb</size>
         <input_file_ref idref="fl-4"/>
      </object_component>
      <object_component id="oc-1bd">
         <name>.debug_info</name>
         <load_address>0x33e5</load_address>
         <run_address>0x33e5</run_address>
         <size>0x112</size>
         <input_file_ref idref="fl-4"/>
      </object_component>
      <object_component id="oc-138">
         <name>.debug_info</name>
         <load_address>0x34f7</load_address>
         <run_address>0x34f7</run_address>
         <size>0x1e3</size>
         <input_file_ref idref="fl-4"/>
      </object_component>
      <object_component id="oc-2b6">
         <name>.debug_info</name>
         <load_address>0x36da</load_address>
         <run_address>0x36da</run_address>
         <size>0x142</size>
         <input_file_ref idref="fl-bf"/>
      </object_component>
      <object_component id="oc-bc">
         <name>.debug_info</name>
         <load_address>0x381c</load_address>
         <run_address>0x381c</run_address>
         <size>0x2d4</size>
         <input_file_ref idref="fl-c0"/>
      </object_component>
      <object_component id="oc-63">
         <name>.debug_info</name>
         <load_address>0x3af0</load_address>
         <run_address>0x3af0</run_address>
         <size>0x1d2</size>
         <input_file_ref idref="fl-c0"/>
      </object_component>
      <object_component id="oc-b7">
         <name>.debug_info</name>
         <load_address>0x3cc2</load_address>
         <run_address>0x3cc2</run_address>
         <size>0x46</size>
         <input_file_ref idref="fl-c0"/>
      </object_component>
      <object_component id="oc-5e">
         <name>.debug_info</name>
         <load_address>0x3d08</load_address>
         <run_address>0x3d08</run_address>
         <size>0x2a8</size>
         <input_file_ref idref="fl-c1"/>
      </object_component>
      <object_component id="oc-1e">
         <name>.debug_info</name>
         <load_address>0x3fb0</load_address>
         <run_address>0x3fb0</run_address>
         <size>0x1ea</size>
         <input_file_ref idref="fl-c1"/>
      </object_component>
      <object_component id="oc-59">
         <name>.debug_info</name>
         <load_address>0x419a</load_address>
         <run_address>0x419a</run_address>
         <size>0x46</size>
         <input_file_ref idref="fl-c1"/>
      </object_component>
      <object_component id="oc-af">
         <name>.debug_info</name>
         <load_address>0x41e0</load_address>
         <run_address>0x41e0</run_address>
         <size>0x2c</size>
         <input_file_ref idref="fl-c1"/>
      </object_component>
      <object_component id="oc-ad">
         <name>.debug_info</name>
         <load_address>0x420c</load_address>
         <run_address>0x420c</run_address>
         <size>0x29e</size>
         <input_file_ref idref="fl-c2"/>
      </object_component>
      <object_component id="oc-19">
         <name>.debug_info</name>
         <load_address>0x44aa</load_address>
         <run_address>0x44aa</run_address>
         <size>0x250</size>
         <input_file_ref idref="fl-c2"/>
      </object_component>
      <object_component id="oc-49">
         <name>.debug_info</name>
         <load_address>0x46fa</load_address>
         <run_address>0x46fa</run_address>
         <size>0x60</size>
         <input_file_ref idref="fl-c2"/>
      </object_component>
      <object_component id="oc-f1">
         <name>.debug_info</name>
         <load_address>0x475a</load_address>
         <run_address>0x475a</run_address>
         <size>0x46</size>
         <input_file_ref idref="fl-c2"/>
      </object_component>
      <object_component id="oc-a8">
         <name>.debug_info</name>
         <load_address>0x47a0</load_address>
         <run_address>0x47a0</run_address>
         <size>0x39</size>
         <input_file_ref idref="fl-c2"/>
      </object_component>
      <object_component id="oc-25">
         <name>.debug_info</name>
         <load_address>0x47d9</load_address>
         <run_address>0x47d9</run_address>
         <size>0x10b</size>
         <input_file_ref idref="fl-c3"/>
      </object_component>
      <object_component id="oc-72">
         <name>.debug_info</name>
         <load_address>0x48e4</load_address>
         <run_address>0x48e4</run_address>
         <size>0x1a9</size>
         <input_file_ref idref="fl-c3"/>
      </object_component>
      <object_component id="oc-2e9">
         <name>.debug_info</name>
         <load_address>0x4a8d</load_address>
         <run_address>0x4a8d</run_address>
         <size>0x115</size>
         <input_file_ref idref="fl-c4"/>
      </object_component>
      <object_component id="oc-56">
         <name>.debug_info</name>
         <load_address>0x4ba2</load_address>
         <run_address>0x4ba2</run_address>
         <size>0x119</size>
         <input_file_ref idref="fl-c5"/>
      </object_component>
      <object_component id="oc-281">
         <name>.debug_info</name>
         <load_address>0x4cbb</load_address>
         <run_address>0x4cbb</run_address>
         <size>0x4b3</size>
         <input_file_ref idref="fl-c7"/>
      </object_component>
      <object_component id="oc-1d1">
         <name>.debug_info</name>
         <load_address>0x516e</load_address>
         <run_address>0x516e</run_address>
         <size>0x1a6</size>
         <input_file_ref idref="fl-c7"/>
      </object_component>
      <object_component id="oc-2d6">
         <name>.debug_info</name>
         <load_address>0x5314</load_address>
         <run_address>0x5314</run_address>
         <size>0x39</size>
         <input_file_ref idref="fl-c7"/>
      </object_component>
      <object_component id="oc-2f1">
         <name>.debug_info</name>
         <load_address>0x534d</load_address>
         <run_address>0x534d</run_address>
         <size>0x39</size>
         <input_file_ref idref="fl-c7"/>
      </object_component>
      <object_component id="oc-2db">
         <name>.debug_info</name>
         <load_address>0x5386</load_address>
         <run_address>0x5386</run_address>
         <size>0x39</size>
         <input_file_ref idref="fl-c7"/>
      </object_component>
      <object_component id="oc-2e0">
         <name>.debug_info</name>
         <load_address>0x53bf</load_address>
         <run_address>0x53bf</run_address>
         <size>0xcd</size>
         <input_file_ref idref="fl-c7"/>
      </object_component>
      <object_component id="oc-c5">
         <name>.debug_info</name>
         <load_address>0x548c</load_address>
         <run_address>0x548c</run_address>
         <size>0x153</size>
         <input_file_ref idref="fl-c8"/>
      </object_component>
      <object_component id="oc-1c6">
         <name>.debug_info</name>
         <load_address>0x55df</load_address>
         <run_address>0x55df</run_address>
         <size>0x122</size>
         <input_file_ref idref="fl-ca"/>
      </object_component>
      <object_component id="oc-211">
         <name>.debug_info</name>
         <load_address>0x5701</load_address>
         <run_address>0x5701</run_address>
         <size>0x24d</size>
         <input_file_ref idref="fl-cd"/>
      </object_component>
      <object_component id="oc-11a">
         <name>.debug_info</name>
         <load_address>0x594e</load_address>
         <run_address>0x594e</run_address>
         <size>0x333</size>
         <input_file_ref idref="fl-cd"/>
      </object_component>
      <object_component id="oc-120">
         <name>.debug_info</name>
         <load_address>0x5c81</load_address>
         <run_address>0x5c81</run_address>
         <size>0x2a0</size>
         <input_file_ref idref="fl-cd"/>
      </object_component>
      <object_component id="oc-24c">
         <name>.debug_info</name>
         <load_address>0x5f21</load_address>
         <run_address>0x5f21</run_address>
         <size>0x2ff</size>
         <input_file_ref idref="fl-cd"/>
      </object_component>
      <object_component id="oc-114">
         <name>.debug_info</name>
         <load_address>0x6220</load_address>
         <run_address>0x6220</run_address>
         <size>0x326</size>
         <input_file_ref idref="fl-cd"/>
      </object_component>
      <object_component id="oc-246">
         <name>.debug_info</name>
         <load_address>0x6546</load_address>
         <run_address>0x6546</run_address>
         <size>0x2a4</size>
         <input_file_ref idref="fl-cd"/>
      </object_component>
      <object_component id="oc-10e">
         <name>.debug_info</name>
         <load_address>0x67ea</load_address>
         <run_address>0x67ea</run_address>
         <size>0x2c1</size>
         <input_file_ref idref="fl-cd"/>
      </object_component>
      <object_component id="oc-dc">
         <name>.debug_info</name>
         <load_address>0x6aab</load_address>
         <run_address>0x6aab</run_address>
         <size>0x18b</size>
         <input_file_ref idref="fl-cd"/>
      </object_component>
      <object_component id="oc-e3">
         <name>.debug_info</name>
         <load_address>0x6c36</load_address>
         <run_address>0x6c36</run_address>
         <size>0x240</size>
         <input_file_ref idref="fl-ce"/>
      </object_component>
      <object_component id="oc-217">
         <name>.debug_info</name>
         <load_address>0x6e76</load_address>
         <run_address>0x6e76</run_address>
         <size>0x15b</size>
         <input_file_ref idref="fl-ce"/>
      </object_component>
      <object_component id="oc-96">
         <name>.debug_info</name>
         <load_address>0x6fd1</load_address>
         <run_address>0x6fd1</run_address>
         <size>0x2a3</size>
         <input_file_ref idref="fl-ce"/>
      </object_component>
      <object_component id="oc-21b">
         <name>.debug_info</name>
         <load_address>0x7274</load_address>
         <run_address>0x7274</run_address>
         <size>0x2b3</size>
         <input_file_ref idref="fl-ce"/>
      </object_component>
      <object_component id="oc-221">
         <name>.debug_info</name>
         <load_address>0x7527</load_address>
         <run_address>0x7527</run_address>
         <size>0x316</size>
         <input_file_ref idref="fl-ce"/>
      </object_component>
      <object_component id="oc-12c">
         <name>.debug_info</name>
         <load_address>0x783d</load_address>
         <run_address>0x783d</run_address>
         <size>0x27b</size>
         <input_file_ref idref="fl-ce"/>
      </object_component>
      <object_component id="oc-15c">
         <name>.debug_info</name>
         <load_address>0x7ab8</load_address>
         <run_address>0x7ab8</run_address>
         <size>0x279</size>
         <input_file_ref idref="fl-ce"/>
      </object_component>
      <object_component id="oc-13e">
         <name>.debug_info</name>
         <load_address>0x7d31</load_address>
         <run_address>0x7d31</run_address>
         <size>0x2b7</size>
         <input_file_ref idref="fl-ce"/>
      </object_component>
      <object_component id="oc-90">
         <name>.debug_info</name>
         <load_address>0x7fe8</load_address>
         <run_address>0x7fe8</run_address>
         <size>0x27b</size>
         <input_file_ref idref="fl-ce"/>
      </object_component>
      <object_component id="oc-126">
         <name>.debug_info</name>
         <load_address>0x8263</load_address>
         <run_address>0x8263</run_address>
         <size>0x280</size>
         <input_file_ref idref="fl-ce"/>
      </object_component>
      <object_component id="oc-26a">
         <name>.debug_info</name>
         <load_address>0x84e3</load_address>
         <run_address>0x84e3</run_address>
         <size>0x20e</size>
         <input_file_ref idref="fl-cf"/>
      </object_component>
      <object_component id="oc-267">
         <name>.debug_info</name>
         <load_address>0x86f1</load_address>
         <run_address>0x86f1</run_address>
         <size>0x210</size>
         <input_file_ref idref="fl-cf"/>
      </object_component>
      <object_component id="oc-1ab">
         <name>.debug_info</name>
         <load_address>0x8901</load_address>
         <run_address>0x8901</run_address>
         <size>0x23e</size>
         <input_file_ref idref="fl-cf"/>
      </object_component>
      <object_component id="oc-1a0">
         <name>.debug_info</name>
         <load_address>0x8b3f</load_address>
         <run_address>0x8b3f</run_address>
         <size>0x268</size>
         <input_file_ref idref="fl-cf"/>
      </object_component>
      <object_component id="oc-25d">
         <name>.debug_info</name>
         <load_address>0x8da7</load_address>
         <run_address>0x8da7</run_address>
         <size>0x1ed</size>
         <input_file_ref idref="fl-d0"/>
      </object_component>
      <object_component id="oc-174">
         <name>.debug_info</name>
         <load_address>0x8f94</load_address>
         <run_address>0x8f94</run_address>
         <size>0x2f6</size>
         <input_file_ref idref="fl-d0"/>
      </object_component>
      <object_component id="oc-17a">
         <name>.debug_info</name>
         <load_address>0x928a</load_address>
         <run_address>0x928a</run_address>
         <size>0x2c4</size>
         <input_file_ref idref="fl-d0"/>
      </object_component>
      <object_component id="oc-16e">
         <name>.debug_info</name>
         <load_address>0x954e</load_address>
         <run_address>0x954e</run_address>
         <size>0x2b6</size>
         <input_file_ref idref="fl-d0"/>
      </object_component>
      <object_component id="oc-180">
         <name>.debug_info</name>
         <load_address>0x9804</load_address>
         <run_address>0x9804</run_address>
         <size>0x276</size>
         <input_file_ref idref="fl-d0"/>
      </object_component>
      <object_component id="oc-168">
         <name>.debug_info</name>
         <load_address>0x9a7a</load_address>
         <run_address>0x9a7a</run_address>
         <size>0x2b3</size>
         <input_file_ref idref="fl-d0"/>
      </object_component>
      <object_component id="oc-20e">
         <name>.debug_info</name>
         <load_address>0x9d2d</load_address>
         <run_address>0x9d2d</run_address>
         <size>0x298</size>
         <input_file_ref idref="fl-d1"/>
      </object_component>
      <object_component id="oc-259">
         <name>.debug_info</name>
         <load_address>0x9fc5</load_address>
         <run_address>0x9fc5</run_address>
         <size>0x14d</size>
         <input_file_ref idref="fl-d1"/>
      </object_component>
      <object_component id="oc-108">
         <name>.debug_info</name>
         <load_address>0xa112</load_address>
         <run_address>0xa112</run_address>
         <size>0x27d</size>
         <input_file_ref idref="fl-d1"/>
      </object_component>
      <object_component id="oc-102">
         <name>.debug_info</name>
         <load_address>0xa38f</load_address>
         <run_address>0xa38f</run_address>
         <size>0x2db</size>
         <input_file_ref idref="fl-d1"/>
      </object_component>
      <object_component id="oc-162">
         <name>.debug_info</name>
         <load_address>0xa66a</load_address>
         <run_address>0xa66a</run_address>
         <size>0x2b5</size>
         <input_file_ref idref="fl-d1"/>
      </object_component>
      <object_component id="oc-298">
         <name>.debug_info</name>
         <load_address>0xa91f</load_address>
         <run_address>0xa91f</run_address>
         <size>0x5f</size>
         <input_file_ref idref="fl-d1"/>
      </object_component>
      <object_component id="oc-e1">
         <name>.debug_info</name>
         <load_address>0xa97e</load_address>
         <run_address>0xa97e</run_address>
         <size>0x223</size>
         <input_file_ref idref="fl-d2"/>
      </object_component>
      <object_component id="oc-199">
         <name>.debug_info</name>
         <load_address>0xaba1</load_address>
         <run_address>0xaba1</run_address>
         <size>0x2ba</size>
         <input_file_ref idref="fl-d2"/>
      </object_component>
      <object_component id="oc-1a5">
         <name>.debug_info</name>
         <load_address>0xae5b</load_address>
         <run_address>0xae5b</run_address>
         <size>0x294</size>
         <input_file_ref idref="fl-d2"/>
      </object_component>
      <object_component id="oc-1b7">
         <name>.debug_info</name>
         <load_address>0xb0ef</load_address>
         <run_address>0xb0ef</run_address>
         <size>0x296</size>
         <input_file_ref idref="fl-d2"/>
      </object_component>
      <object_component id="oc-8a">
         <name>.debug_info</name>
         <load_address>0xb385</load_address>
         <run_address>0xb385</run_address>
         <size>0x292</size>
         <input_file_ref idref="fl-d2"/>
      </object_component>
      <object_component id="oc-1b1">
         <name>.debug_info</name>
         <load_address>0xb617</load_address>
         <run_address>0xb617</run_address>
         <size>0x27f</size>
         <input_file_ref idref="fl-d2"/>
      </object_component>
      <object_component id="oc-193">
         <name>.debug_info</name>
         <load_address>0xb896</load_address>
         <run_address>0xb896</run_address>
         <size>0x28c</size>
         <input_file_ref idref="fl-d2"/>
      </object_component>
      <object_component id="oc-228">
         <name>.debug_info</name>
         <load_address>0xbb22</load_address>
         <run_address>0xbb22</run_address>
         <size>0x227</size>
         <input_file_ref idref="fl-d3"/>
      </object_component>
      <object_component id="oc-132">
         <name>.debug_info</name>
         <load_address>0xbd49</load_address>
         <run_address>0xbd49</run_address>
         <size>0x291</size>
         <input_file_ref idref="fl-d3"/>
      </object_component>
      <object_component id="oc-187">
         <name>.debug_info</name>
         <load_address>0xbfda</load_address>
         <run_address>0xbfda</run_address>
         <size>0x253</size>
         <input_file_ref idref="fl-d3"/>
      </object_component>
      <object_component id="oc-26d">
         <name>.debug_info</name>
         <load_address>0xc22d</load_address>
         <run_address>0xc22d</run_address>
         <size>0x212</size>
         <input_file_ref idref="fl-d4"/>
      </object_component>
      <object_component id="oc-32d">
         <name>.debug_info</name>
         <load_address>0xc43f</load_address>
         <run_address>0xc43f</run_address>
         <size>0x9a</size>
      </object_component>
      <object_component id="oc-207">
         <name>.debug_line</name>
         <load_address>0x0</load_address>
         <run_address>0x0</run_address>
         <size>0x1e8</size>
         <input_file_ref idref="fl-2"/>
      </object_component>
      <object_component id="oc-153">
         <name>.debug_line</name>
         <load_address>0x1e8</load_address>
         <run_address>0x1e8</run_address>
         <size>0x4d</size>
         <input_file_ref idref="fl-2"/>
      </object_component>
      <object_component id="oc-159">
         <name>.debug_line</name>
         <load_address>0x235</load_address>
         <run_address>0x235</run_address>
         <size>0x4c</size>
         <input_file_ref idref="fl-2"/>
      </object_component>
      <object_component id="oc-144">
         <name>.debug_line</name>
         <load_address>0x281</load_address>
         <run_address>0x281</run_address>
         <size>0x46</size>
         <input_file_ref idref="fl-2"/>
      </object_component>
      <object_component id="oc-190">
         <name>.debug_line</name>
         <load_address>0x2c7</load_address>
         <run_address>0x2c7</run_address>
         <size>0x53</size>
         <input_file_ref idref="fl-2"/>
      </object_component>
      <object_component id="oc-cd">
         <name>.debug_line</name>
         <load_address>0x31a</load_address>
         <run_address>0x31a</run_address>
         <size>0x183</size>
         <input_file_ref idref="fl-2"/>
      </object_component>
      <object_component id="oc-40">
         <name>.debug_line</name>
         <load_address>0x49d</load_address>
         <run_address>0x49d</run_address>
         <size>0x4f</size>
         <input_file_ref idref="fl-2"/>
      </object_component>
      <object_component id="oc-a1">
         <name>.debug_line</name>
         <load_address>0x4ec</load_address>
         <run_address>0x4ec</run_address>
         <size>0x6f</size>
         <input_file_ref idref="fl-2"/>
      </object_component>
      <object_component id="oc-ed">
         <name>.debug_line</name>
         <load_address>0x55b</load_address>
         <run_address>0x55b</run_address>
         <size>0x20</size>
         <input_file_ref idref="fl-2"/>
      </object_component>
      <object_component id="oc-e8">
         <name>.debug_line</name>
         <load_address>0x57b</load_address>
         <run_address>0x57b</run_address>
         <size>0x73</size>
         <input_file_ref idref="fl-2"/>
      </object_component>
      <object_component id="oc-a6">
         <name>.debug_line</name>
         <load_address>0x5ee</load_address>
         <run_address>0x5ee</run_address>
         <size>0x70</size>
         <input_file_ref idref="fl-2"/>
      </object_component>
      <object_component id="oc-fb">
         <name>.debug_line</name>
         <load_address>0x65e</load_address>
         <run_address>0x65e</run_address>
         <size>0x6b</size>
         <input_file_ref idref="fl-2"/>
      </object_component>
      <object_component id="oc-243">
         <name>.debug_line</name>
         <load_address>0x6c9</load_address>
         <run_address>0x6c9</run_address>
         <size>0x6b</size>
         <input_file_ref idref="fl-2"/>
      </object_component>
      <object_component id="oc-20b">
         <name>.debug_line</name>
         <load_address>0x734</load_address>
         <run_address>0x734</run_address>
         <size>0x74</size>
         <input_file_ref idref="fl-2"/>
      </object_component>
      <object_component id="oc-9d">
         <name>.debug_line</name>
         <load_address>0x7a8</load_address>
         <run_address>0x7a8</run_address>
         <size>0x34</size>
         <input_file_ref idref="fl-3"/>
      </object_component>
      <object_component id="oc-46">
         <name>.debug_line</name>
         <load_address>0x7dc</load_address>
         <run_address>0x7dc</run_address>
         <size>0x34</size>
         <input_file_ref idref="fl-3"/>
      </object_component>
      <object_component id="oc-2b">
         <name>.debug_line</name>
         <load_address>0x810</load_address>
         <run_address>0x810</run_address>
         <size>0x46</size>
         <input_file_ref idref="fl-3"/>
      </object_component>
      <object_component id="oc-32">
         <name>.debug_line</name>
         <load_address>0x856</load_address>
         <run_address>0x856</run_address>
         <size>0x49</size>
         <input_file_ref idref="fl-3"/>
      </object_component>
      <object_component id="oc-3a">
         <name>.debug_line</name>
         <load_address>0x89f</load_address>
         <run_address>0x89f</run_address>
         <size>0x49</size>
         <input_file_ref idref="fl-3"/>
      </object_component>
      <object_component id="oc-38">
         <name>.debug_line</name>
         <load_address>0x8e8</load_address>
         <run_address>0x8e8</run_address>
         <size>0x49</size>
         <input_file_ref idref="fl-3"/>
      </object_component>
      <object_component id="oc-51">
         <name>.debug_line</name>
         <load_address>0x931</load_address>
         <run_address>0x931</run_address>
         <size>0x20</size>
         <input_file_ref idref="fl-3"/>
      </object_component>
      <object_component id="oc-2ae">
         <name>.debug_line</name>
         <load_address>0x951</load_address>
         <run_address>0x951</run_address>
         <size>0x20</size>
         <input_file_ref idref="fl-4"/>
      </object_component>
      <object_component id="oc-2ac">
         <name>.debug_line</name>
         <load_address>0x971</load_address>
         <run_address>0x971</run_address>
         <size>0x32</size>
         <input_file_ref idref="fl-4"/>
      </object_component>
      <object_component id="oc-2a8">
         <name>.debug_line</name>
         <load_address>0x9a3</load_address>
         <run_address>0x9a3</run_address>
         <size>0x32</size>
         <input_file_ref idref="fl-4"/>
      </object_component>
      <object_component id="oc-2a6">
         <name>.debug_line</name>
         <load_address>0x9d5</load_address>
         <run_address>0x9d5</run_address>
         <size>0x32</size>
         <input_file_ref idref="fl-4"/>
      </object_component>
      <object_component id="oc-2b4">
         <name>.debug_line</name>
         <load_address>0xa07</load_address>
         <run_address>0xa07</run_address>
         <size>0x62</size>
         <input_file_ref idref="fl-4"/>
      </object_component>
      <object_component id="oc-23e">
         <name>.debug_line</name>
         <load_address>0xa69</load_address>
         <run_address>0xa69</run_address>
         <size>0x161</size>
         <input_file_ref idref="fl-4"/>
      </object_component>
      <object_component id="oc-14d">
         <name>.debug_line</name>
         <load_address>0xbca</load_address>
         <run_address>0xbca</run_address>
         <size>0x49</size>
         <input_file_ref idref="fl-4"/>
      </object_component>
      <object_component id="oc-2aa">
         <name>.debug_line</name>
         <load_address>0xc13</load_address>
         <run_address>0xc13</run_address>
         <size>0x8d</size>
         <input_file_ref idref="fl-4"/>
      </object_component>
      <object_component id="oc-1c1">
         <name>.debug_line</name>
         <load_address>0xca0</load_address>
         <run_address>0xca0</run_address>
         <size>0x47</size>
         <input_file_ref idref="fl-4"/>
      </object_component>
      <object_component id="oc-13c">
         <name>.debug_line</name>
         <load_address>0xce7</load_address>
         <run_address>0xce7</run_address>
         <size>0x53</size>
         <input_file_ref idref="fl-4"/>
      </object_component>
      <object_component id="oc-2b9">
         <name>.debug_line</name>
         <load_address>0xd3a</load_address>
         <run_address>0xd3a</run_address>
         <size>0x5b</size>
         <input_file_ref idref="fl-bf"/>
      </object_component>
      <object_component id="oc-fe">
         <name>.debug_line</name>
         <load_address>0xd95</load_address>
         <run_address>0xd95</run_address>
         <size>0x92</size>
         <input_file_ref idref="fl-c0"/>
      </object_component>
      <object_component id="oc-61">
         <name>.debug_line</name>
         <load_address>0xe27</load_address>
         <run_address>0xe27</run_address>
         <size>0x56</size>
         <input_file_ref idref="fl-c0"/>
      </object_component>
      <object_component id="oc-ba">
         <name>.debug_line</name>
         <load_address>0xe7d</load_address>
         <run_address>0xe7d</run_address>
         <size>0x34</size>
         <input_file_ref idref="fl-c0"/>
      </object_component>
      <object_component id="oc-b5">
         <name>.debug_line</name>
         <load_address>0xeb1</load_address>
         <run_address>0xeb1</run_address>
         <size>0x20</size>
         <input_file_ref idref="fl-c1"/>
      </object_component>
      <object_component id="oc-1c">
         <name>.debug_line</name>
         <load_address>0xed1</load_address>
         <run_address>0xed1</run_address>
         <size>0x55</size>
         <input_file_ref idref="fl-c1"/>
      </object_component>
      <object_component id="oc-5c">
         <name>.debug_line</name>
         <load_address>0xf26</load_address>
         <run_address>0xf26</run_address>
         <size>0x3a</size>
         <input_file_ref idref="fl-c1"/>
      </object_component>
      <object_component id="oc-b2">
         <name>.debug_line</name>
         <load_address>0xf60</load_address>
         <run_address>0xf60</run_address>
         <size>0x92</size>
         <input_file_ref idref="fl-c1"/>
      </object_component>
      <object_component id="oc-f7">
         <name>.debug_line</name>
         <load_address>0xff2</load_address>
         <run_address>0xff2</run_address>
         <size>0x20</size>
         <input_file_ref idref="fl-c2"/>
      </object_component>
      <object_component id="oc-17">
         <name>.debug_line</name>
         <load_address>0x1012</load_address>
         <run_address>0x1012</run_address>
         <size>0xa9</size>
         <input_file_ref idref="fl-c2"/>
      </object_component>
      <object_component id="oc-4c">
         <name>.debug_line</name>
         <load_address>0x10bb</load_address>
         <run_address>0x10bb</run_address>
         <size>0x3a</size>
         <input_file_ref idref="fl-c2"/>
      </object_component>
      <object_component id="oc-f4">
         <name>.debug_line</name>
         <load_address>0x10f5</load_address>
         <run_address>0x10f5</run_address>
         <size>0x9a</size>
         <input_file_ref idref="fl-c2"/>
      </object_component>
      <object_component id="oc-ab">
         <name>.debug_line</name>
         <load_address>0x118f</load_address>
         <run_address>0x118f</run_address>
         <size>0x96</size>
         <input_file_ref idref="fl-c2"/>
      </object_component>
      <object_component id="oc-84">
         <name>.debug_line</name>
         <load_address>0x1225</load_address>
         <run_address>0x1225</run_address>
         <size>0x33</size>
         <input_file_ref idref="fl-c3"/>
      </object_component>
      <object_component id="oc-76">
         <name>.debug_line</name>
         <load_address>0x1258</load_address>
         <run_address>0x1258</run_address>
         <size>0x45</size>
         <input_file_ref idref="fl-c3"/>
      </object_component>
      <object_component id="oc-2ec">
         <name>.debug_line</name>
         <load_address>0x129d</load_address>
         <run_address>0x129d</run_address>
         <size>0x37</size>
         <input_file_ref idref="fl-c4"/>
      </object_component>
      <object_component id="oc-54">
         <name>.debug_line</name>
         <load_address>0x12d4</load_address>
         <run_address>0x12d4</run_address>
         <size>0x88</size>
         <input_file_ref idref="fl-c5"/>
      </object_component>
      <object_component id="oc-2d5">
         <name>.debug_line</name>
         <load_address>0x135c</load_address>
         <run_address>0x135c</run_address>
         <size>0xbf</size>
         <input_file_ref idref="fl-c7"/>
      </object_component>
      <object_component id="oc-1d5">
         <name>.debug_line</name>
         <load_address>0x141b</load_address>
         <run_address>0x141b</run_address>
         <size>0x6f</size>
         <input_file_ref idref="fl-c7"/>
      </object_component>
      <object_component id="oc-2d9">
         <name>.debug_line</name>
         <load_address>0x148a</load_address>
         <run_address>0x148a</run_address>
         <size>0x2e</size>
         <input_file_ref idref="fl-c7"/>
      </object_component>
      <object_component id="oc-2f4">
         <name>.debug_line</name>
         <load_address>0x14b8</load_address>
         <run_address>0x14b8</run_address>
         <size>0x9a</size>
         <input_file_ref idref="fl-c7"/>
      </object_component>
      <object_component id="oc-2de">
         <name>.debug_line</name>
         <load_address>0x1552</load_address>
         <run_address>0x1552</run_address>
         <size>0x97</size>
         <input_file_ref idref="fl-c7"/>
      </object_component>
      <object_component id="oc-2e3">
         <name>.debug_line</name>
         <load_address>0x15e9</load_address>
         <run_address>0x15e9</run_address>
         <size>0x93</size>
         <input_file_ref idref="fl-c7"/>
      </object_component>
      <object_component id="oc-c4">
         <name>.debug_line</name>
         <load_address>0x167c</load_address>
         <run_address>0x167c</run_address>
         <size>0x40</size>
         <input_file_ref idref="fl-c8"/>
      </object_component>
      <object_component id="oc-1c5">
         <name>.debug_line</name>
         <load_address>0x16bc</load_address>
         <run_address>0x16bc</run_address>
         <size>0x3c</size>
         <input_file_ref idref="fl-ca"/>
      </object_component>
      <object_component id="oc-29e">
         <name>.debug_line</name>
         <load_address>0x16f8</load_address>
         <run_address>0x16f8</run_address>
         <size>0xde</size>
         <input_file_ref idref="fl-cd"/>
      </object_component>
      <object_component id="oc-11d">
         <name>.debug_line</name>
         <load_address>0x17d6</load_address>
         <run_address>0x17d6</run_address>
         <size>0xa7</size>
         <input_file_ref idref="fl-cd"/>
      </object_component>
      <object_component id="oc-123">
         <name>.debug_line</name>
         <load_address>0x187d</load_address>
         <run_address>0x187d</run_address>
         <size>0x91</size>
         <input_file_ref idref="fl-cd"/>
      </object_component>
      <object_component id="oc-24f">
         <name>.debug_line</name>
         <load_address>0x190e</load_address>
         <run_address>0x190e</run_address>
         <size>0x9c</size>
         <input_file_ref idref="fl-cd"/>
      </object_component>
      <object_component id="oc-117">
         <name>.debug_line</name>
         <load_address>0x19aa</load_address>
         <run_address>0x19aa</run_address>
         <size>0xa4</size>
         <input_file_ref idref="fl-cd"/>
      </object_component>
      <object_component id="oc-249">
         <name>.debug_line</name>
         <load_address>0x1a4e</load_address>
         <run_address>0x1a4e</run_address>
         <size>0x91</size>
         <input_file_ref idref="fl-cd"/>
      </object_component>
      <object_component id="oc-111">
         <name>.debug_line</name>
         <load_address>0x1adf</load_address>
         <run_address>0x1adf</run_address>
         <size>0x9b</size>
         <input_file_ref idref="fl-cd"/>
      </object_component>
      <object_component id="oc-df">
         <name>.debug_line</name>
         <load_address>0x1b7a</load_address>
         <run_address>0x1b7a</run_address>
         <size>0x69</size>
         <input_file_ref idref="fl-cd"/>
      </object_component>
      <object_component id="oc-205">
         <name>.debug_line</name>
         <load_address>0x1be3</load_address>
         <run_address>0x1be3</run_address>
         <size>0x82</size>
         <input_file_ref idref="fl-ce"/>
      </object_component>
      <object_component id="oc-2a0">
         <name>.debug_line</name>
         <load_address>0x1c65</load_address>
         <run_address>0x1c65</run_address>
         <size>0x7d</size>
         <input_file_ref idref="fl-ce"/>
      </object_component>
      <object_component id="oc-99">
         <name>.debug_line</name>
         <load_address>0x1ce2</load_address>
         <run_address>0x1ce2</run_address>
         <size>0x92</size>
         <input_file_ref idref="fl-ce"/>
      </object_component>
      <object_component id="oc-21e">
         <name>.debug_line</name>
         <load_address>0x1d74</load_address>
         <run_address>0x1d74</run_address>
         <size>0x95</size>
         <input_file_ref idref="fl-ce"/>
      </object_component>
      <object_component id="oc-224">
         <name>.debug_line</name>
         <load_address>0x1e09</load_address>
         <run_address>0x1e09</run_address>
         <size>0xd1</size>
         <input_file_ref idref="fl-ce"/>
      </object_component>
      <object_component id="oc-12f">
         <name>.debug_line</name>
         <load_address>0x1eda</load_address>
         <run_address>0x1eda</run_address>
         <size>0x93</size>
         <input_file_ref idref="fl-ce"/>
      </object_component>
      <object_component id="oc-15f">
         <name>.debug_line</name>
         <load_address>0x1f6d</load_address>
         <run_address>0x1f6d</run_address>
         <size>0x93</size>
         <input_file_ref idref="fl-ce"/>
      </object_component>
      <object_component id="oc-141">
         <name>.debug_line</name>
         <load_address>0x2000</load_address>
         <run_address>0x2000</run_address>
         <size>0x99</size>
         <input_file_ref idref="fl-ce"/>
      </object_component>
      <object_component id="oc-93">
         <name>.debug_line</name>
         <load_address>0x2099</load_address>
         <run_address>0x2099</run_address>
         <size>0x92</size>
         <input_file_ref idref="fl-ce"/>
      </object_component>
      <object_component id="oc-129">
         <name>.debug_line</name>
         <load_address>0x212b</load_address>
         <run_address>0x212b</run_address>
         <size>0xa7</size>
         <input_file_ref idref="fl-ce"/>
      </object_component>
      <object_component id="oc-2c4">
         <name>.debug_line</name>
         <load_address>0x21d2</load_address>
         <run_address>0x21d2</run_address>
         <size>0x7c</size>
         <input_file_ref idref="fl-cf"/>
      </object_component>
      <object_component id="oc-2c2">
         <name>.debug_line</name>
         <load_address>0x224e</load_address>
         <run_address>0x224e</run_address>
         <size>0x82</size>
         <input_file_ref idref="fl-cf"/>
      </object_component>
      <object_component id="oc-1af">
         <name>.debug_line</name>
         <load_address>0x22d0</load_address>
         <run_address>0x22d0</run_address>
         <size>0x97</size>
         <input_file_ref idref="fl-cf"/>
      </object_component>
      <object_component id="oc-1a3">
         <name>.debug_line</name>
         <load_address>0x2367</load_address>
         <run_address>0x2367</run_address>
         <size>0xc2</size>
         <input_file_ref idref="fl-cf"/>
      </object_component>
      <object_component id="oc-2c0">
         <name>.debug_line</name>
         <load_address>0x2429</load_address>
         <run_address>0x2429</run_address>
         <size>0x82</size>
         <input_file_ref idref="fl-d0"/>
      </object_component>
      <object_component id="oc-177">
         <name>.debug_line</name>
         <load_address>0x24ab</load_address>
         <run_address>0x24ab</run_address>
         <size>0x9e</size>
         <input_file_ref idref="fl-d0"/>
      </object_component>
      <object_component id="oc-17e">
         <name>.debug_line</name>
         <load_address>0x2549</load_address>
         <run_address>0x2549</run_address>
         <size>0x95</size>
         <input_file_ref idref="fl-d0"/>
      </object_component>
      <object_component id="oc-171">
         <name>.debug_line</name>
         <load_address>0x25de</load_address>
         <run_address>0x25de</run_address>
         <size>0x96</size>
         <input_file_ref idref="fl-d0"/>
      </object_component>
      <object_component id="oc-183">
         <name>.debug_line</name>
         <load_address>0x2674</load_address>
         <run_address>0x2674</run_address>
         <size>0x91</size>
         <input_file_ref idref="fl-d0"/>
      </object_component>
      <object_component id="oc-16b">
         <name>.debug_line</name>
         <load_address>0x2705</load_address>
         <run_address>0x2705</run_address>
         <size>0x9b</size>
         <input_file_ref idref="fl-d0"/>
      </object_component>
      <object_component id="oc-297">
         <name>.debug_line</name>
         <load_address>0x27a0</load_address>
         <run_address>0x27a0</run_address>
         <size>0x13d</size>
         <input_file_ref idref="fl-d1"/>
      </object_component>
      <object_component id="oc-2be">
         <name>.debug_line</name>
         <load_address>0x28dd</load_address>
         <run_address>0x28dd</run_address>
         <size>0x7f</size>
         <input_file_ref idref="fl-d1"/>
      </object_component>
      <object_component id="oc-10b">
         <name>.debug_line</name>
         <load_address>0x295c</load_address>
         <run_address>0x295c</run_address>
         <size>0x94</size>
         <input_file_ref idref="fl-d1"/>
      </object_component>
      <object_component id="oc-105">
         <name>.debug_line</name>
         <load_address>0x29f0</load_address>
         <run_address>0x29f0</run_address>
         <size>0xee</size>
         <input_file_ref idref="fl-d1"/>
      </object_component>
      <object_component id="oc-165">
         <name>.debug_line</name>
         <load_address>0x2ade</load_address>
         <run_address>0x2ade</run_address>
         <size>0x11a</size>
         <input_file_ref idref="fl-d1"/>
      </object_component>
      <object_component id="oc-29b">
         <name>.debug_line</name>
         <load_address>0x2bf8</load_address>
         <run_address>0x2bf8</run_address>
         <size>0x7f</size>
         <input_file_ref idref="fl-d1"/>
      </object_component>
      <object_component id="oc-203">
         <name>.debug_line</name>
         <load_address>0x2c77</load_address>
         <run_address>0x2c77</run_address>
         <size>0x82</size>
         <input_file_ref idref="fl-d2"/>
      </object_component>
      <object_component id="oc-19d">
         <name>.debug_line</name>
         <load_address>0x2cf9</load_address>
         <run_address>0x2cf9</run_address>
         <size>0x9c</size>
         <input_file_ref idref="fl-d2"/>
      </object_component>
      <object_component id="oc-1a8">
         <name>.debug_line</name>
         <load_address>0x2d95</load_address>
         <run_address>0x2d95</run_address>
         <size>0x93</size>
         <input_file_ref idref="fl-d2"/>
      </object_component>
      <object_component id="oc-1ba">
         <name>.debug_line</name>
         <load_address>0x2e28</load_address>
         <run_address>0x2e28</run_address>
         <size>0x93</size>
         <input_file_ref idref="fl-d2"/>
      </object_component>
      <object_component id="oc-8d">
         <name>.debug_line</name>
         <load_address>0x2ebb</load_address>
         <run_address>0x2ebb</run_address>
         <size>0x93</size>
         <input_file_ref idref="fl-d2"/>
      </object_component>
      <object_component id="oc-1b4">
         <name>.debug_line</name>
         <load_address>0x2f4e</load_address>
         <run_address>0x2f4e</run_address>
         <size>0x93</size>
         <input_file_ref idref="fl-d2"/>
      </object_component>
      <object_component id="oc-196">
         <name>.debug_line</name>
         <load_address>0x2fe1</load_address>
         <run_address>0x2fe1</run_address>
         <size>0xb7</size>
         <input_file_ref idref="fl-d2"/>
      </object_component>
      <object_component id="oc-2a4">
         <name>.debug_line</name>
         <load_address>0x3098</load_address>
         <run_address>0x3098</run_address>
         <size>0x82</size>
         <input_file_ref idref="fl-d3"/>
      </object_component>
      <object_component id="oc-135">
         <name>.debug_line</name>
         <load_address>0x311a</load_address>
         <run_address>0x311a</run_address>
         <size>0x92</size>
         <input_file_ref idref="fl-d3"/>
      </object_component>
      <object_component id="oc-18a">
         <name>.debug_line</name>
         <load_address>0x31ac</load_address>
         <run_address>0x31ac</run_address>
         <size>0x92</size>
         <input_file_ref idref="fl-d3"/>
      </object_component>
      <object_component id="oc-270">
         <name>.debug_line</name>
         <load_address>0x323e</load_address>
         <run_address>0x323e</run_address>
         <size>0x91</size>
         <input_file_ref idref="fl-d4"/>
      </object_component>
      <object_component id="oc-154">
         <name>.debug_frame</name>
         <load_address>0x0</load_address>
         <run_address>0x0</run_address>
         <size>0x5c</size>
         <input_file_ref idref="fl-2"/>
      </object_component>
      <object_component id="oc-15a">
         <name>.debug_frame</name>
         <load_address>0x5c</load_address>
         <run_address>0x5c</run_address>
         <size>0x5c</size>
         <input_file_ref idref="fl-2"/>
[...]
            <object_component_ref idref="oc-1b8"/>
            <object_component_ref idref="oc-8b"/>
            <object_component_ref idref="oc-1b2"/>
            <object_component_ref idref="oc-194"/>
            <object_component_ref idref="oc-134"/>
            <object_component_ref idref="oc-189"/>
            <object_component_ref idref="oc-26f"/>
         </contents>
      </logical_group>
      <logical_group id="lg-31d" display="never" color="cyan">
         <name>.debug_pubtypes</name>
         <load_address>0x0</load_address>
         <run_address>0x0</run_address>
         <size>0xccf</size>
         <contents>
            <object_component_ref idref="oc-9f"/>
            <object_component_ref idref="oc-eb"/>
            <object_component_ref idref="oc-e6"/>
            <object_component_ref idref="oc-a4"/>
            <object_component_ref idref="oc-f9"/>
            <object_component_ref idref="oc-241"/>
            <object_component_ref idref="oc-209"/>
            <object_component_ref idref="oc-4f"/>
            <object_component_ref idref="oc-b8"/>
            <object_component_ref idref="oc-5a"/>
            <object_component_ref idref="oc-b0"/>
            <object_component_ref idref="oc-4a"/>
            <object_component_ref idref="oc-f2"/>
            <object_component_ref idref="oc-a9"/>
            <object_component_ref idref="oc-2d7"/>
            <object_component_ref idref="oc-2f2"/>
            <object_component_ref idref="oc-2dc"/>
            <object_component_ref idref="oc-2e1"/>
            <object_component_ref idref="oc-dd"/>
            <object_component_ref idref="oc-299"/>
         </contents>
      </logical_group>
      <logical_group id="lg-32b" display="no" color="cyan">
         <name>Veneer$$CMSE</name>
         <run_address>0x0</run_address>
         <size>0x0</size>
         <contents>
         </contents>
      </logical_group>
      <load_segment id="lg-332" display="no" color="cyan">
         <name>SEGMENT_0</name>
         <load_address>0x0</load_address>
         <run_address>0x0</run_address>
         <size>0x1858</size>
         <flags>0x5</flags>
         <contents>
            <logical_group_ref idref="lg-3"/>
            <logical_group_ref idref="lg-4"/>
            <logical_group_ref idref="lg-5"/>
            <logical_group_ref idref="lg-6"/>
         </contents>
      </load_segment>
      <load_segment id="lg-333" display="no" color="cyan">
         <name>SEGMENT_1</name>
         <run_address>0x20000000</run_address>
         <size>0x125</size>
         <flags>0x6</flags>
         <contents>
            <logical_group_ref idref="lg-d"/>
            <logical_group_ref idref="lg-b"/>
            <logical_group_ref idref="lg-a"/>
         </contents>
      </load_segment>
   </logical_group_list>
   <placement_map>
      <memory_area display="yes" color="green">
         <name>FLASH</name>
         <page_id>0x0</page_id>
         <origin>0x0</origin>
         <length>0x40000</length>
         <used_space>0x1858</used_space>
         <unused_space>0x3e7a8</unused_space>
         <attributes>RX</attributes>
         <usage_details>
            <allocated_space>
               <start_address>0x0</start_address>
               <size>0x26c</size>
               <logical_group_ref idref="lg-3"/>
            </allocated_space>
            <allocated_space>
               <start_address>0x26c</start_address>
               <size>0x1438</size>
               <logical_group_ref idref="lg-4"/>
            </allocated_space>
            <allocated_space>
               <start_address>0x16a4</start_address>
               <size>0x184</size>
               <logical_group_ref idref="lg-5"/>
            </allocated_space>
            <allocated_space>
               <start_address>0x1828</start_address>
               <size>0x30</size>
               <logical_group_ref idref="lg-6"/>
            </allocated_space>
            <available_space>
               <start_address>0x1858</start_address>
               <size>0x3e7a8</size>
            </available_space>
         </usage_details>
      </memory_area>
      <memory_area display="yes" color="green">
         <name>SRAM</name>
         <page_id>0x0</page_id>
         <origin>0x20000000</origin>
         <length>0x8000</length>
         <used_space>0x125</used_space>
         <unused_space>0x7edb</unused_space>
         <attributes>RWX</attributes>
         <usage_details>
            <allocated_space>
               <start_address>0x20000000</start_address>
               <size>0x0</size>
               <logical_group_ref idref="lg-300"/>
            </allocated_space>
            <allocated_space>
               <start_address>0x20000000</start_address>
               <size>0x100</size>
               <logical_group_ref idref="lg-d"/>
            </allocated_space>
            <allocated_space>
               <start_address>0x20000100</start_address>
               <size>0x20</size>
               <logical_group_ref idref="lg-b"/>
            </allocated_space>
            <allocated_space>
               <start_address>0x20000120</start_address>
               <size>0x5</size>
               <logical_group_ref idref="lg-a"/>
            </allocated_space>
            <available_space>
               <start_address>0x20000125</start_address>
               <size>0x7edb</size>
            </available_space>
         </usage_details>
      </memory_area>
   </placement_map>
   <cptbl_list>
      <cptbl>
         <name>__TI_cinit_table</name>
         <cprec>
            <name>.bss</name>
            <load_address>0x1838</load_address>
            <load_size>0x8</load_size>
            <run_address>0x20000100</run_address>
            <run_size>0x20</run_size>
            <compression>zero_init</compression>
         </cprec>
         <cprec>
            <name>.data</name>
            <load_address>0x1840</load_address>
            <load_size>0x7</load_size>
            <run_address>0x20000120</run_address>
            <run_size>0x5</run_size>
            <compression>lzss</compression>
         </cprec>
      </cptbl>
   </cptbl_list>
   <handler_table>
      <handler_table_name>__TI_handler_table</handler_table_name>
      <handler>
         <index>0x0</index>
         <name>__TI_decompress_lzss</name>
      </handler>
      <handler>
         <index>0x1</index>
         <name>__TI_decompress_none</name>
      </handler>
      <handler>
         <index>0x2</index>
         <name>__TI_zero_init</name>
      </handler>
   </handler_table>
   <symbol_table>
      <symbol id="sm-1">
         <name>__STACK_TOP</name>
         <value>0x20000100</value>
      </symbol>
      <symbol id="sm-2">
         <name>__start___llvm_prf_cnts</name>
         <value>0x20000000</value>
      </symbol>
      <symbol id="sm-3">
         <name>__stop___llvm_prf_cnts</name>
         <value>0x20000000</value>
      </symbol>
      <symbol id="sm-4">
         <name>__TI_CINIT_Base</name>
         <value>0x1848</value>
      </symbol>
      <symbol id="sm-5">
         <name>__TI_CINIT_Limit</name>
         <value>0x1858</value>
      </symbol>
      <symbol id="sm-6">
         <name>__TI_Handler_Table_Base</name>
         <value>0x1828</value>
      </symbol>
      <symbol id="sm-7">
         <name>__TI_Handler_Table_Limit</name>
         <value>0x1834</value>
      </symbol>
      <symbol id="sm-8">
         <name>binit</name>
         <value>0xffffffff</value>
      </symbol>
      <symbol id="sm-9">
         <name>__binit__</name>
         <value>0xffffffff</value>
      </symbol>
      <symbol id="sm-a">
         <name>__STACK_SIZE</name>
         <value>0x100</value>
      </symbol>
      <symbol id="sm-b">
         <name>__STACK_END</name>
         <value>0x20000100</value>
      </symbol>
      <symbol id="sm-c">
         <name>__c_args__</name>
         <value>0xffffffff</value>
      </symbol>
      <symbol id="sm-d">
         <name>__TI_pprof_out_hndl</name>
         <value>0xffffffff</value>
      </symbol>
      <symbol id="sm-e">
         <name>__TI_prof_data_start</name>
         <value>0xffffffff</value>
      </symbol>
      <symbol id="sm-f">
         <name>__TI_prof_data_size</name>
         <value>0xffffffff</value>
      </symbol>
      <symbol id="sm-db">
         <name>ui32Period</name>
         <value>0x20000110</value>
      </symbol>
      <symbol id="sm-dc">
         <name>ui32ADC0Value</name>
         <value>0x20000100</value>
      </symbol>
      <symbol id="sm-dd">
         <name>ui32TempAvg</name>
         <value>0x20000114</value>
      </symbol>
      <symbol id="sm-de">
         <name>ui32TempValueC</name>
         <value>0x20000118</value>
      </symbol>
      <symbol id="sm-df">
         <name>ui32TempValueF</name>
         <value>0x2000011c</value>
      </symbol>
      <symbol id="sm-e0">
         <name>help</name>
         <value>0x691</value>
         <object_component_ref idref="oc-18c"/>
      </symbol>
      <symbol id="sm-e1">
         <name>main</name>
         <value>0x26d</value>
         <object_component_ref idref="oc-c9"/>
      </symbol>
      <symbol id="sm-e2">
         <name>startup</name>
         <value>0xe09</value>
         <object_component_ref idref="oc-143"/>
      </symbol>
      <symbol id="sm-e3">
         <name>tempC</name>
         <value>0x1009</value>
         <object_component_ref idref="oc-155"/>
      </symbol>
      <symbol id="sm-e4">
         <name>tempF</name>
         <value>0xf71</value>
         <object_component_ref idref="oc-14f"/>
      </symbol>
      <symbol id="sm-e5">
         <name>Timer1IntHandler</name>
         <value>0x1465</value>
         <object_component_ref idref="oc-3f"/>
      </symbol>
      <symbol id="sm-11b">
         <name>ResetISR</name>
         <value>0x1683</value>
         <object_component_ref idref="oc-27"/>
      </symbol>
      <symbol id="sm-11c">
         <name>g_pfnVectors</name>
         <value>0x0</value>
         <object_component_ref idref="oc-12"/>
      </symbol>
      <symbol id="sm-195">
         <name>UARTgetc</name>
         <value>0x151d</value>
         <object_component_ref idref="oc-1bc"/>
      </symbol>
      <symbol id="sm-196">
         <name>UARTStdioConfig</name>
         <value>0x1239</value>
         <object_component_ref idref="oc-137"/>
      </symbol>
      <symbol id="sm-197">
         <name>UARTwrite</name>
         <value>0x1331</value>
         <object_component_ref idref="oc-2af"/>
      </symbol>
      <symbol id="sm-198">
         <name>UARTprintf</name>
         <value>0x1555</value>
         <object_component_ref idref="oc-149"/>
      </symbol>
      <symbol id="sm-199">
         <name>UARTvprintf</name>
         <value>0x8e5</value>
         <object_component_ref idref="oc-239"/>
      </symbol>
      <symbol id="sm-1a8">
         <name>__aeabi_uidivmod</name>
         <value>0x13bd</value>
         <object_component_ref idref="oc-2b5"/>
      </symbol>
      <symbol id="sm-1a9">
         <name>__aeabi_uidiv</name>
         <value>0x13bd</value>
         <object_component_ref idref="oc-2b5"/>
      </symbol>
      <symbol id="sm-1bd">
         <name>__TI_zero_init_nomemset</name>
         <value>0x1539</value>
         <object_component_ref idref="oc-5f"/>
      </symbol>
      <symbol id="sm-1d4">
         <name>__TI_decompress_none</name>
         <value>0x163f</value>
         <object_component_ref idref="oc-1b"/>
      </symbol>
      <symbol id="sm-1f7">
         <name>__TI_decompress_lzss</name>
         <value>0x1171</value>
         <object_component_ref idref="oc-15"/>
      </symbol>
      <symbol id="sm-20a">
         <name>__stack</name>
         <value>0x20000000</value>
         <object_component_ref idref="oc-24"/>
      </symbol>
      <symbol id="sm-20b">
         <name>_c_int00_noargs</name>
         <value>0x1431</value>
         <object_component_ref idref="oc-71"/>
      </symbol>
      <symbol id="sm-215">
         <name>__aeabi_idiv0</name>
         <value>0x16a3</value>
         <object_component_ref idref="oc-2e8"/>
      </symbol>
      <symbol id="sm-216">
         <name>__aeabi_ldiv0</name>
         <value>0x16a3</value>
         <object_component_ref idref="oc-2e8"/>
      </symbol>
      <symbol id="sm-231">
         <name>memcpy</name>
         <value>0xed5</value>
         <object_component_ref idref="oc-53"/>
      </symbol>
      <symbol id="sm-232">
         <name>__aeabi_memcpy</name>
         <value>0xed5</value>
         <object_component_ref idref="oc-53"/>
      </symbol>
      <symbol id="sm-233">
         <name>__aeabi_memcpy8</name>
         <value>0xed5</value>
         <object_component_ref idref="oc-53"/>
      </symbol>
      <symbol id="sm-234">
         <name>__aeabi_memcpy4</name>
         <value>0xed5</value>
         <object_component_ref idref="oc-53"/>
      </symbol>
      <symbol id="sm-25d">
         <name>__TI_auto_init_nobinit_nopinit</name>
         <value>0x1379</value>
         <object_component_ref idref="oc-1d0"/>
      </symbol>
      <symbol id="sm-267">
         <name>_system_pre_init</name>
         <value>0x1699</value>
         <object_component_ref idref="oc-c3"/>
      </symbol>
      <symbol id="sm-273">
         <name>C$$EXIT</name>
         <value>0x169d</value>
         <object_component_ref idref="oc-1c4"/>
      </symbol>
      <symbol id="sm-274">
         <name>abort</name>
         <value>0x169d</value>
         <object_component_ref idref="oc-1c4"/>
      </symbol>
      <symbol id="sm-2b9">
         <name>ADCProcessorTrigger</name>
         <value>0x156f</value>
         <object_component_ref idref="oc-245"/>
      </symbol>
      <symbol id="sm-2ba">
         <name>ADCSequenceEnable</name>
         <value>0x1615</value>
         <object_component_ref idref="oc-11f"/>
      </symbol>
      <symbol id="sm-2bb">
         <name>ADCSequenceConfigure</name>
         <value>0x1299</value>
         <object_component_ref idref="oc-113"/>
      </symbol>
      <symbol id="sm-2bc">
         <name>ADCSequenceStepConfigure</name>
         <value>0x108d</value>
         <object_component_ref idref="oc-119"/>
      </symbol>
      <symbol id="sm-2bd">
         <name>ADCHardwareOversampleConfigure</name>
         <value>0x1607</value>
         <object_component_ref idref="oc-10d"/>
      </symbol>
      <symbol id="sm-2be">
         <name>ADCSequenceDataGet</name>
         <value>0x14e1</value>
         <object_component_ref idref="oc-24b"/>
      </symbol>
      <symbol id="sm-310">
         <name>GPIOPinTypePWM</name>
         <value>0x159f</value>
         <object_component_ref idref="oc-15b"/>
      </symbol>
      <symbol id="sm-311">
         <name>GPIOPinConfigure</name>
         <value>0x12e9</value>
         <object_component_ref idref="oc-125"/>
      </symbol>
      <symbol id="sm-312">
         <name>GPIOPinTypeUART</name>
         <value>0x15b1</value>
         <object_component_ref idref="oc-12b"/>
      </symbol>
      <symbol id="sm-313">
         <name>GPIOPinTypeGPIOOutput</name>
         <value>0x1587</value>
         <object_component_ref idref="oc-13d"/>
      </symbol>
      <symbol id="sm-314">
         <name>GPIOPinRead</name>
         <value>0x1677</value>
         <object_component_ref idref="oc-8f"/>
      </symbol>
      <symbol id="sm-315">
         <name>GPIODirModeSet</name>
         <value>0x1495</value>
         <object_component_ref idref="oc-21a"/>
      </symbol>
      <symbol id="sm-316">
         <name>GPIOPinWrite</name>
         <value>0x167d</value>
         <object_component_ref idref="oc-95"/>
      </symbol>
      <symbol id="sm-317">
         <name>GPIOPadConfigSet</name>
         <value>0xad3</value>
         <object_component_ref idref="oc-220"/>
      </symbol>
      <symbol id="sm-347">
         <name>IntEnable</name>
         <value>0x1109</value>
         <object_component_ref idref="oc-19e"/>
      </symbol>
      <symbol id="sm-348">
         <name>IntMasterEnable</name>
         <value>0x15e7</value>
         <object_component_ref idref="oc-1aa"/>
      </symbol>
      <symbol id="sm-375">
         <name>PWMGenPeriodSet</name>
         <value>0x15f7</value>
         <object_component_ref idref="oc-16d"/>
      </symbol>
      <symbol id="sm-376">
         <name>PWMPulseWidthSet</name>
         <value>0x14ff</value>
         <object_component_ref idref="oc-173"/>
      </symbol>
      <symbol id="sm-377">
         <name>PWMOutputState</name>
         <value>0x15c3</value>
         <object_component_ref idref="oc-179"/>
      </symbol>
      <symbol id="sm-378">
         <name>PWMGenEnable</name>
         <value>0x1659</value>
         <object_component_ref idref="oc-17f"/>
      </symbol>
      <symbol id="sm-379">
         <name>PWMGenConfigure</name>
         <value>0x14bf</value>
         <object_component_ref idref="oc-167"/>
      </symbol>
      <symbol id="sm-3cb">
         <name>SysCtlClockSet</name>
         <value>0xd15</value>
         <object_component_ref idref="oc-101"/>
      </symbol>
      <symbol id="sm-3cc">
         <name>SysCtlDelay</name>
         <value>0x1689</value>
         <object_component_ref idref="oc-185"/>
      </symbol>
      <symbol id="sm-3cd">
         <name>SysCtlPeripheralEnable</name>
         <value>0x13fd</value>
         <object_component_ref idref="oc-107"/>
      </symbol>
      <symbol id="sm-3ce">
         <name>SysCtlClockGet</name>
         <value>0xc05</value>
         <object_component_ref idref="oc-161"/>
      </symbol>
      <symbol id="sm-40a">
         <name>TimerLoadSet</name>
         <value>0x15d5</value>
         <object_component_ref idref="oc-198"/>
      </symbol>
      <symbol id="sm-40b">
         <name>TimerEnable</name>
         <value>0x1623</value>
         <object_component_ref idref="oc-1b0"/>
      </symbol>
      <symbol id="sm-40c">
         <name>TimerIntDisable</name>
         <value>0x1665</value>
         <object_component_ref idref="oc-1b6"/>
      </symbol>
      <symbol id="sm-40d">
         <name>TimerIntEnable</name>
         <value>0x166f</value>
         <object_component_ref idref="oc-1a4"/>
      </symbol>
      <symbol id="sm-40e">
         <name>TimerConfigure</name>
         <value>0x11d9</value>
         <object_component_ref idref="oc-192"/>
      </symbol>
      <symbol id="sm-40f">
         <name>TimerIntClear</name>
         <value>0x1695</value>
         <object_component_ref idref="oc-89"/>
      </symbol>
      <symbol id="sm-424">
         <name>UARTCharsAvail</name>
         <value>0x1631</value>
         <object_component_ref idref="oc-186"/>
      </symbol>
      <symbol id="sm-425">
         <name>UARTClockSourceSet</name>
         <value>0x168f</value>
         <object_component_ref idref="oc-131"/>
      </symbol>
      <symbol id="sm-42f">
         <name>CPUcpsie</name>
         <value>0x164d</value>
         <object_component_ref idref="oc-26c"/>
      </symbol>
      <symbol id="sm-430">
         <name>__TI_static_base__</name>
         <value>0x0</value>
      </symbol>
      <symbol id="sm-433">
         <name>__mpu_init</name>
         <value>0x0</value>
      </symbol>
      <symbol id="sm-434">
         <name>_system_post_cinit</name>
         <value>0x0</value>
      </symbol>
   </symbol_table>
   <title>Link successful</title>
</link_info>
